=== h128 seed=0 ===
| CID22 | 4292 | 0.8676 | 0.8718 | 0.8895 | 0.7412 |
| B0 below medium (<50) | 324 | 0.4072 | 0.3943 | [0.30, 0.49] | 0.4418 | 0.2041 | 58.21 | 52.65 |
| B1 medium [50,65) | 1010 | 0.4119 | 0.4059 | [0.36, 0.45] | 0.4694 | 0.2803 | 46.50 | 39.52 |
| B2 high [65,90) | 2915 | 0.7359 | 0.7565 | [0.74, 0.77] | 0.7722 | 0.5891 | 31.08 | 19.98 |
| B3 visually-lossless (≥90) | 43 | 0.0035 | 0.1164 | [0.01, 0.44] | 0.1121 | 0.1564 | 24.39 | 8.54 |
| Near-PJND [58,68] | 787 | 0.3551 | 0.3138 | [0.25, 0.37] | 0.3908 | 0.2491 | 42.50 | 34.96 |
| CSIQ | 150 | 0.9690 | 0.9677 | 0.9694 | 0.9562 |
| B0 below medium (<50) | 61 | 0.8270 | 0.8057 | [0.68, 0.89] | 0.8387 | 0.7381 | 63.67 | 50.08 |
| B1 medium [50,65) | 10 | 0.7333 | 0.7697 | [0.17, 1.00] | 0.8788 | 0.7091 | 39.93 | 34.68 |
| B2 high [65,90) | 29 | 0.8458 | 0.8433 | [0.67, 0.94] | 0.8571 | 0.7690 | 24.27 | 18.21 |
| B3 visually-lossless (≥90) | 50 | 0.6224 | 0.6263 | [0.45, 0.74] | 0.6219 | 0.5588 | 17.38 | 2.92 |
| Near-PJND [58,68] | 10 | 0.0545 | 0.0303 | [0.02, 0.73] | 0.1394 | 0.2606 | 35.20 | 30.25 |
=== h128 seed=1 ===
| CID22 | 4292 | 0.8676 | 0.8941 | 0.8895 | 0.7412 |
| B0 below medium (<50) | 324 | 0.4072 | 0.4486 | [0.35, 0.53] | 0.4418 | 0.2041 | 59.94 | 52.65 |
| B1 medium [50,65) | 1010 | 0.4119 | 0.4240 | [0.38, 0.48] | 0.4694 | 0.2803 | 48.03 | 39.52 |
| B2 high [65,90) | 2915 | 0.7359 | 0.7900 | [0.78, 0.80] | 0.7722 | 0.5891 | 32.07 | 19.98 |
| B3 visually-lossless (≥90) | 43 | 0.0035 | 0.0908 | [0.01, 0.42] | 0.1121 | 0.1564 | 24.97 | 8.54 |
| Near-PJND [58,68] | 787 | 0.3551 | 0.3577 | [0.30, 0.42] | 0.3908 | 0.2491 | 43.95 | 34.96 |
| CSIQ | 150 | 0.9690 | 0.9635 | 0.9694 | 0.9562 |
| B0 below medium (<50) | 61 | 0.8270 | 0.7662 | [0.64, 0.86] | 0.8387 | 0.7381 | 63.97 | 50.08 |
| B1 medium [50,65) | 10 | 0.7333 | 0.7697 | [0.17, 1.00] | 0.8788 | 0.7091 | 41.85 | 34.68 |
| B2 high [65,90) | 29 | 0.8458 | 0.8182 | [0.59, 0.92] | 0.8571 | 0.7690 | 26.71 | 18.21 |
| B3 visually-lossless (≥90) | 50 | 0.6224 | 0.6218 | [0.46, 0.72] | 0.6219 | 0.5588 | 18.21 | 2.92 |
| Near-PJND [58,68] | 10 | 0.0545 | 0.1152 | [0.01, 0.84] | 0.1394 | 0.2606 | 37.64 | 30.25 |
=== h128 seed=2 ===
| CID22 | 4292 | 0.8676 | 0.8830 | 0.8895 | 0.7412 |
| B0 below medium (<50) | 324 | 0.4072 | 0.4285 | [0.33, 0.51] | 0.4418 | 0.2041 | 58.78 | 52.65 |
| B1 medium [50,65) | 1010 | 0.4119 | 0.3863 | [0.34, 0.43] | 0.4694 | 0.2803 | 46.40 | 39.52 |
| B2 high [65,90) | 2915 | 0.7359 | 0.7741 | [0.76, 0.79] | 0.7722 | 0.5891 | 29.67 | 19.98 |
| B3 visually-lossless (≥90) | 43 | 0.0035 | 0.0992 | [0.01, 0.46] | 0.1121 | 0.1564 | 22.09 | 8.54 |
| Near-PJND [58,68] | 787 | 0.3551 | 0.3045 | [0.24, 0.36] | 0.3908 | 0.2491 | 42.16 | 34.96 |
| CSIQ | 150 | 0.9690 | 0.9620 | 0.9694 | 0.9562 |
| B0 below medium (<50) | 61 | 0.8270 | 0.7559 | [0.61, 0.86] | 0.8387 | 0.7381 | 63.81 | 50.08 |
| B1 medium [50,65) | 10 | 0.7333 | 0.7818 | [0.23, 0.99] | 0.8788 | 0.7091 | 41.14 | 34.68 |
| B2 high [65,90) | 29 | 0.8458 | 0.8207 | [0.59, 0.94] | 0.8571 | 0.7690 | 24.99 | 18.21 |
| B3 visually-lossless (≥90) | 50 | 0.6224 | 0.6151 | [0.45, 0.72] | 0.6219 | 0.5588 | 15.19 | 2.92 |
| Near-PJND [58,68] | 10 | 0.0545 | 0.2727 | [0.01, 0.96] | 0.1394 | 0.2606 | 36.51 | 30.25 |
=== h128 seed=3 ===
| CID22 | 4292 | 0.8676 | 0.8740 | 0.8895 | 0.7412 |
| B0 below medium (<50) | 324 | 0.4072 | 0.3989 | [0.30, 0.49] | 0.4418 | 0.2041 | 58.70 | 52.65 |
| B1 medium [50,65) | 1010 | 0.4119 | 0.4207 | [0.37, 0.47] | 0.4694 | 0.2803 | 46.68 | 39.52 |
| B2 high [65,90) | 2915 | 0.7359 | 0.7562 | [0.74, 0.77] | 0.7722 | 0.5891 | 30.43 | 19.98 |
| B3 visually-lossless (≥90) | 43 | 0.0035 | 0.1370 | [0.01, 0.46] | 0.1121 | 0.1564 | 23.00 | 8.54 |
| Near-PJND [58,68] | 787 | 0.3551 | 0.3166 | [0.25, 0.37] | 0.3908 | 0.2491 | 42.61 | 34.96 |
| CSIQ | 150 | 0.9690 | 0.9657 | 0.9694 | 0.9562 |
| B0 below medium (<50) | 61 | 0.8270 | 0.7881 | [0.65, 0.88] | 0.8387 | 0.7381 | 65.06 | 50.08 |
| B1 medium [50,65) | 10 | 0.7333 | 0.8909 | [0.57, 1.00] | 0.8788 | 0.7091 | 40.79 | 34.68 |
| B2 high [65,90) | 29 | 0.8458 | 0.8507 | [0.68, 0.94] | 0.8571 | 0.7690 | 24.75 | 18.21 |
| B3 visually-lossless (≥90) | 50 | 0.6224 | 0.6242 | [0.46, 0.73] | 0.6219 | 0.5588 | 16.07 | 2.92 |
| Near-PJND [58,68] | 10 | 0.0545 | 0.1636 | [0.01, 0.81] | 0.1394 | 0.2606 | 36.00 | 30.25 |
=== h128 seed=4 ===
| CID22 | 4292 | 0.8676 | 0.8862 | 0.8895 | 0.7412 |
| B0 below medium (<50) | 324 | 0.4072 | 0.4381 | [0.34, 0.54] | 0.4418 | 0.2041 | 59.28 | 52.65 |
| B1 medium [50,65) | 1010 | 0.4119 | 0.4112 | [0.37, 0.46] | 0.4694 | 0.2803 | 47.51 | 39.52 |
| B2 high [65,90) | 2915 | 0.7359 | 0.7829 | [0.77, 0.79] | 0.7722 | 0.5891 | 31.55 | 19.98 |
| B3 visually-lossless (≥90) | 43 | 0.0035 | 0.1308 | [0.01, 0.44] | 0.1121 | 0.1564 | 23.94 | 8.54 |
| Near-PJND [58,68] | 787 | 0.3551 | 0.3510 | [0.30, 0.41] | 0.3908 | 0.2491 | 43.50 | 34.96 |
| CSIQ | 150 | 0.9690 | 0.9611 | 0.9694 | 0.9562 |
| B0 below medium (<50) | 61 | 0.8270 | 0.7353 | [0.58, 0.82] | 0.8387 | 0.7381 | 63.13 | 50.08 |
| B1 medium [50,65) | 10 | 0.7333 | 0.6848 | [0.08, 0.96] | 0.8788 | 0.7091 | 40.68 | 34.68 |
| B2 high [65,90) | 29 | 0.8458 | 0.8138 | [0.60, 0.93] | 0.8571 | 0.7690 | 25.38 | 18.21 |
| B3 visually-lossless (≥90) | 50 | 0.6224 | 0.6208 | [0.45, 0.72] | 0.6219 | 0.5588 | 17.29 | 2.92 |
| Near-PJND [58,68] | 10 | 0.0545 | 0.0667 | [0.02, 0.81] | 0.1394 | 0.2606 | 36.32 | 30.25 |
=== h128 seed=5 ===
| CID22 | 4292 | 0.8676 | 0.8737 | 0.8895 | 0.7412 |
| B0 below medium (<50) | 324 | 0.4072 | 0.4129 | [0.31, 0.50] | 0.4418 | 0.2041 | 58.70 | 52.65 |
| B1 medium [50,65) | 1010 | 0.4119 | 0.3981 | [0.35, 0.45] | 0.4694 | 0.2803 | 46.92 | 39.52 |
| B2 high [65,90) | 2915 | 0.7359 | 0.7550 | [0.74, 0.77] | 0.7722 | 0.5891 | 30.76 | 19.98 |
| B3 visually-lossless (≥90) | 43 | 0.0035 | 0.0772 | [0.01, 0.40] | 0.1121 | 0.1564 | 23.17 | 8.54 |
| Near-PJND [58,68] | 787 | 0.3551 | 0.3271 | [0.25, 0.39] | 0.3908 | 0.2491 | 42.89 | 34.96 |
| CSIQ | 150 | 0.9690 | 0.9624 | 0.9694 | 0.9562 |
| B0 below medium (<50) | 61 | 0.8270 | 0.7427 | [0.61, 0.85] | 0.8387 | 0.7381 | 62.67 | 50.08 |
| B1 medium [50,65) | 10 | 0.7333 | 0.7697 | [0.12, 1.00] | 0.8788 | 0.7091 | 39.58 | 34.68 |
| B2 high [65,90) | 29 | 0.8458 | 0.8212 | [0.61, 0.94] | 0.8571 | 0.7690 | 24.90 | 18.21 |
| B3 visually-lossless (≥90) | 50 | 0.6224 | 0.6375 | [0.47, 0.74] | 0.6219 | 0.5588 | 16.38 | 2.92 |
| Near-PJND [58,68] | 10 | 0.0545 | 0.0545 | [0.02, 0.74] | 0.1394 | 0.2606 | 35.37 | 30.25 |
=== h128 seed=6 ===
| CID22 | 4292 | 0.8676 | 0.8849 | 0.8895 | 0.7412 |
| B0 below medium (<50) | 324 | 0.4072 | 0.3703 | [0.27, 0.46] | 0.4418 | 0.2041 | 58.72 | 52.65 |
| B1 medium [50,65) | 1010 | 0.4119 | 0.4224 | [0.37, 0.47] | 0.4694 | 0.2803 | 47.09 | 39.52 |
| B2 high [65,90) | 2915 | 0.7359 | 0.7802 | [0.76, 0.79] | 0.7722 | 0.5891 | 31.08 | 19.98 |
| B3 visually-lossless (≥90) | 43 | 0.0035 | 0.0976 | [0.00, 0.42] | 0.1121 | 0.1564 | 23.56 | 8.54 |
| Near-PJND [58,68] | 787 | 0.3551 | 0.3251 | [0.26, 0.38] | 0.3908 | 0.2491 | 43.12 | 34.96 |
| CSIQ | 150 | 0.9690 | 0.9653 | 0.9694 | 0.9562 |
| B0 below medium (<50) | 61 | 0.8270 | 0.7722 | [0.62, 0.88] | 0.8387 | 0.7381 | 63.77 | 50.08 |
| B1 medium [50,65) | 10 | 0.7333 | 0.7697 | [0.27, 0.95] | 0.8788 | 0.7091 | 40.20 | 34.68 |
| B2 high [65,90) | 29 | 0.8458 | 0.8365 | [0.65, 0.94] | 0.8571 | 0.7690 | 24.62 | 18.21 |
| B3 visually-lossless (≥90) | 50 | 0.6224 | 0.6356 | [0.47, 0.74] | 0.6219 | 0.5588 | 16.20 | 2.92 |
| Near-PJND [58,68] | 10 | 0.0545 | 0.0182 | [0.01, 0.74] | 0.1394 | 0.2606 | 35.53 | 30.25 |
=== h128 seed=7 ===
| CID22 | 4292 | 0.8676 | 0.8814 | 0.8895 | 0.7412 |
| B0 below medium (<50) | 324 | 0.4072 | 0.4098 | [0.32, 0.51] | 0.4418 | 0.2041 | 58.37 | 52.65 |
| B1 medium [50,65) | 1010 | 0.4119 | 0.4103 | [0.36, 0.46] | 0.4694 | 0.2803 | 46.57 | 39.52 |
| B2 high [65,90) | 2915 | 0.7359 | 0.7757 | [0.76, 0.79] | 0.7722 | 0.5891 | 31.26 | 19.98 |
| B3 visually-lossless (≥90) | 43 | 0.0035 | 0.1447 | [0.01, 0.46] | 0.1121 | 0.1564 | 24.92 | 8.54 |
| Near-PJND [58,68] | 787 | 0.3551 | 0.3317 | [0.27, 0.39] | 0.3908 | 0.2491 | 42.55 | 34.96 |
| CSIQ | 150 | 0.9690 | 0.9641 | 0.9694 | 0.9562 |
| B0 below medium (<50) | 61 | 0.8270 | 0.7634 | [0.61, 0.87] | 0.8387 | 0.7381 | 63.19 | 50.08 |
| B1 medium [50,65) | 10 | 0.7333 | 0.6848 | [0.08, 0.96] | 0.8788 | 0.7091 | 40.65 | 34.68 |
| B2 high [65,90) | 29 | 0.8458 | 0.8365 | [0.62, 0.93] | 0.8571 | 0.7690 | 25.01 | 18.21 |
| B3 visually-lossless (≥90) | 50 | 0.6224 | 0.6419 | [0.47, 0.75] | 0.6219 | 0.5588 | 17.89 | 2.92 |
| Near-PJND [58,68] | 10 | 0.0545 | 0.1030 | [0.01, 0.83] | 0.1394 | 0.2606 | 36.14 | 30.25 |
=== h128 seed=8 ===
| CID22 | 4292 | 0.8676 | 0.8731 | 0.8895 | 0.7412 |
| B0 below medium (<50) | 324 | 0.4072 | 0.4190 | [0.32, 0.50] | 0.4418 | 0.2041 | 59.02 | 52.65 |
| B1 medium [50,65) | 1010 | 0.4119 | 0.3941 | [0.34, 0.45] | 0.4694 | 0.2803 | 47.06 | 39.52 |
| B2 high [65,90) | 2915 | 0.7359 | 0.7707 | [0.75, 0.78] | 0.7722 | 0.5891 | 30.63 | 19.98 |
| B3 visually-lossless (≥90) | 43 | 0.0035 | 0.1756 | [0.01, 0.48] | 0.1121 | 0.1564 | 22.47 | 8.54 |
| Near-PJND [58,68] | 787 | 0.3551 | 0.3199 | [0.26, 0.37] | 0.3908 | 0.2491 | 42.95 | 34.96 |
| CSIQ | 150 | 0.9690 | 0.9647 | 0.9694 | 0.9562 |
| B0 below medium (<50) | 61 | 0.8270 | 0.8010 | [0.68, 0.89] | 0.8387 | 0.7381 | 64.02 | 50.08 |
| B1 medium [50,65) | 10 | 0.7333 | 0.7091 | [0.12, 0.99] | 0.8788 | 0.7091 | 41.30 | 34.68 |
| B2 high [65,90) | 29 | 0.8458 | 0.8064 | [0.58, 0.92] | 0.8571 | 0.7690 | 25.39 | 18.21 |
| B3 visually-lossless (≥90) | 50 | 0.6224 | 0.6212 | [0.43, 0.73] | 0.6219 | 0.5588 | 15.88 | 2.92 |
| Near-PJND [58,68] | 10 | 0.0545 | 0.0667 | [0.02, 0.76] | 0.1394 | 0.2606 | 36.86 | 30.25 |
=== h128 seed=9 ===
| CID22 | 4292 | 0.8676 | 0.8833 | 0.8895 | 0.7412 |
| B0 below medium (<50) | 324 | 0.4072 | 0.4224 | [0.32, 0.52] | 0.4418 | 0.2041 | 58.01 | 52.65 |
| B1 medium [50,65) | 1010 | 0.4119 | 0.4262 | [0.38, 0.47] | 0.4694 | 0.2803 | 46.22 | 39.52 |
| B2 high [65,90) | 2915 | 0.7359 | 0.7664 | [0.75, 0.78] | 0.7722 | 0.5891 | 30.91 | 19.98 |
| B3 visually-lossless (≥90) | 43 | 0.0035 | 0.0989 | [0.01, 0.43] | 0.1121 | 0.1564 | 23.68 | 8.54 |
| Near-PJND [58,68] | 787 | 0.3551 | 0.3385 | [0.28, 0.40] | 0.3908 | 0.2491 | 42.30 | 34.96 |
| CSIQ | 150 | 0.9690 | 0.9633 | 0.9694 | 0.9562 |
| B0 below medium (<50) | 61 | 0.8270 | 0.7639 | [0.59, 0.86] | 0.8387 | 0.7381 | 62.91 | 50.08 |
| B1 medium [50,65) | 10 | 0.7333 | 0.6848 | [0.13, 1.00] | 0.8788 | 0.7091 | 39.95 | 34.68 |
| B2 high [65,90) | 29 | 0.8458 | 0.8217 | [0.62, 0.92] | 0.8571 | 0.7690 | 24.56 | 18.21 |
| B3 visually-lossless (≥90) | 50 | 0.6224 | 0.6043 | [0.44, 0.72] | 0.6219 | 0.5588 | 16.51 | 2.92 |
| Near-PJND [58,68] | 10 | 0.0545 | 0.0061 | [0.01, 0.76] | 0.1394 | 0.2606 | 35.41 | 30.25 |
=== h128 seed=42 ===
| CID22 | 4292 | 0.8676 | 0.8752 | 0.8895 | 0.7412 |
| B0 below medium (<50) | 324 | 0.4072 | 0.4138 | [0.33, 0.51] | 0.4418 | 0.2041 | 58.59 | 52.65 |
| B1 medium [50,65) | 1010 | 0.4119 | 0.4127 | [0.36, 0.46] | 0.4694 | 0.2803 | 46.77 | 39.52 |
| B2 high [65,90) | 2915 | 0.7359 | 0.7546 | [0.74, 0.77] | 0.7722 | 0.5891 | 30.37 | 19.98 |
| B3 visually-lossless (≥90) | 43 | 0.0035 | 0.1314 | [0.01, 0.45] | 0.1121 | 0.1564 | 22.46 | 8.54 |
| Near-PJND [58,68] | 787 | 0.3551 | 0.3350 | [0.27, 0.39] | 0.3908 | 0.2491 | 42.72 | 34.96 |
| CSIQ | 150 | 0.9690 | 0.9608 | 0.9694 | 0.9562 |
| B0 below medium (<50) | 61 | 0.8270 | 0.7156 | [0.54, 0.84] | 0.8387 | 0.7381 | 64.18 | 50.08 |
| B1 medium [50,65) | 10 | 0.7333 | 0.7455 | [0.23, 1.00] | 0.8788 | 0.7091 | 41.14 | 34.68 |
| B2 high [65,90) | 29 | 0.8458 | 0.8167 | [0.60, 0.92] | 0.8571 | 0.7690 | 25.23 | 18.21 |
| B3 visually-lossless (≥90) | 50 | 0.6224 | 0.6139 | [0.43, 0.72] | 0.6219 | 0.5588 | 16.03 | 2.92 |
| Near-PJND [58,68] | 10 | 0.0545 | 0.0545 | [0.01, 0.81] | 0.1394 | 0.2606 | 36.50 | 30.25 |
