=== h128 seed=0 ===
| CID22 | 4292 | 0.8676 | 0.8718 | 0.8895 | 0.7412 |
| B0 below medium (<50) | 324 | 0.4072 | 0.3943 | [0.30, 0.49] | 0.4418 | 0.2041 | 58.21 | 52.65 |
| B1 medium [50,65) | 1010 | 0.4119 | 0.4059 | [0.36, 0.45] | 0.4694 | 0.2803 | 46.50 | 39.52 |
| B2 high [65,90) | 2915 | 0.7359 | 0.7565 | [0.74, 0.77] | 0.7722 | 0.5891 | 31.08 | 19.98 |
| B3 visually-lossless (≥90) | 43 | 0.0035 | 0.1164 | [0.01, 0.44] | 0.1121 | 0.1564 | 24.39 | 8.54 |
| Near-PJND [58,68] | 787 | 0.3551 | 0.3138 | [0.25, 0.37] | 0.3908 | 0.2491 | 42.50 | 34.96 |
| CSIQ | 150 | 0.9690 | 0.9677 | 0.9694 | 0.9562 |
| B0 below medium (<50) | 61 | 0.8270 | 0.8057 | [0.68, 0.89] | 0.8387 | 0.7381 | 63.67 | 50.08 |
| B1 medium [50,65) | 10 | 0.7333 | 0.7697 | [0.17, 1.00] | 0.8788 | 0.7091 | 39.93 | 34.68 |
| B2 high [65,90) | 29 | 0.8458 | 0.8433 | [0.67, 0.94] | 0.8571 | 0.7690 | 24.27 | 18.21 |
| B3 visually-lossless (≥90) | 50 | 0.6224 | 0.6263 | [0.45, 0.74] | 0.6219 | 0.5588 | 17.38 | 2.92 |
| Near-PJND [58,68] | 10 | 0.0545 | 0.0303 | [0.02, 0.73] | 0.1394 | 0.2606 | 35.20 | 30.25 |
=== h128 seed=1 ===
| CID22 | 4292 | 0.8676 | 0.8941 | 0.8895 | 0.7412 |
| B0 below medium (<50) | 324 | 0.4072 | 0.4486 | [0.35, 0.53] | 0.4418 | 0.2041 | 59.94 | 52.65 |
| B1 medium [50,65) | 1010 | 0.4119 | 0.4240 | [0.38, 0.48] | 0.4694 | 0.2803 | 48.03 | 39.52 |
| B2 high [65,90) | 2915 | 0.7359 | 0.7900 | [0.78, 0.80] | 0.7722 | 0.5891 | 32.07 | 19.98 |
| B3 visually-lossless (≥90) | 43 | 0.0035 | 0.0908 | [0.01, 0.42] | 0.1121 | 0.1564 | 24.97 | 8.54 |
| Near-PJND [58,68] | 787 | 0.3551 | 0.3577 | [0.30, 0.42] | 0.3908 | 0.2491 | 43.95 | 34.96 |
| CSIQ | 150 | 0.9690 | 0.9635 | 0.9694 | 0.9562 |
| B0 below medium (<50) | 61 | 0.8270 | 0.7662 | [0.64, 0.86] | 0.8387 | 0.7381 | 63.97 | 50.08 |
| B1 medium [50,65) | 10 | 0.7333 | 0.7697 | [0.17, 1.00] | 0.8788 | 0.7091 | 41.85 | 34.68 |
| B2 high [65,90) | 29 | 0.8458 | 0.8182 | [0.59, 0.92] | 0.8571 | 0.7690 | 26.71 | 18.21 |
| B3 visually-lossless (≥90) | 50 | 0.6224 | 0.6218 | [0.46, 0.72] | 0.6219 | 0.5588 | 18.21 | 2.92 |
| Near-PJND [58,68] | 10 | 0.0545 | 0.1152 | [0.01, 0.84] | 0.1394 | 0.2606 | 37.64 | 30.25 |
=== h128 seed=3 ===
| CID22 | 4292 | 0.8676 | 0.8740 | 0.8895 | 0.7412 |
| B0 below medium (<50) | 324 | 0.4072 | 0.3989 | [0.30, 0.49] | 0.4418 | 0.2041 | 58.70 | 52.65 |
| B1 medium [50,65) | 1010 | 0.4119 | 0.4207 | [0.37, 0.47] | 0.4694 | 0.2803 | 46.68 | 39.52 |
| B2 high [65,90) | 2915 | 0.7359 | 0.7562 | [0.74, 0.77] | 0.7722 | 0.5891 | 30.43 | 19.98 |
| B3 visually-lossless (≥90) | 43 | 0.0035 | 0.1370 | [0.01, 0.46] | 0.1121 | 0.1564 | 23.00 | 8.54 |
| Near-PJND [58,68] | 787 | 0.3551 | 0.3166 | [0.25, 0.37] | 0.3908 | 0.2491 | 42.61 | 34.96 |
| CSIQ | 150 | 0.9690 | 0.9657 | 0.9694 | 0.9562 |
| B0 below medium (<50) | 61 | 0.8270 | 0.7881 | [0.65, 0.88] | 0.8387 | 0.7381 | 65.06 | 50.08 |
| B1 medium [50,65) | 10 | 0.7333 | 0.8909 | [0.57, 1.00] | 0.8788 | 0.7091 | 40.79 | 34.68 |
| B2 high [65,90) | 29 | 0.8458 | 0.8507 | [0.68, 0.94] | 0.8571 | 0.7690 | 24.75 | 18.21 |
| B3 visually-lossless (≥90) | 50 | 0.6224 | 0.6242 | [0.46, 0.73] | 0.6219 | 0.5588 | 16.07 | 2.92 |
| Near-PJND [58,68] | 10 | 0.0545 | 0.1636 | [0.01, 0.81] | 0.1394 | 0.2606 | 36.00 | 30.25 |
