MLP train: arch=[228 → 64 (LeakyReLU α=0.01) → 1], val_policy=Min
      train group 0: 'safesyn' n=218089 train_w=1.000 val_w=0.000
  train+val group 1: 'kadid' n=10125 train_w=0.300 val_w=1.000
  train+val group 2: 'tid' n=3000 train_w=0.300 val_w=1.000
  train+val group 3: 'konjnd' n=76104 train_w=0.500 val_w=1.000
  epoch   0 | lr=0.00100 | loss=0.1943 | val_mean=0.9129 (best=-inf) | safesyn=0.9894 kadid=0.9185 tid=0.9129 konjnd=0.9915 | t=3.3s
  epoch  10 | lr=0.00090 | loss=0.1547 | val_mean=0.9302 (best=0.9129) | safesyn=0.9946 kadid=0.9302 tid=0.9363 konjnd=0.9963 | t=31.2s
  epoch  20 | lr=0.00065 | loss=0.1427 | val_mean=0.9285 (best=0.9302) | safesyn=0.9960 kadid=0.9293 tid=0.9285 konjnd=0.9976 | t=59.7s
  epoch  30 | lr=0.00035 | loss=0.1343 | val_mean=0.9392 (best=0.9302) | safesyn=0.9966 kadid=0.9392 tid=0.9440 konjnd=0.9977 | t=88.1s
  epoch  40 | lr=0.00010 | loss=0.1287 | val_mean=0.9423 (best=0.9392) | safesyn=0.9966 kadid=0.9423 tid=0.9520 konjnd=0.9978 | t=115.9s
  epoch  50 | lr=0.00100 | loss=0.1469 | val_mean=0.9134 (best=0.9423) | safesyn=0.9951 kadid=0.9134 tid=0.9332 konjnd=0.9967 | t=143.9s
  epoch  60 | lr=0.00090 | loss=0.1429 | val_mean=0.9287 (best=0.9423) | safesyn=0.9931 kadid=0.9287 tid=0.9337 konjnd=0.9962 | t=172.0s
  epoch  70 | lr=0.00065 | loss=0.1417 | val_mean=0.9313 (best=0.9423) | safesyn=0.9953 kadid=0.9313 tid=0.9466 konjnd=0.9974 | t=200.1s
  epoch  80 | lr=0.00035 | loss=0.1336 | val_mean=0.9391 (best=0.9423) | safesyn=0.9942 kadid=0.9391 tid=0.9485 konjnd=0.9964 | t=229.0s
  epoch  90 | lr=0.00010 | loss=0.1266 | val_mean=0.9451 (best=0.9423) | safesyn=0.9967 kadid=0.9451 tid=0.9529 konjnd=0.9978 | t=257.6s
  epoch 100 | lr=0.00100 | loss=0.1409 | val_mean=0.9254 (best=0.9451) | safesyn=0.9945 kadid=0.9254 tid=0.9306 konjnd=0.9966 | t=285.7s
  epoch 110 | lr=0.00090 | loss=0.1495 | val_mean=0.9300 (best=0.9451) | safesyn=0.9956 kadid=0.9300 tid=0.9421 konjnd=0.9974 | t=314.0s
  epoch 120 | lr=0.00065 | loss=0.1397 | val_mean=0.9379 (best=0.9451) | safesyn=0.9964 kadid=0.9379 tid=0.9387 konjnd=0.9977 | t=341.9s
  epoch 130 | lr=0.00035 | loss=0.1327 | val_mean=0.9381 (best=0.9451) | safesyn=0.9960 kadid=0.9381 tid=0.9509 konjnd=0.9972 | t=370.5s
  epoch 140 | lr=0.00010 | loss=0.1273 | val_mean=0.9443 (best=0.9451) | safesyn=0.9966 kadid=0.9443 tid=0.9535 konjnd=0.9975 | t=399.0s
  early stop at epoch 140 (no validation improvement for 50 epochs)
MLP train: best validation mean SROCC = 0.9451
