=== (a) threaded per-compare wall, 2304 (whole loop, same shape as the ceiling test) ===
refinto_fold T=1: 180.00 ms/compare
refinto_fold T=8: 55.25 ms/compare
refinto_fold T=16: 50.50 ms/compare
refinto_buffered T=1: 171.25 ms/compare
refinto_buffered T=8: 35.00 ms/compare
refinto_buffered T=16: 25.25 ms/compare
score_fold T=1: 205.25 ms/compare
score_fold T=8: 59.50 ms/compare
score_fold T=16: 53.00 ms/compare
score_buffered T=1: 206.00 ms/compare
score_buffered T=8: 40.25 ms/compare
score_buffered T=16: 30.25 ms/compare

=== (a2) walk-only breakdown, refinto vs score (the allocation delta) ===
refinto_fold T=16: 44.150 ms/walk accounted 44.137 ms/walk = 100.0 % of walk; unaccounted 0.012 ms/walk 
score_fold T=16: 43.094 ms/walk accounted 43.083 ms/walk = 100.0 % of walk; unaccounted 0.011 ms/walk 

=== (b) N-process throughput ceiling, 2304 ===
refinto_fold n=1: 5.42 walks/s   -> best-possible latency 184.4 ms/walk
refinto_fold n=4: 16.09 walks/s   -> best-possible latency 62.1 ms/walk
refinto_fold n=8: 19.19 walks/s   -> best-possible latency 52.1 ms/walk
refinto_fold n=16: 18.32 walks/s   -> best-possible latency 54.6 ms/walk
refinto_buffered n=1: 5.78 walks/s   -> best-possible latency 173.0 ms/walk
refinto_buffered n=4: 21.39 walks/s   -> best-possible latency 46.7 ms/walk
refinto_buffered n=8: 38.76 walks/s   -> best-possible latency 25.8 ms/walk
refinto_buffered n=16: 62.95 walks/s   -> best-possible latency 15.9 ms/walk

=== (c) peak RSS, /usr/bin/time -v ===
arm                size   threads    peakRSS_MB     wall_s
score_buffered     1152   1                47.6    0:00.97
score_buffered     1152   16               60.8    0:00.19
score_fold         1152   1                60.2    0:01.00
score_fold         1152   16               80.8    0:00.27
score_buffered     2304   1               159.6    0:04.13
score_buffered     2304   16              195.4    0:00.67
score_fold         2304   1               127.6    0:04.12
score_fold         2304   16              171.1    0:01.10
POSTBENCH COMPLETE
