# Baseline-metric SROCC vs human MOS

Max 500 pairs per dataset.

| Dataset | n | V0_2 | V0_4 (bake) | fast-ssim2 | butteraugli |
|---------|--:|:----:|:-----------:|:----------:|:-----------:|
=== KADIK10k (n=500) ===
  50/500 (119.5/s, ETA 4s)
  100/500 (78.5/s, ETA 5s)
  150/500 (76.5/s, ETA 5s)
  200/500 (74.5/s, ETA 4s)
  250/500 (72.5/s, ETA 3s)
  300/500 (73.4/s, ETA 3s)
  350/500 (72.9/s, ETA 2s)
  400/500 (74.0/s, ETA 1s)
  450/500 (73.1/s, ETA 1s)
  500/500 (73.1/s, ETA 0s)
| KADIK10k | 500 | 0.8166 | 0.6240 | 0.8111 | 0.5611 |
  done 500/500 valid in 7.2s
=== TID2013 (n=500) ===
  50/500 (60.3/s, ETA 7s)
  100/500 (62.1/s, ETA 6s)
  150/500 (63.6/s, ETA 6s)
  200/500 (64.6/s, ETA 5s)
  250/500 (66.2/s, ETA 4s)
  300/500 (66.8/s, ETA 3s)
  350/500 (67.4/s, ETA 2s)
  400/500 (68.3/s, ETA 1s)
  450/500 (68.1/s, ETA 1s)
  500/500 (67.6/s, ETA 0s)
| TID2013 | 500 | 0.8726 | 0.7337 | 0.8682 | 0.7059 |
  done 500/500 valid in 8.0s
=== CID22 (n=500) ===
  50/500 (69.8/s, ETA 6s)
  100/500 (62.4/s, ETA 6s)
  150/500 (57.2/s, ETA 6s)
  200/500 (53.0/s, ETA 6s)
  250/500 (51.7/s, ETA 5s)
  300/500 (51.4/s, ETA 4s)
  350/500 (51.6/s, ETA 3s)
  400/500 (50.3/s, ETA 2s)
  450/500 (50.7/s, ETA 1s)
  500/500 (52.0/s, ETA 0s)
| CID22 | 500 | 0.9364 | 0.9350 | 0.9540 | 0.7785 |
  done 500/500 valid in 10.3s
