# Baseline-metric SROCC vs human MOS

Max 999999 pairs per dataset.

| Dataset | n | V0_2 | V0_4 (bake) | fast-ssim2 | butteraugli |
|---------|--:|:----:|:-----------:|:----------:|:-----------:|
=== CID22 (n=4292) ===
  429/4292 (55.2/s, ETA 70s)
  858/4292 (53.5/s, ETA 64s)
  1287/4292 (53.2/s, ETA 56s)
  1716/4292 (53.3/s, ETA 48s)
  2145/4292 (53.2/s, ETA 40s)
  2574/4292 (53.3/s, ETA 32s)
  3003/4292 (53.1/s, ETA 24s)
  3432/4292 (53.0/s, ETA 16s)
  3861/4292 (53.0/s, ETA 8s)
  4290/4292 (53.1/s, ETA 0s)
| CID22 | 4292 | 0.8676 | 0.8905 | 0.8895 | 0.7412 |
  done 4292/4292 valid in 81.4s

### CID22 per-band SROCC (vs MCOS)

| Band | n | V0_2 | V0_4 (bake) | fast-ssim2 | butter | V0_4 MAE | V0_2 MAE |
|---|--:|:--:|:--:|:--:|:--:|--:|--:|
| B0 below medium (<50) | 324 | 0.4072 | 0.4310 | 0.4418 | 0.2041 | 59.35 | 52.65 |
| B1 medium [50,65) | 1010 | 0.4119 | 0.4457 | 0.4694 | 0.2803 | 47.56 | 39.52 |
| B2 high [65,90) | 2915 | 0.7359 | 0.7768 | 0.7722 | 0.5891 | 31.94 | 19.98 |
| B3 visually-lossless (≥90) | 43 | 0.0035 | 0.0923 | 0.1121 | 0.1564 | 24.54 | 8.54 |
| Near-PJND [58,68] | 787 | 0.3551 | 0.3673 | 0.3908 | 0.2491 | 43.62 | 34.96 |

