# Baseline-metric SROCC vs human MOS

Max 100000 pairs per dataset.

| Dataset | n | V0_2 | V0_4 (bake) | fast-ssim2 | butteraugli |
|---------|--:|:----:|:-----------:|:----------:|:-----------:|
=== KADIK10k (n=10125) ===
  1012/10125 (62.2/s, ETA 147s)
  2024/10125 (64.5/s, ETA 126s)
  3036/10125 (65.6/s, ETA 108s)
  4048/10125 (65.6/s, ETA 93s)
  5060/10125 (66.0/s, ETA 77s)
  6072/10125 (65.7/s, ETA 62s)
  7084/10125 (65.9/s, ETA 46s)
  8096/10125 (66.2/s, ETA 31s)
  9108/10125 (66.4/s, ETA 15s)
  10120/10125 (66.7/s, ETA 0s)
| KADIK10k | 10125 | 0.8192 | 0.3697 | 0.8133 | 0.6062 |
  done 10125/10125 valid in 152.3s
=== TID2013 (n=3000) ===
  300/3000 (69.3/s, ETA 39s)
  600/3000 (68.8/s, ETA 35s)
  900/3000 (68.8/s, ETA 31s)
  1200/3000 (68.8/s, ETA 26s)
  1500/3000 (67.6/s, ETA 22s)
  1800/3000 (67.8/s, ETA 18s)
  2100/3000 (67.9/s, ETA 13s)
  2400/3000 (67.8/s, ETA 9s)
  2700/3000 (68.0/s, ETA 4s)
  3000/3000 (68.2/s, ETA 0s)
| TID2013 | 3000 | 0.8427 | 0.6298 | 0.8460 | 0.6696 |
  done 3000/3000 valid in 44.5s
=== CID22 (n=4292) ===
  429/4292 (52.4/s, ETA 74s)
  858/4292 (49.8/s, ETA 69s)
  1287/4292 (49.2/s, ETA 61s)
  1716/4292 (49.5/s, ETA 52s)
  2145/4292 (49.5/s, ETA 43s)
  2574/4292 (49.8/s, ETA 35s)
  3003/4292 (49.8/s, ETA 26s)
  3432/4292 (49.8/s, ETA 17s)
  3861/4292 (50.0/s, ETA 9s)
  4290/4292 (50.2/s, ETA 0s)
| CID22 | 4292 | 0.8676 | 0.8609 | 0.8895 | 0.7412 |
  done 4292/4292 valid in 86.1s
