########## cid22 (root A, regime 372) ##########
[cid22] n=4292 series=['T_a_lam2e-3', 'T_b_lam2e-3', 'T_b_lam1e-3'] (human column identical across all)

point estimates (|SROCC|, cid22):
  T_a_lam2e-3 0.863380
  T_b_lam2e-3 0.866162
  T_b_lam1e-3 0.869510

paired bootstrap B=2000 seed=20260806 (same index sets on both sides):
comparison                     median d       2.5%      97.5%   P(d>0)
T_b_lam2e-3 - T_a_lam2e-3      +0.00281   +0.00009   +0.00530    0.980
T_b_lam1e-3 - T_a_lam2e-3      +0.00619   +0.00382   +0.00841    1.000
########## konjnd (root A, regime 372) ##########
[konjnd] n=1008 series=['T_a_lam2e-3', 'T_b_lam2e-3', 'T_b_lam1e-3'] (human column identical across all)

point estimates (|SROCC|, konjnd):
  T_a_lam2e-3 0.446216
  T_b_lam2e-3 0.477302
  T_b_lam1e-3 0.530648

paired bootstrap B=2000 seed=20260806 (same index sets on both sides):
comparison                     median d       2.5%      97.5%   P(d>0)
T_b_lam2e-3 - T_a_lam2e-3      +0.03122   +0.01894   +0.04312    1.000
T_b_lam1e-3 - T_a_lam2e-3      +0.08431   +0.07190   +0.09768    1.000
########## nonphoto (root A, regime 372) ##########
[nonphoto] n=10000 series=['T_a_lam2e-3', 'T_b_lam2e-3', 'T_b_lam1e-3'] (human column identical across all)

point estimates (|SROCC|, nonphoto):
  T_a_lam2e-3 0.862811
  T_b_lam2e-3 0.857264
  T_b_lam1e-3 0.853313

paired bootstrap B=2000 seed=20260806 (same index sets on both sides):
comparison                     median d       2.5%      97.5%   P(d>0)
T_b_lam2e-3 - T_a_lam2e-3      -0.00554   -0.00700   -0.00407    0.000
T_b_lam1e-3 - T_a_lam2e-3      -0.00948   -0.01107   -0.00792    0.000
########## imazen26 (root A, regime 372) ##########
[imazen26] n=10025 series=['T_a_lam2e-3', 'T_b_lam2e-3', 'T_b_lam1e-3'] (human column identical across all)

point estimates (|SROCC|, imazen26):
  T_a_lam2e-3 0.845104
  T_b_lam2e-3 0.835495
  T_b_lam1e-3 0.831147

paired bootstrap B=2000 seed=20260806 (same index sets on both sides):
comparison                     median d       2.5%      97.5%   P(d>0)
T_b_lam2e-3 - T_a_lam2e-3      -0.00961   -0.01108   -0.00808    0.000
T_b_lam1e-3 - T_a_lam2e-3      -0.01393   -0.01555   -0.01239    0.000
########## csiq (root A, regime 372) ##########
[csiq] n=866 series=['T_a_lam2e-3', 'T_b_lam2e-3', 'T_b_lam1e-3'] (human column identical across all)

point estimates (|SROCC|, csiq):
  T_a_lam2e-3 0.902436
  T_b_lam2e-3 0.932633
  T_b_lam1e-3 0.923724

paired bootstrap B=2000 seed=20260806 (same index sets on both sides):
comparison                     median d       2.5%      97.5%   P(d>0)
T_b_lam2e-3 - T_a_lam2e-3      +0.03008   +0.02488   +0.03606    1.000
T_b_lam1e-3 - T_a_lam2e-3      +0.02116   +0.01684   +0.02631    1.000
########## live (root A, regime 372) ##########
[live] n=779 series=['T_a_lam2e-3', 'T_b_lam2e-3', 'T_b_lam1e-3'] (human column identical across all)

point estimates (|SROCC|, live):
  T_a_lam2e-3 0.960247
  T_b_lam2e-3 0.959998
  T_b_lam1e-3 0.956612

paired bootstrap B=2000 seed=20260806 (same index sets on both sides):
comparison                     median d       2.5%      97.5%   P(d>0)
T_b_lam2e-3 - T_a_lam2e-3      -0.00025   -0.00227   +0.00176    0.398
T_b_lam1e-3 - T_a_lam2e-3      -0.00365   -0.00571   -0.00172    0.001
