run-heavy: mem-cap=16G (cgroup, hard) jobs=8/32 avail=44273MiB :: bash /home/lilith/tmp/fc/ablate_b.sh
  cid22: loaded 4292 pairs × 372 features (f0..f371) from "/mnt/v/zen/zensim-training/2026-08-30-full-features-372/cid22_features_372col_2026-05-15.parquet" [49 refs]
corpus cid22: 4292 rows (4292 loaded), 372 features
  konjnd: loaded 1008 pairs × 372 features (f0..f371) from "/mnt/v/zen/zensim-training/2026-08-30-full-features-372/konjnd_features_372col_2026-05-15.parquet" [1008 refs]
corpus konjnd: 1008 rows (1008 loaded), 372 features
  nonphoto: loaded 8241 pairs × 372 features (f0..f371) from "/mnt/v/zen/zensim-training/2026-08-30-full-features-372/nonphoto_features_372col_2026-07-15.parquet" [1267 refs]
corpus nonphoto: 8241 rows (8241 loaded), 372 features
  imazen26: loaded 7844 pairs × 372 features (feat_0..feat_371) from "/mnt/v/zen/zensim-training/2026-08-30-full-features-372/imazen26_test_120k_2026-07-16.parquet" [632 refs]
corpus imazen26: 7844 rows (7844 loaded), 372 features
  hfnlproxy: loaded 11356 pairs × 372 features (f0..f371) from "/mnt/v/zen/zensim-training/2026-08-30-full-features-372/ext_hfnlproxy.parquet" [772 refs]
corpus hfnlproxy: 11356 rows (11356 loaded), 372 features
  kadid: loaded 10125 pairs × 372 features (f0..f371) from "/mnt/v/zen/zensim-training/2026-08-30-full-features-372/kadid_features_372col_2026-05-15.parquet" [81 refs]
corpus kadid: 10125 rows (10125 loaded), 372 features
  tid: loaded 3000 pairs × 372 features (f0..f371) from "/mnt/v/zen/zensim-training/2026-08-30-full-features-372/tid_features_372col_2026-05-15.parquet" [25 refs]
corpus tid: 3000 rows (3000 loaded), 372 features
  csiq: loaded 866 pairs × 372 features (f0..f371) from "/mnt/v/zen/zensim-training/2026-08-30-full-features-372/csiq_features_372col_2026-07-18.parquet" [30 refs]
corpus csiq: 866 rows (866 loaded), 372 features
  live: loaded 779 pairs × 372 features (f0..f371) from "/mnt/v/zen/zensim-training/2026-08-30-full-features-372/live_features_372col_2026-07-18.parquet" [29 refs]
corpus live: 779 rows (779 loaded), 372 features
# block-ablation: |SROCC| baseline vs family-ablated, per corpus
ABL	family	lo	hi	corpus	n	srocc_base	srocc_ablated	delta
ABL	v1_basic	0	156	cid22	4292	0.882117	0.175760	-0.706357
ABL	v1_basic	0	156	konjnd	1008	0.649669	0.361532	-0.288137
ABL	v1_basic	0	156	nonphoto	8241	0.864035	0.138782	-0.725253
ABL	v1_basic	0	156	imazen26	7844	0.830579	0.180342	-0.650237
ABL	v1_basic	0	156	hfnlproxy	11356	0.502652	0.291112	-0.211539
ABL	v1_basic	0	156	kadid	10125	0.808474	0.122533	-0.685941
ABL	v1_basic	0	156	tid	3000	0.778520	0.146411	-0.632109
ABL	v1_basic	0	156	csiq	866	0.934208	0.250101	-0.684107
ABL	v1_basic	0	156	live	779	0.897026	0.096721	-0.800305
ABL	v1_peaks	156	228	cid22	4292	0.882117	0.843763	-0.038354
ABL	v1_peaks	156	228	konjnd	1008	0.649669	0.338817	-0.310852
ABL	v1_peaks	156	228	nonphoto	8241	0.864035	0.826917	-0.037118
ABL	v1_peaks	156	228	imazen26	7844	0.830579	0.796748	-0.033831
ABL	v1_peaks	156	228	hfnlproxy	11356	0.502652	0.394550	-0.108102
ABL	v1_peaks	156	228	kadid	10125	0.808474	0.782448	-0.026026
ABL	v1_peaks	156	228	tid	3000	0.778520	0.764448	-0.014072
ABL	v1_peaks	156	228	csiq	866	0.934208	0.918750	-0.015458
ABL	v1_peaks	156	228	live	779	0.897026	0.801094	-0.095933
ABL	v1_masked	228	300	cid22	4292	0.882117	0.564673	-0.317444
ABL	v1_masked	228	300	konjnd	1008	0.649669	0.035945	-0.613724
ABL	v1_masked	228	300	nonphoto	8241	0.864035	0.739639	-0.124395
ABL	v1_masked	228	300	imazen26	7844	0.830579	0.717416	-0.113163
ABL	v1_masked	228	300	hfnlproxy	11356	0.502652	0.527418	+0.024766
ABL	v1_masked	228	300	kadid	10125	0.808474	0.615350	-0.193124
ABL	v1_masked	228	300	tid	3000	0.778520	0.386969	-0.391550
ABL	v1_masked	228	300	csiq	866	0.934208	0.743307	-0.190901
ABL	v1_masked	228	300	live	779	0.897026	0.786791	-0.110235
ABL	v1_iw	300	372	cid22	4292	0.882117	0.735019	-0.147098
ABL	v1_iw	300	372	konjnd	1008	0.649669	0.546154	-0.103516
ABL	v1_iw	300	372	nonphoto	8241	0.864035	0.888383	+0.024348
ABL	v1_iw	300	372	imazen26	7844	0.830579	0.867903	+0.037324
ABL	v1_iw	300	372	hfnlproxy	11356	0.502652	0.527409	+0.024757
ABL	v1_iw	300	372	kadid	10125	0.808474	0.683576	-0.124898
ABL	v1_iw	300	372	tid	3000	0.778520	0.632745	-0.145775
ABL	v1_iw	300	372	csiq	866	0.934208	0.810624	-0.123584
ABL	v1_iw	300	372	live	779	0.897026	0.869971	-0.027055
ABL	v1_masked_iw	228	372	cid22	4292	0.882117	0.482972	-0.399145
ABL	v1_masked_iw	228	372	konjnd	1008	0.649669	0.124814	-0.524856
ABL	v1_masked_iw	228	372	nonphoto	8241	0.864035	0.741319	-0.122716
ABL	v1_masked_iw	228	372	imazen26	7844	0.830579	0.719900	-0.110679
ABL	v1_masked_iw	228	372	hfnlproxy	11356	0.502652	0.525357	+0.022705
ABL	v1_masked_iw	228	372	kadid	10125	0.808474	0.568178	-0.240296
ABL	v1_masked_iw	228	372	tid	3000	0.778520	0.357096	-0.421423
ABL	v1_masked_iw	228	372	csiq	866	0.934208	0.677049	-0.257159
ABL	v1_masked_iw	228	372	live	779	0.897026	0.752395	-0.144631
ABL	v1_pools_all	156	372	cid22	4292	0.882117	0.389148	-0.492969
ABL	v1_pools_all	156	372	konjnd	1008	0.649669	0.070257	-0.579412
ABL	v1_pools_all	156	372	nonphoto	8241	0.864035	0.645374	-0.218660
ABL	v1_pools_all	156	372	imazen26	7844	0.830579	0.622648	-0.207932
ABL	v1_pools_all	156	372	hfnlproxy	11356	0.502652	0.488053	-0.014599
ABL	v1_pools_all	156	372	kadid	10125	0.808474	0.515415	-0.293059
ABL	v1_pools_all	156	372	tid	3000	0.778520	0.280003	-0.498517
ABL	v1_pools_all	156	372	csiq	866	0.934208	0.601850	-0.332358
ABL	v1_pools_all	156	372	live	779	0.897026	0.691506	-0.205521
# bake_contrib — /home/lilith/work/zen/zensim/zensim/weights/b_sdr_linear_cid80_inclwinsor_dense_dial_2026-07-07.bin

n_inputs=372, layers=["372x1:Identity"], heads: psa=false hybrid=false pin=false spline=true, transforms=true, i8_dequant_caveat=false
rows scored: 47511 across 9 corpora; parity vs score_row: max|diff|=0.000e0, violations(>1e-6)=0
analytic-vs-ablation SROCC: simple=0.9997, path=0.9997

dead (mean|Δ|<1e-4 ∧ p95|Δ|<1e-3): 277 / 372; rank-dead (std<1e-4): 277

## Family profile

| family | n | dead | rank-dead | Σmean|Δ| share | share cid22 | share konjnd | share nonphoto | share imazen26 | share hfnlproxy | share kadid | share tid | share csiq | share live |
|---|---:|---:|---:|---:|---:|---:|---:|---:|---:|---:|---:|---:|---:|
| basic | 156 | 110 | 110 | 53.9% | 51.8% | 51.7% | 52.9% | 52.7% | 51.7% | 55.9% | 54.9% | 57.7% | 55.1% |
| peaks | 72 | 46 | 46 | 16.6% | 18.5% | 19.2% | 16.6% | 16.7% | 14.3% | 16.5% | 15.4% | 15.4% | 16.5% |
| masked | 72 | 62 | 62 | 21.5% | 20.8% | 20.7% | 22.5% | 22.6% | 25.0% | 19.8% | 21.7% | 19.6% | 21.3% |
| iw | 72 | 59 | 59 | 8.0% | 8.8% | 8.5% | 7.9% | 8.0% | 9.0% | 7.8% | 8.0% | 7.3% | 7.0% |

## Top movers (by overall mean|Δ|)

| idx | family | mean|Δ| | std | sign | ΔSROCC cid22 | ΔSROCC konjnd | ΔSROCC nonphoto | ΔSROCC imazen26 | ΔSROCC hfnlproxy | ΔSROCC kadid | ΔSROCC tid | ΔSROCC csiq | ΔSROCC live |
|---:|---|---:|---:|---:|---:|---:|---:|---:|---:|---:|---:|---:|---:|
| 237 | masked | 18.8368 | 14.6111 | 1.00 | -0.0825 | -0.5315 | -0.2165 | -0.2104 | -0.1460 | -0.0374 | -0.0864 | -0.0934 | -0.1251 |
| 4 | basic | 17.5366 | 17.5916 | 1.00 | -0.2653 | -0.2243 | -0.2450 | -0.2163 | -0.4344 | -0.2418 | -0.1652 | -0.1907 | -0.2689 |
| 30 | basic | 14.2142 | 15.3485 | 1.00 | -0.1237 | -0.2156 | -0.1558 | -0.1483 | -0.4797 | -0.2250 | -0.1687 | -0.1542 | -0.2562 |
| 231 | masked | 10.9474 | 9.0569 | 1.00 | -0.1241 | -0.1413 | +0.0168 | +0.0264 | +0.0141 | -0.1225 | -0.1348 | -0.1186 | -0.0258 |
| 17 | basic | 9.4380 | 6.7976 | 1.00 | -0.0342 | +0.0637 | +0.0082 | +0.0121 | -0.0004 | -0.0886 | -0.0393 | -0.0486 | +0.0017 |
| 43 | basic | 9.0805 | 8.6894 | 1.00 | -0.0861 | -0.1745 | -0.0797 | -0.0840 | -0.1030 | -0.0575 | -0.0386 | -0.0387 | -0.1369 |
| 243 | masked | 7.9877 | 6.9284 | 1.00 | -0.0731 | -0.0363 | +0.0233 | +0.0311 | +0.0066 | -0.0907 | -0.0998 | -0.0847 | -0.0058 |
| 70 | basic | 7.9188 | 8.5088 | 1.00 | -0.0273 | -0.1667 | -0.0720 | -0.0818 | -0.1032 | -0.0968 | -0.0745 | -0.0533 | -0.1476 |
| 190 | peaks | 7.2378 | 6.7664 | 1.00 | -0.0445 | -0.1813 | -0.0562 | -0.0605 | -0.1370 | -0.0403 | -0.0299 | -0.0169 | -0.1163 |
| 82 | basic | 6.7010 | 5.6099 | 1.00 | -0.0252 | +0.0234 | +0.0152 | +0.0207 | +0.0125 | -0.0487 | -0.0401 | -0.0445 | +0.0190 |
| 108 | basic | 6.3290 | 5.8528 | 1.00 | -0.0093 | -0.1701 | -0.0453 | -0.0513 | -0.0423 | -0.0362 | -0.0278 | -0.0191 | -0.1237 |
| 147 | basic | 5.0175 | 4.2567 | 1.00 | +0.0035 | -0.0920 | -0.0258 | -0.0227 | -0.0397 | +0.0066 | -0.0046 | +0.0009 | -0.0619 |

baseline |SROCC| per corpus: cid22=0.8821, konjnd=0.6497, nonphoto=0.8640, imazen26=0.8306, hfnlproxy=0.5027, kadid=0.8085, tid=0.7785, csiq=0.9342, live=0.8970

run-heavy: done rc=0 1s | peak-RSS 0.26GiB | min-avail 44270MiB | peak-load 1.29
