  Synthetic: 340206 pairs, target=GpuSsim2
Loaded 340206 pairs (300 features) from cache "/mnt/v/output/zensim/synthetic-v2/training_safe_synthetic_extended.csv.features.20260505_050620.bin" (14.4s)
Truncating features from 300 to 228 (tier: Peaks)
Loaded 10125 pairs from cache "/mnt/v/dataset/kadid10k.features.20260306_021954.bin" (0.2s)
Loaded 3000 pairs from cache "/mnt/v/dataset/tid2013.features.20260306_022005.bin" (4.8s)
  KonJND-1k: 76104 pairs across 1008 (source, codec) combinations
Loaded 76104 pairs from cache "/mnt/v/datasets/KonJND-1k/KonJND-1k.features.20260501_095545.bin" (76.1s)
V0_6 zenanalyze: appended 8 feature(s) [dct_compressibility_y,dct_compressibility_uv,high_freq_energy_ratio,cclass_photo,cclass_screen,cclass_lineart,cclass_synthetic,cclass_document] to 429124/429435 pairs (99.9% hit) from TSV /mnt/v/output/zensim/synthetic-v2/zenanalyze_union_v1_cclass.tsv

=== Synthetic — Correlation with Human Ratings (embedded weights) ===
SROCC (Spearman):  0.9942
PLCC  (Pearson):   0.9606
KROCC (Kendall):   0.9358
Metric score range: -265.57 to 99.87, mean: 73.63
Raw distance: min=0.001, p10=0.245, p50=1.337, p90=4.310, max=73.815, mean=1.992
Raw dist corr: SROCC=0.9942  KROCC=0.9358 | clamped scores: 3479/340206 (1.0%)

MLP train: arch=[236 → 64 (LeakyReLU α=0.01) → 1], val_policy=Min
      train group 0: 'Synthetic' n=340206 train_w=1.000 val_w=0.000
   val-only group 1: 'Kadid10k' n=10125 train_w=0.000 val_w=1.000
   val-only group 2: 'Tid2013' n=3000 train_w=0.000 val_w=1.000
   val-only group 3: 'konjnd1k' n=76104 train_w=0.000 val_w=1.000
  epoch   0 | lr=0.00100 | loss=0.1021 | val_mean=0.8257 (best=-inf) | Synthetic=0.9967 Kadid10k=0.8396 Tid2013=0.8257 konjnd1k=0.9518 | t=3.1s
  epoch  10 | lr=0.00090 | loss=0.0882 | val_mean=0.7890 (best=0.8257) | Synthetic=0.9958 Kadid10k=0.7931 Tid2013=0.7890 konjnd1k=0.9536 | t=27.8s
  epoch  20 | lr=0.00065 | loss=0.0816 | val_mean=0.7686 (best=0.8257) | Synthetic=0.9973 Kadid10k=0.7686 Tid2013=0.7806 konjnd1k=0.9540 | t=52.4s
  epoch  30 | lr=0.00035 | loss=0.0796 | val_mean=0.8003 (best=0.8257) | Synthetic=0.9983 Kadid10k=0.8003 Tid2013=0.8133 konjnd1k=0.9514 | t=76.7s
  epoch  40 | lr=0.00010 | loss=0.0760 | val_mean=0.8043 (best=0.8257) | Synthetic=0.9987 Kadid10k=0.8043 Tid2013=0.8193 konjnd1k=0.9521 | t=101.2s
  epoch  50 | lr=0.00100 | loss=0.0870 | val_mean=0.7990 (best=0.8257) | Synthetic=0.9973 Kadid10k=0.7990 Tid2013=0.8071 konjnd1k=0.9504 | t=125.6s
  early stop at epoch 50 (no validation improvement for 50 epochs)
MLP train: best validation mean SROCC = 0.8257
MLP saved: /mnt/v/output/zensim/synthetic-v2/runs/v06_cclass_20260505T202301.bin (63044 bytes)
MLP bake roundtrip: OK
