=== seed=0 CSIQ ===
| CSIQ | 150 | 0.9690 | 0.9651 | 0.9694 | 0.9562 |
| B0 below medium (<50) | 61 | 0.8270 | 0.7979 | [0.66, 0.88] | 0.8387 | 0.7381 | 64.60 | 50.08 |
| B1 medium [50,65) | 10 | 0.7333 | 0.6606 | [0.10, 0.99] | 0.8788 | 0.7091 | 41.20 | 34.68 |
| B2 high [65,90) | 29 | 0.8458 | 0.8054 | [0.61, 0.93] | 0.8571 | 0.7690 | 25.56 | 18.21 |
| B3 visually-lossless (≥90) | 50 | 0.6224 | 0.6203 | [0.45, 0.72] | 0.6219 | 0.5588 | 17.47 | 2.92 |
| Near-PJND [58,68] | 10 | 0.0545 | 0.1273 | [0.02, 0.73] | 0.1394 | 0.2606 | 36.64 | 30.25 |
=== seed=3 CSIQ ===
| CSIQ | 150 | 0.9690 | 0.9652 | 0.9694 | 0.9562 |
| B0 below medium (<50) | 61 | 0.8270 | 0.7857 | [0.64, 0.88] | 0.8387 | 0.7381 | 62.60 | 50.08 |
| B1 medium [50,65) | 10 | 0.7333 | 0.6121 | [0.01, 0.96] | 0.8788 | 0.7091 | 40.01 | 34.68 |
| B2 high [65,90) | 29 | 0.8458 | 0.8256 | [0.64, 0.94] | 0.8571 | 0.7690 | 24.35 | 18.21 |
| B3 visually-lossless (≥90) | 50 | 0.6224 | 0.6376 | [0.46, 0.75] | 0.6219 | 0.5588 | 15.36 | 2.92 |
| Near-PJND [58,68] | 10 | 0.0545 | 0.1152 | [0.01, 0.76] | 0.1394 | 0.2606 | 35.41 | 30.25 |
=== seed=4 CSIQ ===
| CSIQ | 150 | 0.9690 | 0.9662 | 0.9694 | 0.9562 |
| B0 below medium (<50) | 61 | 0.8270 | 0.8069 | [0.70, 0.88] | 0.8387 | 0.7381 | 65.21 | 50.08 |
| B1 medium [50,65) | 10 | 0.7333 | 0.8061 | [0.36, 0.96] | 0.8788 | 0.7091 | 41.61 | 34.68 |
| B2 high [65,90) | 29 | 0.8458 | 0.8167 | [0.63, 0.92] | 0.8571 | 0.7690 | 25.91 | 18.21 |
| B3 visually-lossless (≥90) | 50 | 0.6224 | 0.6392 | [0.47, 0.74] | 0.6219 | 0.5588 | 15.80 | 2.92 |
| Near-PJND [58,68] | 10 | 0.0545 | 0.0424 | [0.00, 0.81] | 0.1394 | 0.2606 | 37.31 | 30.25 |
=== seed=7 CSIQ ===
| CSIQ | 150 | 0.9690 | 0.9638 | 0.9694 | 0.9562 |
| B0 below medium (<50) | 61 | 0.8270 | 0.7689 | [0.63, 0.87] | 0.8387 | 0.7381 | 63.87 | 50.08 |
| B1 medium [50,65) | 10 | 0.7333 | 0.8667 | [0.36, 1.00] | 0.8788 | 0.7091 | 41.16 | 34.68 |
| B2 high [65,90) | 29 | 0.8458 | 0.8246 | [0.63, 0.93] | 0.8571 | 0.7690 | 25.77 | 18.21 |
| B3 visually-lossless (≥90) | 50 | 0.6224 | 0.6323 | [0.47, 0.74] | 0.6219 | 0.5588 | 18.18 | 2.92 |
| Near-PJND [58,68] | 10 | 0.0545 | 0.2364 | [0.01, 0.88] | 0.1394 | 0.2606 | 36.89 | 30.25 |
