# Baseline-metric SROCC vs human MOS

Max 999999 pairs per dataset.

| Dataset | n | V0_2 | V0_4 (bake) | fast-ssim2 | butteraugli |
|---------|--:|:----:|:-----------:|:----------:|:-----------:|
=== KADIK10k (n=10125) ===
  1012/10125 (78.8/s, ETA 116s)
  2024/10125 (77.9/s, ETA 104s)
  3036/10125 (77.4/s, ETA 92s)
  4048/10125 (76.9/s, ETA 79s)
  5060/10125 (76.8/s, ETA 66s)
  6072/10125 (76.7/s, ETA 53s)
  7084/10125 (76.4/s, ETA 40s)
  8096/10125 (76.3/s, ETA 27s)
  9108/10125 (76.2/s, ETA 13s)
  10120/10125 (76.3/s, ETA 0s)
| KADIK10k | 10125 | 0.8192 | 0.9421 | 0.8133 | 0.6062 |
  done 10125/10125 valid in 133.1s

### KADIK10k per-band SROCC (vs human MOS)

| Band | n | V0_2 | V0_4 (bake) | V0_4 95% CI | fast-ssim2 | butter | V0_4 MAE | V0_2 MAE |
|---|--:|:--:|:--:|:--:|:--:|:--:|--:|--:|
| B0 below medium (<3.7) | 6620 | 0.6633 | 0.8755 | [0.87, 0.88] | 0.6368 | 0.3935 | 62.57 | 50.71 |
| B1 medium [3.7,4.3) | 1671 | 0.2385 | 0.4429 | [0.40, 0.48] | 0.2593 | 0.1399 | 28.73 | 19.89 |
| B2 high [4.3,4.5) | 787 | 0.2025 | 0.2413 | [0.18, 0.30] | 0.2115 | 0.1445 | 22.08 | 12.34 |
| B3 visually-lossless (≥4.5) | 1047 | 0.2326 | 0.2547 | [0.20, 0.31] | 0.2396 | 0.1979 | 19.92 | 7.95 |
| Near-PJND [3.9,4.2] | 808 | 0.0969 | 0.2064 | [0.13, 0.28] | 0.0993 | 0.0397 | 27.95 | 19.20 |

=== TID2013 (n=3000) ===
  300/3000 (79.1/s, ETA 34s)
  600/3000 (78.2/s, ETA 31s)
  900/3000 (80.8/s, ETA 26s)
  1200/3000 (81.9/s, ETA 22s)
  1500/3000 (83.0/s, ETA 18s)
  1800/3000 (83.6/s, ETA 14s)
  2100/3000 (83.8/s, ETA 11s)
  2400/3000 (84.3/s, ETA 7s)
  2700/3000 (84.5/s, ETA 4s)
  3000/3000 (84.7/s, ETA 0s)
| TID2013 | 3000 | 0.8427 | 0.9535 | 0.8460 | 0.6696 |
  done 3000/3000 valid in 35.8s

### TID2013 per-band SROCC (vs human MOS)

| Band | n | V0_2 | V0_4 (bake) | V0_4 95% CI | fast-ssim2 | butter | V0_4 MAE | V0_2 MAE |
|---|--:|:--:|:--:|:--:|:--:|:--:|--:|--:|
| B0 below medium (<4.5) | 1418 | 0.7762 | 0.8890 | [0.88, 0.90] | 0.7351 | 0.4438 | 58.17 | 48.22 |
| B1 medium [4.5,5.5) | 797 | 0.4195 | 0.6375 | [0.59, 0.68] | 0.4320 | 0.3054 | 46.70 | 40.16 |
| B2 high [5.5,6.0) | 556 | 0.1655 | 0.3737 | [0.31, 0.45] | 0.1429 | 0.0676 | 41.62 | 33.70 |
| B3 visually-lossless (≥6.0) | 229 | 0.3091 | 0.0820 | [0.01, 0.21] | 0.2738 | 0.2813 | 37.77 | 27.53 |
| Near-PJND [4.8,5.2] | 310 | 0.2073 | 0.3387 | [0.22, 0.45] | 0.2073 | 0.1877 | 46.64 | 40.07 |

=== CID22 (n=4292) ===
  429/4292 (55.8/s, ETA 69s)
  858/4292 (53.9/s, ETA 64s)
  1287/4292 (53.9/s, ETA 56s)
  1716/4292 (53.8/s, ETA 48s)
  2145/4292 (53.4/s, ETA 40s)
  2574/4292 (53.3/s, ETA 32s)
  3003/4292 (53.2/s, ETA 24s)
  3432/4292 (53.0/s, ETA 16s)
  3861/4292 (52.8/s, ETA 8s)
  4290/4292 (52.4/s, ETA 0s)
| CID22 | 4292 | 0.8676 | 0.8820 | 0.8895 | 0.7412 |
  done 4292/4292 valid in 82.0s

### CID22 per-band SROCC (vs human MOS)

| Band | n | V0_2 | V0_4 (bake) | V0_4 95% CI | fast-ssim2 | butter | V0_4 MAE | V0_2 MAE |
|---|--:|:--:|:--:|:--:|:--:|:--:|--:|--:|
| B0 below medium (<50) | 324 | 0.4072 | 0.4017 | [0.31, 0.50] | 0.4418 | 0.2041 | 58.77 | 52.65 |
| B1 medium [50,65) | 1010 | 0.4119 | 0.4053 | [0.36, 0.46] | 0.4694 | 0.2803 | 46.79 | 39.52 |
| B2 high [65,90) | 2915 | 0.7359 | 0.7696 | [0.75, 0.78] | 0.7722 | 0.5891 | 30.21 | 19.98 |
| B3 visually-lossless (≥90) | 43 | 0.0035 | 0.1580 | [0.00, 0.46] | 0.1121 | 0.1564 | 21.70 | 8.54 |
| Near-PJND [58,68] | 787 | 0.3551 | 0.3440 | [0.28, 0.40] | 0.3908 | 0.2491 | 42.71 | 34.96 |

=== CSIQ (n=150) ===
  15/150 (18852.7/s, ETA 0s)
  30/150 (31865.7/s, ETA 0s)
  45/150 (71.3/s, ETA 1s)
  60/150 (84.4/s, ETA 1s)
  75/150 (68.5/s, ETA 1s)
  90/150 (65.0/s, ETA 1s)
  105/150 (70.2/s, ETA 1s)
  120/150 (63.6/s, ETA 0s)
  135/150 (65.3/s, ETA 0s)
  150/150 (66.1/s, ETA 0s)
| CSIQ | 150 | 0.9690 | 0.9629 | 0.9694 | 0.9562 |
  done 150/150 valid in 2.9s

### CSIQ per-band SROCC (vs human MOS)

| Band | n | V0_2 | V0_4 (bake) | V0_4 95% CI | fast-ssim2 | butter | V0_4 MAE | V0_2 MAE |
|---|--:|:--:|:--:|:--:|:--:|:--:|--:|--:|
| B0 below medium (<50) | 61 | 0.8270 | 0.7406 | [0.57, 0.86] | 0.8387 | 0.7381 | 62.84 | 50.08 |
| B1 medium [50,65) | 10 | 0.7333 | 0.8667 | [0.36, 1.00] | 0.8788 | 0.7091 | 40.72 | 34.68 |
| B2 high [65,90) | 29 | 0.8458 | 0.8158 | [0.60, 0.93] | 0.8571 | 0.7690 | 25.07 | 18.21 |
| B3 visually-lossless (≥90) | 50 | 0.6224 | 0.6558 | [0.50, 0.77] | 0.6219 | 0.5588 | 15.15 | 2.92 |
| Near-PJND [58,68] | 10 | 0.0545 | 0.2727 | [0.02, 0.81] | 0.1394 | 0.2606 | 36.29 | 30.25 |

