# Baseline-metric SROCC vs human MOS

Max 999999 pairs per dataset.

| Dataset | n | V0_2 | V0_4 (bake) | fast-ssim2 | butteraugli |
|---------|--:|:----:|:-----------:|:----------:|:-----------:|
=== KADIK10k (n=10125) ===
  1012/10125 (65.3/s, ETA 139s)
  2024/10125 (69.3/s, ETA 117s)
  3036/10125 (71.1/s, ETA 100s)
  4048/10125 (72.1/s, ETA 84s)
  5060/10125 (72.7/s, ETA 70s)
  6072/10125 (73.3/s, ETA 55s)
  7084/10125 (73.7/s, ETA 41s)
  8096/10125 (74.0/s, ETA 27s)
  9108/10125 (74.4/s, ETA 14s)
  10120/10125 (74.5/s, ETA 0s)
| KADIK10k | 10125 | 0.8192 | 0.9397 | 0.8133 | 0.6062 |
  done 10125/10125 valid in 136.2s

### KADIK10k per-band SROCC (vs human MOS)

| Band | n | V0_2 | V0_4 (bake) | V0_4 95% CI | fast-ssim2 | butter | V0_4 MAE | V0_2 MAE |
|---|--:|:--:|:--:|:--:|:--:|:--:|--:|--:|
| B0 below medium (<3.7) | 6620 | 0.6633 | 0.8721 | [0.87, 0.88] | 0.6368 | 0.3935 | 62.76 | 50.71 |
| B1 medium [3.7,4.3) | 1671 | 0.2385 | 0.4031 | [0.36, 0.44] | 0.2593 | 0.1399 | 27.98 | 19.89 |
| B2 high [4.3,4.5) | 787 | 0.2025 | 0.2409 | [0.18, 0.30] | 0.2115 | 0.1445 | 21.29 | 12.34 |
| B3 visually-lossless (≥4.5) | 1047 | 0.2326 | 0.2542 | [0.20, 0.31] | 0.2396 | 0.1979 | 18.91 | 7.95 |
| Near-PJND [3.9,4.2] | 808 | 0.0969 | 0.1767 | [0.10, 0.24] | 0.0993 | 0.0397 | 27.19 | 19.20 |

=== TID2013 (n=3000) ===
  300/3000 (78.0/s, ETA 35s)
  600/3000 (76.8/s, ETA 31s)
  900/3000 (72.0/s, ETA 29s)
  1200/3000 (72.9/s, ETA 25s)
  1500/3000 (73.9/s, ETA 20s)
  1800/3000 (74.4/s, ETA 16s)
  2100/3000 (74.9/s, ETA 12s)
  2400/3000 (75.2/s, ETA 8s)
  2700/3000 (75.7/s, ETA 4s)
  3000/3000 (74.6/s, ETA 0s)
| TID2013 | 3000 | 0.8427 | 0.9498 | 0.8460 | 0.6696 |
  done 3000/3000 valid in 40.3s

### TID2013 per-band SROCC (vs human MOS)

| Band | n | V0_2 | V0_4 (bake) | V0_4 95% CI | fast-ssim2 | butter | V0_4 MAE | V0_2 MAE |
|---|--:|:--:|:--:|:--:|:--:|:--:|--:|--:|
| B0 below medium (<4.5) | 1418 | 0.7762 | 0.8782 | [0.86, 0.89] | 0.7351 | 0.4438 | 58.60 | 48.22 |
| B1 medium [4.5,5.5) | 797 | 0.4195 | 0.6422 | [0.60, 0.68] | 0.4320 | 0.3054 | 46.25 | 40.16 |
| B2 high [5.5,6.0) | 556 | 0.1655 | 0.3374 | [0.27, 0.41] | 0.1429 | 0.0676 | 41.12 | 33.70 |
| B3 visually-lossless (≥6.0) | 229 | 0.3091 | 0.0601 | [0.00, 0.19] | 0.2738 | 0.2813 | 37.08 | 27.53 |
| Near-PJND [4.8,5.2] | 310 | 0.2073 | 0.3438 | [0.24, 0.44] | 0.2073 | 0.1877 | 46.12 | 40.07 |

=== CID22 (n=4292) ===
  429/4292 (55.1/s, ETA 70s)
  858/4292 (54.0/s, ETA 64s)
  1287/4292 (53.1/s, ETA 57s)
  1716/4292 (52.6/s, ETA 49s)
  2145/4292 (52.6/s, ETA 41s)
  2574/4292 (52.5/s, ETA 33s)
  3003/4292 (52.6/s, ETA 25s)
  3432/4292 (52.6/s, ETA 16s)
  3861/4292 (52.6/s, ETA 8s)
  4290/4292 (52.8/s, ETA 0s)
| CID22 | 4292 | 0.8676 | 0.8823 | 0.8895 | 0.7412 |
  done 4292/4292 valid in 81.8s

### CID22 per-band SROCC (vs human MOS)

| Band | n | V0_2 | V0_4 (bake) | V0_4 95% CI | fast-ssim2 | butter | V0_4 MAE | V0_2 MAE |
|---|--:|:--:|:--:|:--:|:--:|:--:|--:|--:|
| B0 below medium (<50) | 324 | 0.4072 | 0.4127 | [0.33, 0.50] | 0.4418 | 0.2041 | 58.18 | 52.65 |
| B1 medium [50,65) | 1010 | 0.4119 | 0.4169 | [0.37, 0.46] | 0.4694 | 0.2803 | 46.42 | 39.52 |
| B2 high [65,90) | 2915 | 0.7359 | 0.7699 | [0.76, 0.78] | 0.7722 | 0.5891 | 29.89 | 19.98 |
| B3 visually-lossless (≥90) | 43 | 0.0035 | 0.2599 | [0.04, 0.55] | 0.1121 | 0.1564 | 21.32 | 8.54 |
| Near-PJND [58,68] | 787 | 0.3551 | 0.3327 | [0.27, 0.39] | 0.3908 | 0.2491 | 42.41 | 34.96 |

=== CSIQ (n=150) ===
  15/150 (19221.9/s, ETA 0s)
  30/150 (34317.4/s, ETA 0s)
  45/150 (73.2/s, ETA 1s)
  60/150 (83.8/s, ETA 1s)
  75/150 (65.2/s, ETA 1s)
  90/150 (62.6/s, ETA 1s)
  105/150 (64.2/s, ETA 1s)
  120/150 (62.3/s, ETA 0s)
  135/150 (62.1/s, ETA 0s)
  150/150 (64.8/s, ETA 0s)
| CSIQ | 150 | 0.9690 | 0.9652 | 0.9694 | 0.9562 |
  done 150/150 valid in 2.9s

### CSIQ per-band SROCC (vs human MOS)

| Band | n | V0_2 | V0_4 (bake) | V0_4 95% CI | fast-ssim2 | butter | V0_4 MAE | V0_2 MAE |
|---|--:|:--:|:--:|:--:|:--:|:--:|--:|--:|
| B0 below medium (<50) | 61 | 0.8270 | 0.7857 | [0.64, 0.88] | 0.8387 | 0.7381 | 62.60 | 50.08 |
| B1 medium [50,65) | 10 | 0.7333 | 0.6121 | [0.01, 0.96] | 0.8788 | 0.7091 | 40.01 | 34.68 |
| B2 high [65,90) | 29 | 0.8458 | 0.8256 | [0.64, 0.94] | 0.8571 | 0.7690 | 24.35 | 18.21 |
| B3 visually-lossless (≥90) | 50 | 0.6224 | 0.6376 | [0.46, 0.75] | 0.6219 | 0.5588 | 15.36 | 2.92 |
| Near-PJND [58,68] | 10 | 0.0545 | 0.1152 | [0.01, 0.76] | 0.1394 | 0.2606 | 35.41 | 30.25 |

