=== seed=0 ===
| CID22 | 4292 | 0.8676 | 0.8755 | 0.8895 | 0.7412 |
| B0 below medium (<50) | 324 | 0.4072 | 0.4346 | [0.34, 0.52] | 0.4418 | 0.2041 | 58.65 | 52.65 |
| B1 medium [50,65) | 1010 | 0.4119 | 0.4002 | [0.35, 0.45] | 0.4694 | 0.2803 | 46.89 | 39.52 |
| B2 high [65,90) | 2915 | 0.7359 | 0.7553 | [0.74, 0.77] | 0.7722 | 0.5891 | 31.02 | 19.98 |
| B3 visually-lossless (≥90) | 43 | 0.0035 | 0.0969 | [0.01, 0.44] | 0.1121 | 0.1564 | 23.86 | 8.54 |
| Near-PJND [58,68] | 787 | 0.3551 | 0.3250 | [0.27, 0.38] | 0.3908 | 0.2491 | 42.85 | 34.96 |
| CSIQ | 150 | 0.9690 | 0.9624 | 0.9694 | 0.9562 |
| B0 below medium (<50) | 61 | 0.8270 | 0.7472 | [0.57, 0.85] | 0.8387 | 0.7381 | 63.73 | 50.08 |
| B1 medium [50,65) | 10 | 0.7333 | 0.6727 | [0.11, 1.00] | 0.8788 | 0.7091 | 40.57 | 34.68 |
| B2 high [65,90) | 29 | 0.8458 | 0.8414 | [0.70, 0.92] | 0.8571 | 0.7690 | 24.76 | 18.21 |
| B3 visually-lossless (≥90) | 50 | 0.6224 | 0.6221 | [0.47, 0.72] | 0.6219 | 0.5588 | 16.54 | 2.92 |
| Near-PJND [58,68] | 10 | 0.0545 | 0.3333 | [0.01, 0.87] | 0.1394 | 0.2606 | 35.98 | 30.25 |
=== seed=1 ===
| CID22 | 4292 | 0.8676 | 0.8894 | 0.8895 | 0.7412 |
| B0 below medium (<50) | 324 | 0.4072 | 0.4347 | [0.34, 0.52] | 0.4418 | 0.2041 | 59.43 | 52.65 |
| B1 medium [50,65) | 1010 | 0.4119 | 0.4330 | [0.39, 0.49] | 0.4694 | 0.2803 | 47.71 | 39.52 |
| B2 high [65,90) | 2915 | 0.7359 | 0.7754 | [0.76, 0.79] | 0.7722 | 0.5891 | 32.15 | 19.98 |
| B3 visually-lossless (≥90) | 43 | 0.0035 | 0.0927 | [0.01, 0.41] | 0.1121 | 0.1564 | 25.41 | 8.54 |
| Near-PJND [58,68] | 787 | 0.3551 | 0.3599 | [0.30, 0.42] | 0.3908 | 0.2491 | 43.77 | 34.96 |
| CSIQ | 150 | 0.9690 | 0.9659 | 0.9694 | 0.9562 |
| B0 below medium (<50) | 61 | 0.8270 | 0.7939 | [0.65, 0.89] | 0.8387 | 0.7381 | 62.69 | 50.08 |
| B1 medium [50,65) | 10 | 0.7333 | 0.9394 | [0.60, 1.00] | 0.8788 | 0.7091 | 41.07 | 34.68 |
| B2 high [65,90) | 29 | 0.8458 | 0.8404 | [0.65, 0.94] | 0.8571 | 0.7690 | 25.83 | 18.21 |
| B3 visually-lossless (≥90) | 50 | 0.6224 | 0.6139 | [0.45, 0.72] | 0.6219 | 0.5588 | 17.78 | 2.92 |
| Near-PJND [58,68] | 10 | 0.0545 | 0.0909 | [0.02, 0.76] | 0.1394 | 0.2606 | 36.78 | 30.25 |
=== seed=2 ===
| CID22 | 4292 | 0.8676 | 0.8768 | 0.8895 | 0.7412 |
| B0 below medium (<50) | 324 | 0.4072 | 0.4004 | [0.31, 0.49] | 0.4418 | 0.2041 | 58.27 | 52.65 |
| B1 medium [50,65) | 1010 | 0.4119 | 0.4240 | [0.38, 0.47] | 0.4694 | 0.2803 | 46.31 | 39.52 |
| B2 high [65,90) | 2915 | 0.7359 | 0.7554 | [0.74, 0.77] | 0.7722 | 0.5891 | 30.45 | 19.98 |
| B3 visually-lossless (≥90) | 43 | 0.0035 | 0.0504 | [0.01, 0.40] | 0.1121 | 0.1564 | 23.18 | 8.54 |
| Near-PJND [58,68] | 787 | 0.3551 | 0.3055 | [0.24, 0.37] | 0.3908 | 0.2491 | 42.30 | 34.96 |
| CSIQ | 150 | 0.9690 | 0.9651 | 0.9694 | 0.9562 |
| B0 below medium (<50) | 61 | 0.8270 | 0.7865 | [0.67, 0.87] | 0.8387 | 0.7381 | 64.86 | 50.08 |
| B1 medium [50,65) | 10 | 0.7333 | 0.8424 | [0.39, 1.00] | 0.8788 | 0.7091 | 40.45 | 34.68 |
| B2 high [65,90) | 29 | 0.8458 | 0.8532 | [0.67, 0.95] | 0.8571 | 0.7690 | 24.52 | 18.21 |
| B3 visually-lossless (≥90) | 50 | 0.6224 | 0.6276 | [0.46, 0.74] | 0.6219 | 0.5588 | 15.77 | 2.92 |
| Near-PJND [58,68] | 10 | 0.0545 | 0.2727 | [0.02, 0.81] | 0.1394 | 0.2606 | 35.72 | 30.25 |
=== seed=3 ===
| CID22 | 4292 | 0.8676 | 0.8851 | 0.8895 | 0.7412 |
| B0 below medium (<50) | 324 | 0.4072 | 0.4085 | [0.31, 0.50] | 0.4418 | 0.2041 | 57.89 | 52.65 |
| B1 medium [50,65) | 1010 | 0.4119 | 0.4269 | [0.38, 0.47] | 0.4694 | 0.2803 | 46.24 | 39.52 |
| B2 high [65,90) | 2915 | 0.7359 | 0.7769 | [0.76, 0.79] | 0.7722 | 0.5891 | 29.75 | 19.98 |
| B3 visually-lossless (≥90) | 43 | 0.0035 | 0.2217 | [0.01, 0.51] | 0.1121 | 0.1564 | 20.87 | 8.54 |
| Near-PJND [58,68] | 787 | 0.3551 | 0.3377 | [0.28, 0.40] | 0.3908 | 0.2491 | 42.28 | 34.96 |
| CSIQ | 150 | 0.9690 | 0.9630 | 0.9694 | 0.9562 |
| B0 below medium (<50) | 61 | 0.8270 | 0.7593 | [0.60, 0.86] | 0.8387 | 0.7381 | 62.89 | 50.08 |
| B1 medium [50,65) | 10 | 0.7333 | 0.5636 | [0.11, 1.00] | 0.8788 | 0.7091 | 39.77 | 34.68 |
| B2 high [65,90) | 29 | 0.8458 | 0.8108 | [0.64, 0.93] | 0.8571 | 0.7690 | 24.05 | 18.21 |
| B3 visually-lossless (≥90) | 50 | 0.6224 | 0.6313 | [0.45, 0.74] | 0.6219 | 0.5588 | 14.92 | 2.92 |
| Near-PJND [58,68] | 10 | 0.0545 | 0.2848 | [0.02, 0.84] | 0.1394 | 0.2606 | 35.07 | 30.25 |
=== seed=4 ===
| CID22 | 4292 | 0.8676 | 0.8744 | 0.8895 | 0.7412 |
| B0 below medium (<50) | 324 | 0.4072 | 0.4228 | [0.33, 0.51] | 0.4418 | 0.2041 | 59.28 | 52.65 |
| B1 medium [50,65) | 1010 | 0.4119 | 0.4185 | [0.37, 0.47] | 0.4694 | 0.2803 | 47.76 | 39.52 |
| B2 high [65,90) | 2915 | 0.7359 | 0.7517 | [0.74, 0.77] | 0.7722 | 0.5891 | 32.20 | 19.98 |
| B3 visually-lossless (≥90) | 43 | 0.0035 | 0.1025 | [0.01, 0.42] | 0.1121 | 0.1564 | 25.09 | 8.54 |
| Near-PJND [58,68] | 787 | 0.3551 | 0.3316 | [0.26, 0.39] | 0.3908 | 0.2491 | 43.85 | 34.96 |
| CSIQ | 150 | 0.9690 | 0.9650 | 0.9694 | 0.9562 |
| B0 below medium (<50) | 61 | 0.8270 | 0.7764 | [0.62, 0.88] | 0.8387 | 0.7381 | 64.24 | 50.08 |
| B1 medium [50,65) | 10 | 0.7333 | 0.7455 | [0.23, 1.00] | 0.8788 | 0.7091 | 41.24 | 34.68 |
| B2 high [65,90) | 29 | 0.8458 | 0.8202 | [0.63, 0.93] | 0.8571 | 0.7690 | 25.49 | 18.21 |
| B3 visually-lossless (≥90) | 50 | 0.6224 | 0.6405 | [0.49, 0.74] | 0.6219 | 0.5588 | 17.78 | 2.92 |
| Near-PJND [58,68] | 10 | 0.0545 | 0.2485 | [0.01, 0.84] | 0.1394 | 0.2606 | 36.51 | 30.25 |
=== seed=5 ===
| CID22 | 4292 | 0.8676 | 0.8879 | 0.8895 | 0.7412 |
| B0 below medium (<50) | 324 | 0.4072 | 0.3899 | [0.29, 0.48] | 0.4418 | 0.2041 | 58.71 | 52.65 |
| B1 medium [50,65) | 1010 | 0.4119 | 0.4180 | [0.37, 0.46] | 0.4694 | 0.2803 | 47.25 | 39.52 |
| B2 high [65,90) | 2915 | 0.7359 | 0.7900 | [0.77, 0.80] | 0.7722 | 0.5891 | 31.60 | 19.98 |
| B3 visually-lossless (≥90) | 43 | 0.0035 | 0.2167 | [0.01, 0.52] | 0.1121 | 0.1564 | 23.70 | 8.54 |
| Near-PJND [58,68] | 787 | 0.3551 | 0.3462 | [0.28, 0.40] | 0.3908 | 0.2491 | 43.42 | 34.96 |
| CSIQ | 150 | 0.9690 | 0.9649 | 0.9694 | 0.9562 |
| B0 below medium (<50) | 61 | 0.8270 | 0.7926 | [0.67, 0.88] | 0.8387 | 0.7381 | 64.06 | 50.08 |
| B1 medium [50,65) | 10 | 0.7333 | 0.8667 | [0.36, 1.00] | 0.8788 | 0.7091 | 40.76 | 34.68 |
| B2 high [65,90) | 29 | 0.8458 | 0.8488 | [0.69, 0.93] | 0.8571 | 0.7690 | 25.20 | 18.21 |
| B3 visually-lossless (≥90) | 50 | 0.6224 | 0.6244 | [0.44, 0.73] | 0.6219 | 0.5588 | 17.08 | 2.92 |
| Near-PJND [58,68] | 10 | 0.0545 | 0.1879 | [0.02, 0.88] | 0.1394 | 0.2606 | 36.13 | 30.25 |
=== seed=6 ===
| CID22 | 4292 | 0.8676 | 0.8861 | 0.8895 | 0.7412 |
| B0 below medium (<50) | 324 | 0.4072 | 0.4154 | [0.32, 0.52] | 0.4418 | 0.2041 | 58.63 | 52.65 |
| B1 medium [50,65) | 1010 | 0.4119 | 0.4158 | [0.37, 0.47] | 0.4694 | 0.2803 | 46.84 | 39.52 |
| B2 high [65,90) | 2915 | 0.7359 | 0.7761 | [0.76, 0.79] | 0.7722 | 0.5891 | 31.06 | 19.98 |
| B3 visually-lossless (≥90) | 43 | 0.0035 | 0.1423 | [0.01, 0.46] | 0.1121 | 0.1564 | 23.69 | 8.54 |
| Near-PJND [58,68] | 787 | 0.3551 | 0.3464 | [0.29, 0.40] | 0.3908 | 0.2491 | 42.84 | 34.96 |
| CSIQ | 150 | 0.9690 | 0.9622 | 0.9694 | 0.9562 |
| B0 below medium (<50) | 61 | 0.8270 | 0.7449 | [0.56, 0.85] | 0.8387 | 0.7381 | 62.82 | 50.08 |
| B1 medium [50,65) | 10 | 0.7333 | 0.6121 | [0.07, 0.96] | 0.8788 | 0.7091 | 40.95 | 34.68 |
| B2 high [65,90) | 29 | 0.8458 | 0.8118 | [0.60, 0.92] | 0.8571 | 0.7690 | 25.24 | 18.21 |
| B3 visually-lossless (≥90) | 50 | 0.6224 | 0.6209 | [0.45, 0.73] | 0.6219 | 0.5588 | 16.94 | 2.92 |
| Near-PJND [58,68] | 10 | 0.0545 | 0.0424 | [0.00, 0.84] | 0.1394 | 0.2606 | 36.38 | 30.25 |
=== seed=7 ===
| CID22 | 4292 | 0.8676 | 0.8846 | 0.8895 | 0.7412 |
| B0 below medium (<50) | 324 | 0.4072 | 0.3994 | [0.31, 0.49] | 0.4418 | 0.2041 | 58.38 | 52.65 |
| B1 medium [50,65) | 1010 | 0.4119 | 0.4004 | [0.35, 0.45] | 0.4694 | 0.2803 | 46.21 | 39.52 |
| B2 high [65,90) | 2915 | 0.7359 | 0.7822 | [0.77, 0.80] | 0.7722 | 0.5891 | 29.61 | 19.98 |
| B3 visually-lossless (≥90) | 43 | 0.0035 | 0.1093 | [0.01, 0.45] | 0.1121 | 0.1564 | 21.29 | 8.54 |
| Near-PJND [58,68] | 787 | 0.3551 | 0.3052 | [0.25, 0.36] | 0.3908 | 0.2491 | 42.10 | 34.96 |
| CSIQ | 150 | 0.9690 | 0.9590 | 0.9694 | 0.9562 |
| B0 below medium (<50) | 61 | 0.8270 | 0.7184 | [0.52, 0.86] | 0.8387 | 0.7381 | 64.96 | 50.08 |
| B1 medium [50,65) | 10 | 0.7333 | 0.7939 | [0.23, 1.00] | 0.8788 | 0.7091 | 41.09 | 34.68 |
| B2 high [65,90) | 29 | 0.8458 | 0.7828 | [0.57, 0.90] | 0.8571 | 0.7690 | 24.97 | 18.21 |
| B3 visually-lossless (≥90) | 50 | 0.6224 | 0.6089 | [0.41, 0.72] | 0.6219 | 0.5588 | 14.63 | 2.92 |
| Near-PJND [58,68] | 10 | 0.0545 | 0.1394 | [0.01, 0.90] | 0.1394 | 0.2606 | 36.52 | 30.25 |
=== seed=8 ===
| CID22 | 4292 | 0.8676 | 0.8862 | 0.8895 | 0.7412 |
| B0 below medium (<50) | 324 | 0.4072 | 0.4492 | [0.36, 0.54] | 0.4418 | 0.2041 | 59.12 | 52.65 |
| B1 medium [50,65) | 1010 | 0.4119 | 0.4130 | [0.37, 0.46] | 0.4694 | 0.2803 | 47.10 | 39.52 |
| B2 high [65,90) | 2915 | 0.7359 | 0.7778 | [0.76, 0.79] | 0.7722 | 0.5891 | 31.17 | 19.98 |
| B3 visually-lossless (≥90) | 43 | 0.0035 | 0.1050 | [0.01, 0.42] | 0.1121 | 0.1564 | 24.23 | 8.54 |
| Near-PJND [58,68] | 787 | 0.3551 | 0.3376 | [0.27, 0.39] | 0.3908 | 0.2491 | 43.04 | 34.96 |
| CSIQ | 150 | 0.9690 | 0.9642 | 0.9694 | 0.9562 |
| B0 below medium (<50) | 61 | 0.8270 | 0.7869 | [0.67, 0.88] | 0.8387 | 0.7381 | 64.20 | 50.08 |
| B1 medium [50,65) | 10 | 0.7333 | 0.8788 | [0.41, 1.00] | 0.8788 | 0.7091 | 41.07 | 34.68 |
| B2 high [65,90) | 29 | 0.8458 | 0.8300 | [0.64, 0.93] | 0.8571 | 0.7690 | 25.41 | 18.21 |
| B3 visually-lossless (≥90) | 50 | 0.6224 | 0.6096 | [0.44, 0.72] | 0.6219 | 0.5588 | 17.30 | 2.92 |
| Near-PJND [58,68] | 10 | 0.0545 | 0.1394 | [0.01, 0.84] | 0.1394 | 0.2606 | 36.68 | 30.25 |
=== seed=9 ===
| CID22 | 4292 | 0.8676 | 0.8856 | 0.8895 | 0.7412 |
| B0 below medium (<50) | 324 | 0.4072 | 0.3905 | [0.28, 0.48] | 0.4418 | 0.2041 | 59.37 | 52.65 |
| B1 medium [50,65) | 1010 | 0.4119 | 0.4220 | [0.38, 0.48] | 0.4694 | 0.2803 | 47.40 | 39.52 |
| B2 high [65,90) | 2915 | 0.7359 | 0.7758 | [0.76, 0.79] | 0.7722 | 0.5891 | 31.29 | 19.98 |
| B3 visually-lossless (≥90) | 43 | 0.0035 | 0.1916 | [0.01, 0.50] | 0.1121 | 0.1564 | 23.42 | 8.54 |
| Near-PJND [58,68] | 787 | 0.3551 | 0.3328 | [0.27, 0.40] | 0.3908 | 0.2491 | 43.33 | 34.96 |
| CSIQ | 150 | 0.9690 | 0.9680 | 0.9694 | 0.9562 |
| B0 below medium (<50) | 61 | 0.8270 | 0.8342 | [0.73, 0.90] | 0.8387 | 0.7381 | 64.12 | 50.08 |
| B1 medium [50,65) | 10 | 0.7333 | 0.8545 | [0.36, 1.00] | 0.8788 | 0.7091 | 40.51 | 34.68 |
| B2 high [65,90) | 29 | 0.8458 | 0.8448 | [0.68, 0.93] | 0.8571 | 0.7690 | 25.76 | 18.21 |
| B3 visually-lossless (≥90) | 50 | 0.6224 | 0.6212 | [0.44, 0.73] | 0.6219 | 0.5588 | 17.09 | 2.92 |
| Near-PJND [58,68] | 10 | 0.0545 | 0.1758 | [0.01, 0.83] | 0.1394 | 0.2606 | 36.26 | 30.25 |
=== seed=42 ===
| CID22 | 4292 | 0.8676 | 0.8672 | 0.8895 | 0.7412 |
| B0 below medium (<50) | 324 | 0.4072 | 0.3434 | [0.24, 0.44] | 0.4418 | 0.2041 | 58.86 | 52.65 |
| B1 medium [50,65) | 1010 | 0.4119 | 0.3553 | [0.30, 0.41] | 0.4694 | 0.2803 | 46.77 | 39.52 |
| B2 high [65,90) | 2915 | 0.7359 | 0.7585 | [0.74, 0.77] | 0.7722 | 0.5891 | 30.32 | 19.98 |
| B3 visually-lossless (≥90) | 43 | 0.0035 | 0.1401 | [0.01, 0.46] | 0.1121 | 0.1564 | 22.43 | 8.54 |
| Near-PJND [58,68] | 787 | 0.3551 | 0.2822 | [0.22, 0.34] | 0.3908 | 0.2491 | 42.63 | 34.96 |
| CSIQ | 150 | 0.9690 | 0.9637 | 0.9694 | 0.9562 |
| B0 below medium (<50) | 61 | 0.8270 | 0.7676 | [0.65, 0.86] | 0.8387 | 0.7381 | 64.32 | 50.08 |
| B1 medium [50,65) | 10 | 0.7333 | 0.7333 | [0.16, 1.00] | 0.8788 | 0.7091 | 40.78 | 34.68 |
| B2 high [65,90) | 29 | 0.8458 | 0.8217 | [0.59, 0.93] | 0.8571 | 0.7690 | 25.09 | 18.21 |
| B3 visually-lossless (≥90) | 50 | 0.6224 | 0.6324 | [0.46, 0.74] | 0.6219 | 0.5588 | 15.84 | 2.92 |
| Near-PJND [58,68] | 10 | 0.0545 | 0.0545 | [0.02, 0.74] | 0.1394 | 0.2606 | 36.24 | 30.25 |
