=== seed=0 ===
| CID22 | 4292 | 0.8676 | 0.8905 | 0.8895 | 0.7412 |
| B0 below medium (<50) | 324 | 0.4072 | 0.4310 | [0.34, 0.53] | 0.4418 | 0.2041 | 59.35 | 52.65 |
| B1 medium [50,65) | 1010 | 0.4119 | 0.4457 | [0.40, 0.49] | 0.4694 | 0.2803 | 47.56 | 39.52 |
| B2 high [65,90) | 2915 | 0.7359 | 0.7768 | [0.76, 0.79] | 0.7722 | 0.5891 | 31.94 | 19.98 |
| B3 visually-lossless (≥90) | 43 | 0.0035 | 0.0923 | [0.01, 0.41] | 0.1121 | 0.1564 | 24.54 | 8.54 |
| Near-PJND [58,68] | 787 | 0.3551 | 0.3673 | [0.30, 0.42] | 0.3908 | 0.2491 | 43.62 | 34.96 |
| CSIQ | 150 | 0.9690 | 0.9651 | 0.9694 | 0.9562 |
| B0 below medium (<50) | 61 | 0.8270 | 0.7979 | [0.66, 0.88] | 0.8387 | 0.7381 | 64.60 | 50.08 |
| B1 medium [50,65) | 10 | 0.7333 | 0.6606 | [0.10, 0.99] | 0.8788 | 0.7091 | 41.20 | 34.68 |
| B2 high [65,90) | 29 | 0.8458 | 0.8054 | [0.61, 0.93] | 0.8571 | 0.7690 | 25.56 | 18.21 |
| B3 visually-lossless (≥90) | 50 | 0.6224 | 0.6203 | [0.45, 0.72] | 0.6219 | 0.5588 | 17.47 | 2.92 |
| Near-PJND [58,68] | 10 | 0.0545 | 0.1273 | [0.02, 0.73] | 0.1394 | 0.2606 | 36.64 | 30.25 |
=== seed=1 ===
| CID22 | 4292 | 0.8676 | 0.8806 | 0.8895 | 0.7412 |
| B0 below medium (<50) | 324 | 0.4072 | 0.4113 | [0.32, 0.50] | 0.4418 | 0.2041 | 59.16 | 52.65 |
| B1 medium [50,65) | 1010 | 0.4119 | 0.4266 | [0.38, 0.48] | 0.4694 | 0.2803 | 47.46 | 39.52 |
| B2 high [65,90) | 2915 | 0.7359 | 0.7635 | [0.75, 0.78] | 0.7722 | 0.5891 | 31.51 | 19.98 |
| B3 visually-lossless (≥90) | 43 | 0.0035 | 0.1303 | [0.00, 0.46] | 0.1121 | 0.1564 | 24.18 | 8.54 |
| Near-PJND [58,68] | 787 | 0.3551 | 0.3340 | [0.27, 0.39] | 0.3908 | 0.2491 | 43.51 | 34.96 |
| CSIQ | 150 | 0.9690 | 0.9679 | 0.9694 | 0.9562 |
| B0 below medium (<50) | 61 | 0.8270 | 0.8251 | [0.72, 0.88] | 0.8387 | 0.7381 | 64.17 | 50.08 |
| B1 medium [50,65) | 10 | 0.7333 | 0.8424 | [0.39, 1.00] | 0.8788 | 0.7091 | 40.93 | 34.68 |
| B2 high [65,90) | 29 | 0.8458 | 0.8562 | [0.68, 0.95] | 0.8571 | 0.7690 | 25.71 | 18.21 |
| B3 visually-lossless (≥90) | 50 | 0.6224 | 0.6335 | [0.46, 0.74] | 0.6219 | 0.5588 | 17.44 | 2.92 |
| Near-PJND [58,68] | 10 | 0.0545 | 0.1273 | [0.02, 0.81] | 0.1394 | 0.2606 | 36.51 | 30.25 |
=== seed=2 ===
| CID22 | 4292 | 0.8676 | 0.8794 | 0.8895 | 0.7412 |
| B0 below medium (<50) | 324 | 0.4072 | 0.4028 | [0.30, 0.49] | 0.4418 | 0.2041 | 58.65 | 52.65 |
| B1 medium [50,65) | 1010 | 0.4119 | 0.4197 | [0.37, 0.48] | 0.4694 | 0.2803 | 46.95 | 39.52 |
| B2 high [65,90) | 2915 | 0.7359 | 0.7684 | [0.75, 0.78] | 0.7722 | 0.5891 | 31.23 | 19.98 |
| B3 visually-lossless (≥90) | 43 | 0.0035 | 0.1407 | [0.01, 0.46] | 0.1121 | 0.1564 | 24.22 | 8.54 |
| Near-PJND [58,68] | 787 | 0.3551 | 0.3325 | [0.27, 0.39] | 0.3908 | 0.2491 | 42.96 | 34.96 |
| CSIQ | 150 | 0.9690 | 0.9665 | 0.9694 | 0.9562 |
| B0 below medium (<50) | 61 | 0.8270 | 0.8051 | [0.66, 0.90] | 0.8387 | 0.7381 | 63.56 | 50.08 |
| B1 medium [50,65) | 10 | 0.7333 | 0.8909 | [0.41, 1.00] | 0.8788 | 0.7091 | 40.34 | 34.68 |
| B2 high [65,90) | 29 | 0.8458 | 0.8281 | [0.64, 0.94] | 0.8571 | 0.7690 | 25.11 | 18.21 |
| B3 visually-lossless (≥90) | 50 | 0.6224 | 0.6330 | [0.48, 0.74] | 0.6219 | 0.5588 | 17.36 | 2.92 |
| Near-PJND [58,68] | 10 | 0.0545 | 0.1030 | [0.01, 0.83] | 0.1394 | 0.2606 | 36.09 | 30.25 |
=== seed=3 ===
| CID22 | 4292 | 0.8676 | 0.8823 | 0.8895 | 0.7412 |
| B0 below medium (<50) | 324 | 0.4072 | 0.4127 | [0.33, 0.50] | 0.4418 | 0.2041 | 58.18 | 52.65 |
| B1 medium [50,65) | 1010 | 0.4119 | 0.4169 | [0.37, 0.46] | 0.4694 | 0.2803 | 46.42 | 39.52 |
| B2 high [65,90) | 2915 | 0.7359 | 0.7699 | [0.76, 0.78] | 0.7722 | 0.5891 | 29.89 | 19.98 |
| B3 visually-lossless (≥90) | 43 | 0.0035 | 0.2599 | [0.04, 0.55] | 0.1121 | 0.1564 | 21.32 | 8.54 |
| Near-PJND [58,68] | 787 | 0.3551 | 0.3327 | [0.27, 0.39] | 0.3908 | 0.2491 | 42.41 | 34.96 |
| CSIQ | 150 | 0.9690 | 0.9652 | 0.9694 | 0.9562 |
| B0 below medium (<50) | 61 | 0.8270 | 0.7857 | [0.64, 0.88] | 0.8387 | 0.7381 | 62.60 | 50.08 |
| B1 medium [50,65) | 10 | 0.7333 | 0.6121 | [0.01, 0.96] | 0.8788 | 0.7091 | 40.01 | 34.68 |
| B2 high [65,90) | 29 | 0.8458 | 0.8256 | [0.64, 0.94] | 0.8571 | 0.7690 | 24.35 | 18.21 |
| B3 visually-lossless (≥90) | 50 | 0.6224 | 0.6376 | [0.46, 0.75] | 0.6219 | 0.5588 | 15.36 | 2.92 |
| Near-PJND [58,68] | 10 | 0.0545 | 0.1152 | [0.01, 0.76] | 0.1394 | 0.2606 | 35.41 | 30.25 |
=== seed=4 ===
| CID22 | 4292 | 0.8676 | 0.8872 | 0.8895 | 0.7412 |
| B0 below medium (<50) | 324 | 0.4072 | 0.3616 | [0.26, 0.45] | 0.4418 | 0.2041 | 59.52 | 52.65 |
| B1 medium [50,65) | 1010 | 0.4119 | 0.4056 | [0.36, 0.46] | 0.4694 | 0.2803 | 47.23 | 39.52 |
| B2 high [65,90) | 2915 | 0.7359 | 0.7826 | [0.77, 0.80] | 0.7722 | 0.5891 | 30.35 | 19.98 |
| B3 visually-lossless (≥90) | 43 | 0.0035 | 0.2042 | [0.01, 0.50] | 0.1121 | 0.1564 | 21.78 | 8.54 |
| Near-PJND [58,68] | 787 | 0.3551 | 0.3326 | [0.27, 0.39] | 0.3908 | 0.2491 | 43.04 | 34.96 |
| CSIQ | 150 | 0.9690 | 0.9662 | 0.9694 | 0.9562 |
| B0 below medium (<50) | 61 | 0.8270 | 0.8069 | [0.70, 0.88] | 0.8387 | 0.7381 | 65.21 | 50.08 |
| B1 medium [50,65) | 10 | 0.7333 | 0.8061 | [0.36, 0.96] | 0.8788 | 0.7091 | 41.61 | 34.68 |
| B2 high [65,90) | 29 | 0.8458 | 0.8167 | [0.63, 0.92] | 0.8571 | 0.7690 | 25.91 | 18.21 |
| B3 visually-lossless (≥90) | 50 | 0.6224 | 0.6392 | [0.47, 0.74] | 0.6219 | 0.5588 | 15.80 | 2.92 |
| Near-PJND [58,68] | 10 | 0.0545 | 0.0424 | [0.00, 0.81] | 0.1394 | 0.2606 | 37.31 | 30.25 |
=== seed=5 ===
| CID22 | 4292 | 0.8676 | 0.8784 | 0.8895 | 0.7412 |
| B0 below medium (<50) | 324 | 0.4072 | 0.4028 | [0.31, 0.49] | 0.4418 | 0.2041 | 59.22 | 52.65 |
| B1 medium [50,65) | 1010 | 0.4119 | 0.4130 | [0.37, 0.46] | 0.4694 | 0.2803 | 47.23 | 39.52 |
| B2 high [65,90) | 2915 | 0.7359 | 0.7658 | [0.75, 0.78] | 0.7722 | 0.5891 | 30.84 | 19.98 |
| B3 visually-lossless (≥90) | 43 | 0.0035 | 0.1638 | [0.00, 0.51] | 0.1121 | 0.1564 | 23.22 | 8.54 |
| Near-PJND [58,68] | 787 | 0.3551 | 0.3302 | [0.28, 0.39] | 0.3908 | 0.2491 | 43.15 | 34.96 |
| CSIQ | 150 | 0.9690 | 0.9631 | 0.9694 | 0.9562 |
| B0 below medium (<50) | 61 | 0.8270 | 0.7647 | [0.64, 0.87] | 0.8387 | 0.7381 | 64.20 | 50.08 |
| B1 medium [50,65) | 10 | 0.7333 | 0.8303 | [0.36, 1.00] | 0.8788 | 0.7091 | 41.06 | 34.68 |
| B2 high [65,90) | 29 | 0.8458 | 0.8300 | [0.63, 0.93] | 0.8571 | 0.7690 | 25.48 | 18.21 |
| B3 visually-lossless (≥90) | 50 | 0.6224 | 0.6221 | [0.46, 0.72] | 0.6219 | 0.5588 | 16.15 | 2.92 |
| Near-PJND [58,68] | 10 | 0.0545 | 0.0667 | [0.02, 0.84] | 0.1394 | 0.2606 | 36.61 | 30.25 |
=== seed=6 ===
| CID22 | 4292 | 0.8676 | 0.8724 | 0.8895 | 0.7412 |
| B0 below medium (<50) | 324 | 0.4072 | 0.3888 | [0.31, 0.49] | 0.4418 | 0.2041 | 58.48 | 52.65 |
| B1 medium [50,65) | 1010 | 0.4119 | 0.4122 | [0.37, 0.46] | 0.4694 | 0.2803 | 46.72 | 39.52 |
| B2 high [65,90) | 2915 | 0.7359 | 0.7487 | [0.73, 0.76] | 0.7722 | 0.5891 | 30.53 | 19.98 |
| B3 visually-lossless (≥90) | 43 | 0.0035 | 0.0998 | [0.01, 0.42] | 0.1121 | 0.1564 | 23.04 | 8.54 |
| Near-PJND [58,68] | 787 | 0.3551 | 0.3343 | [0.27, 0.39] | 0.3908 | 0.2491 | 42.68 | 34.96 |
| CSIQ | 150 | 0.9690 | 0.9650 | 0.9694 | 0.9562 |
| B0 below medium (<50) | 61 | 0.8270 | 0.7698 | [0.66, 0.87] | 0.8387 | 0.7381 | 62.49 | 50.08 |
| B1 medium [50,65) | 10 | 0.7333 | 0.8909 | [0.41, 1.00] | 0.8788 | 0.7091 | 40.49 | 34.68 |
| B2 high [65,90) | 29 | 0.8458 | 0.8192 | [0.61, 0.92] | 0.8571 | 0.7690 | 25.01 | 18.21 |
| B3 visually-lossless (≥90) | 50 | 0.6224 | 0.6374 | [0.47, 0.75] | 0.6219 | 0.5588 | 16.07 | 2.92 |
| Near-PJND [58,68] | 10 | 0.0545 | 0.0667 | [0.02, 0.84] | 0.1394 | 0.2606 | 36.26 | 30.25 |
=== seed=7 ===
| CID22 | 4292 | 0.8676 | 0.8898 | 0.8895 | 0.7412 |
| B0 below medium (<50) | 324 | 0.4072 | 0.4170 | [0.33, 0.51] | 0.4418 | 0.2041 | 59.45 | 52.65 |
| B1 medium [50,65) | 1010 | 0.4119 | 0.4275 | [0.38, 0.48] | 0.4694 | 0.2803 | 47.65 | 39.52 |
| B2 high [65,90) | 2915 | 0.7359 | 0.7832 | [0.77, 0.80] | 0.7722 | 0.5891 | 32.12 | 19.98 |
| B3 visually-lossless (≥90) | 43 | 0.0035 | 0.1433 | [0.01, 0.47] | 0.1121 | 0.1564 | 25.07 | 8.54 |
| Near-PJND [58,68] | 787 | 0.3551 | 0.3607 | [0.30, 0.42] | 0.3908 | 0.2491 | 43.68 | 34.96 |
| CSIQ | 150 | 0.9690 | 0.9638 | 0.9694 | 0.9562 |
| B0 below medium (<50) | 61 | 0.8270 | 0.7689 | [0.63, 0.87] | 0.8387 | 0.7381 | 63.87 | 50.08 |
| B1 medium [50,65) | 10 | 0.7333 | 0.8667 | [0.36, 1.00] | 0.8788 | 0.7091 | 41.16 | 34.68 |
| B2 high [65,90) | 29 | 0.8458 | 0.8246 | [0.63, 0.93] | 0.8571 | 0.7690 | 25.77 | 18.21 |
| B3 visually-lossless (≥90) | 50 | 0.6224 | 0.6323 | [0.47, 0.74] | 0.6219 | 0.5588 | 18.18 | 2.92 |
| Near-PJND [58,68] | 10 | 0.0545 | 0.2364 | [0.01, 0.88] | 0.1394 | 0.2606 | 36.89 | 30.25 |
=== seed=8 ===
| CID22 | 4292 | 0.8676 | 0.8736 | 0.8895 | 0.7412 |
| B0 below medium (<50) | 324 | 0.4072 | 0.4159 | [0.32, 0.50] | 0.4418 | 0.2041 | 59.36 | 52.65 |
| B1 medium [50,65) | 1010 | 0.4119 | 0.4088 | [0.36, 0.46] | 0.4694 | 0.2803 | 47.54 | 39.52 |
| B2 high [65,90) | 2915 | 0.7359 | 0.7515 | [0.73, 0.77] | 0.7722 | 0.5891 | 30.70 | 19.98 |
| B3 visually-lossless (≥90) | 43 | 0.0035 | 0.1087 | [0.00, 0.42] | 0.1121 | 0.1564 | 22.20 | 8.54 |
| Near-PJND [58,68] | 787 | 0.3551 | 0.3250 | [0.26, 0.38] | 0.3908 | 0.2491 | 43.44 | 34.96 |
| CSIQ | 150 | 0.9690 | 0.9661 | 0.9694 | 0.9562 |
| B0 below medium (<50) | 61 | 0.8270 | 0.7816 | [0.64, 0.89] | 0.8387 | 0.7381 | 62.54 | 50.08 |
| B1 medium [50,65) | 10 | 0.7333 | 0.8182 | [0.36, 1.00] | 0.8788 | 0.7091 | 40.80 | 34.68 |
| B2 high [65,90) | 29 | 0.8458 | 0.8143 | [0.59, 0.92] | 0.8571 | 0.7690 | 25.73 | 18.21 |
| B3 visually-lossless (≥90) | 50 | 0.6224 | 0.6434 | [0.47, 0.75] | 0.6219 | 0.5588 | 15.50 | 2.92 |
| Near-PJND [58,68] | 10 | 0.0545 | 0.1152 | [0.01, 0.88] | 0.1394 | 0.2606 | 36.73 | 30.25 |
=== seed=9 ===
| CID22 | 4292 | 0.8676 | 0.8880 | 0.8895 | 0.7412 |
| B0 below medium (<50) | 324 | 0.4072 | 0.4179 | [0.33, 0.51] | 0.4418 | 0.2041 | 59.50 | 52.65 |
| B1 medium [50,65) | 1010 | 0.4119 | 0.4427 | [0.40, 0.49] | 0.4694 | 0.2803 | 47.65 | 39.52 |
| B2 high [65,90) | 2915 | 0.7359 | 0.7788 | [0.77, 0.79] | 0.7722 | 0.5891 | 31.60 | 19.98 |
| B3 visually-lossless (≥90) | 43 | 0.0035 | 0.2004 | [0.01, 0.51] | 0.1121 | 0.1564 | 23.75 | 8.54 |
| Near-PJND [58,68] | 787 | 0.3551 | 0.3417 | [0.28, 0.40] | 0.3908 | 0.2491 | 43.60 | 34.96 |
| CSIQ | 150 | 0.9690 | 0.9678 | 0.9694 | 0.9562 |
| B0 below medium (<50) | 61 | 0.8270 | 0.8177 | [0.72, 0.89] | 0.8387 | 0.7381 | 64.26 | 50.08 |
| B1 medium [50,65) | 10 | 0.7333 | 0.7455 | [0.31, 0.96] | 0.8788 | 0.7091 | 41.27 | 34.68 |
| B2 high [65,90) | 29 | 0.8458 | 0.8064 | [0.58, 0.92] | 0.8571 | 0.7690 | 25.99 | 18.21 |
| B3 visually-lossless (≥90) | 50 | 0.6224 | 0.6298 | [0.45, 0.74] | 0.6219 | 0.5588 | 17.52 | 2.92 |
| Near-PJND [58,68] | 10 | 0.0545 | 0.0667 | [0.03, 0.83] | 0.1394 | 0.2606 | 36.98 | 30.25 |
=== seed=42 ===
| CID22 | 4292 | 0.8676 | 0.8814 | 0.8895 | 0.7412 |
| B0 below medium (<50) | 324 | 0.4072 | 0.3808 | [0.29, 0.48] | 0.4418 | 0.2041 | 59.42 | 52.65 |
| B1 medium [50,65) | 1010 | 0.4119 | 0.4253 | [0.37, 0.48] | 0.4694 | 0.2803 | 47.67 | 39.52 |
| B2 high [65,90) | 2915 | 0.7359 | 0.7687 | [0.75, 0.78] | 0.7722 | 0.5891 | 32.13 | 19.98 |
| B3 visually-lossless (≥90) | 43 | 0.0035 | 0.1309 | [0.01, 0.44] | 0.1121 | 0.1564 | 24.77 | 8.54 |
| Near-PJND [58,68] | 787 | 0.3551 | 0.3387 | [0.28, 0.39] | 0.3908 | 0.2491 | 43.76 | 34.96 |
| CSIQ | 150 | 0.9690 | 0.9654 | 0.9694 | 0.9562 |
| B0 below medium (<50) | 61 | 0.8270 | 0.7973 | [0.66, 0.89] | 0.8387 | 0.7381 | 63.57 | 50.08 |
| B1 medium [50,65) | 10 | 0.7333 | 0.7455 | [0.23, 1.00] | 0.8788 | 0.7091 | 41.09 | 34.68 |
| B2 high [65,90) | 29 | 0.8458 | 0.8236 | [0.62, 0.92] | 0.8571 | 0.7690 | 25.98 | 18.21 |
| B3 visually-lossless (≥90) | 50 | 0.6224 | 0.6250 | [0.46, 0.73] | 0.6219 | 0.5588 | 17.72 | 2.92 |
| Near-PJND [58,68] | 10 | 0.0545 | 0.0061 | [0.01, 0.76] | 0.1394 | 0.2606 | 36.83 | 30.25 |
