=== /mnt/v/output/zensim/diffmap-coherence-2026-07-18/city.png vs /mnt/v/output/zensim/diffmap-coherence-2026-07-18/city_q20.jpg (576x576, 4 scales, 18.1 ms) ===
block                n_values          min          max     doc_lo     doc_hi
basic (bounded)           108     0.002562     0.511645       0.00       2.00
soft-peak                  36     0.013481     0.250674       0.00       2.00
masked                     48     0.002331     0.082390       0.00       2.00
iw                         48     0.002562     0.156105       0.00       2.00
pjnd                       24     0.033362     0.752220       0.00       1.00

=== /mnt/v/output/zensim/diffmap-coherence-2026-07-18/city.png vs /mnt/v/output/zensim/diffmap-coherence-2026-07-18/city_q50.jpg (576x576, 4 scales, 14.8 ms) ===
block                n_values          min          max     doc_lo     doc_hi
basic (bounded)           108     0.000478     0.355740       0.00       2.00
soft-peak                  36     0.002905     0.224105       0.00       2.00
masked                     48     0.000453     0.058016       0.00       2.00
iw                         48     0.000485     0.120221       0.00       2.00
pjnd                       24     0.014466     0.752220       0.00       1.00

=== /mnt/v/output/zensim/diffmap-coherence-2026-07-18/city.png vs /mnt/v/output/zensim/diffmap-coherence-2026-07-18/city_q75.jpg (576x576, 4 scales, 16.7 ms) ===
block                n_values          min          max     doc_lo     doc_hi
basic (bounded)           108     0.000142     0.349657       0.00       2.00
soft-peak                  36     0.000738     0.200394       0.00       2.00
masked                     48     0.000127     0.050167       0.00       2.00
iw                         48     0.000140     0.101478       0.00       2.00
pjnd                       24     0.007713     0.752220       0.00       1.00

=== /mnt/v/output/zensim/diffmap-coherence-2026-07-18/dog.png vs /mnt/v/output/zensim/diffmap-coherence-2026-07-18/dog_q20.jpg (576x576, 4 scales, 14.6 ms) ===
block                n_values          min          max     doc_lo     doc_hi
basic (bounded)           108     0.002744     0.478811       0.00       2.00
soft-peak                  36     0.011568     0.277354       0.00       2.00
masked                     48     0.002852     0.132740       0.00       2.00
iw                         48     0.002720     0.161557       0.00       2.00
pjnd                       24     0.034367     0.675956       0.00       1.00

=== /mnt/v/output/zensim/diffmap-coherence-2026-07-18/dog.png vs /mnt/v/output/zensim/diffmap-coherence-2026-07-18/dog_q50.jpg (576x576, 4 scales, 14.9 ms) ===
block                n_values          min          max     doc_lo     doc_hi
basic (bounded)           108     0.000473     0.413830       0.00       2.00
soft-peak                  36     0.002040     0.258441       0.00       2.00
masked                     48     0.000491     0.120808       0.00       2.00
iw                         48     0.000469     0.145366       0.00       2.00
pjnd                       24     0.014402     0.675956       0.00       1.00

=== /mnt/v/output/zensim/diffmap-coherence-2026-07-18/dog.png vs /mnt/v/output/zensim/diffmap-coherence-2026-07-18/dog_q75.jpg (576x576, 4 scales, 17.2 ms) ===
block                n_values          min          max     doc_lo     doc_hi
basic (bounded)           108     0.000139     0.374814       0.00       2.00
soft-peak                  36     0.000595     0.242972       0.00       2.00
masked                     48     0.000143     0.110051       0.00       2.00
iw                         48     0.000138     0.131035       0.00       2.00
pjnd                       24     0.007794     0.675956       0.00       1.00

=== /mnt/v/output/zensim/diffmap-coherence-2026-07-18/girl.png vs /mnt/v/output/zensim/diffmap-coherence-2026-07-18/girl_q20.jpg (576x576, 4 scales, 16.0 ms) ===
block                n_values          min          max     doc_lo     doc_hi
basic (bounded)           108     0.000833     0.200938       0.00       2.00
soft-peak                  36     0.004235     0.291312       0.00       2.00
masked                     48     0.000611     0.044340       0.00       2.00
iw                         48     0.000904     0.150070       0.00       2.00
pjnd                       24     0.027839     0.766865       0.00       1.00

=== /mnt/v/output/zensim/diffmap-coherence-2026-07-18/girl.png vs /mnt/v/output/zensim/diffmap-coherence-2026-07-18/girl_q50.jpg (576x576, 4 scales, 16.6 ms) ===
block                n_values          min          max     doc_lo     doc_hi
basic (bounded)           108     0.000315     0.176155       0.00       2.00
soft-peak                  36     0.000962     0.257713       0.00       2.00
masked                     48     0.000209     0.034599       0.00       2.00
iw                         48     0.000255     0.121558       0.00       2.00
pjnd                       24     0.009637     0.766865       0.00       1.00

=== /mnt/v/output/zensim/diffmap-coherence-2026-07-18/girl.png vs /mnt/v/output/zensim/diffmap-coherence-2026-07-18/girl_q75.jpg (576x576, 4 scales, 16.3 ms) ===
block                n_values          min          max     doc_lo     doc_hi
basic (bounded)           108     0.000175     0.155743       0.00       2.00
soft-peak                  36     0.000546     0.234207       0.00       2.00
masked                     48     0.000083     0.030764       0.00       2.00
iw                         48     0.000105     0.102870       0.00       2.00
pjnd                       24     0.005554     0.766865       0.00       1.00

=== /mnt/v/output/clean-picker-corpus-2026-06-26/o_9292.png.scale1024x683.png vs /home/lilith/tmp/o_9292_q20.jpg (1024x683, 4 scales, 41.3 ms) ===
block                n_values          min          max     doc_lo     doc_hi
basic (bounded)           108     0.000386     0.276145       0.00       2.00
soft-peak                  36     0.001733     0.237916       0.00       2.00
masked                     48     0.000307     0.018216       0.00       2.00
iw                         48     0.000438     0.156058       0.00       2.00
pjnd                       24     0.008794     0.906443       0.00       1.00

=== /mnt/v/output/clean-picker-corpus-2026-06-26/o_9292.png.scale1024x683.png vs /home/lilith/tmp/o_9292_q50.jpg (1024x683, 4 scales, 43.5 ms) ===
block                n_values          min          max     doc_lo     doc_hi
basic (bounded)           108     0.000116     0.255651       0.00       2.00
soft-peak                  36     0.000557     0.209118       0.00       2.00
masked                     48     0.000037     0.015400       0.00       2.00
iw                         48     0.000081     0.122845       0.00       2.00
pjnd                       24     0.004894     0.906443       0.00       1.00

OK: every block stayed within its documented bound on every pair.

---
Meta: zensim workspace zensim--feature-v2e, phase-5 strip-tiled v2 pipeline
(STRIP_ROWS=128). Parent commit 7696b62a (phase-4 landing).
Command: cargo build --release -p zensim --features feature-regime-v2 --example v2_bounds_smoke
         ./target/release/examples/v2_bounds_smoke <9 real pairs> <2 o_9292 pairs>
Corpus: /mnt/v/output/zensim/diffmap-coherence-2026-07-18/{city,dog,girl}.png
(576x576 references) against ImageMagick JPEG q20/q50/q75 encodes (9 pairs),
PLUS /mnt/v/output/clean-picker-corpus-2026-06-26/o_9292.png.scale1024x683.png
(the real image behind v1's 5,814,302-max explosion) against q20/q50 JPEG
encodes generated via gen_jpeg_distortion in an earlier phase and reused
unchanged from ~/tmp/o_9292_q{20,50}.jpg (2 pairs). 11 pairs total.

Result: 11/11 pairs stay within documented per-block bounds. Values match
docs/FEATURE_V2_SPEC_2026-07-18.md SS A.7's ORIGINAL pre-any-perf-pass table
to printed precision on spot-checked entries (city q20 basic 0.0026-0.5114,
identical) and SS A.13.6's phase-3 o_9292 re-run (basic max 0.276, pjnd max
0.906) to 3 decimal places -- the strip-order accumulation reassociation
introduced no numerically-meaningful drift on the bounds-smoke corpus.
