[zenbench] calibration: int=0.24ns/iter mem_bw=85.4GiB/s mem_lat=9.7ns
[zenbench] timer resolution: 10ns, loop overhead: 0.18ns/iter, TSC: 4.491 ticks/ns (invariant)
[zenbench] results → /tmp/zenbench/zenbench-1784453296-1931a.txt

═══════════════════════════════════════════════════════════════
  zenbench  1784453296-1931a
═══════════════════════════════════════════════════════════════

  extract_256x256  4 rounds × 1 calls ⚠ only 4 rounds
                         mean ±mad ms  95% CI vs base     ops/s
  ├─ v1_372feat_1thread   3.7 ±0.1ms  [3.5–3.9]ms        17.7M
  ├─ v1_372feat_Nthread   3.9 ±0.1ms  [+0.7%–+8.7%]      16.9M [1]
  ├─ v2_bounded_1thread   4.8 ±0.1ms  [+21.4%–+35.0%]    13.8M
  ╰─ v2_bounded_Nthread   3.6 ±0.2ms  [-10.7%–+6.0%]     18.4M [2] [3]

  v2_bounded_Nthread  ██████████████████████████████████████████████ 18.4 Mops/s
  v1_372feat_1thread  ████████████████████████████████████████████ 17.7 Mops/s
  v1_372feat_Nthread  ██████████████████████████████████████████ 16.9 Mops/s
  v2_bounded_1thread  ██████████████████████████████████ 13.8 Mops/s
  [1] CI crosses zero
  [2] CI crosses zero
  [3] drift r=-0.80 — later rounds faster

  extract_320x320  4 rounds × 1 calls ⚠ only 4 rounds
                         mean ±mad ms  95% CI vs base     ops/s
  ├─ v1_372feat_1thread   5.4 ±0.3ms  [5.1–5.6]ms        19.1M
  ├─ v1_372feat_Nthread   4.6 ±0.2ms  [-13.6%–-9.8%]     22.2M
  ├─ v2_bounded_1thread   7.0 ±0.5ms  [+23.2%–+36.2%]    14.7M [1]
  ╰─ v2_bounded_Nthread   4.7 ±0.3ms  [-10.9%–-6.7%]     21.9M

  v1_372feat_Nthread  ██████████████████████████████████████████████ 22.2 Mops/s
  v2_bounded_Nthread  █████████████████████████████████████████████ 21.9 Mops/s
  v1_372feat_1thread  ████████████████████████████████████████ 19.1 Mops/s
  v2_bounded_1thread  ███████████████████████████████ 14.7 Mops/s
  [1] drift r=0.80 — later rounds slower

  extract_384x384  4 rounds × 1 calls ⚠ only 4 rounds
                         mean ±mad ms  95% CI vs base     ops/s
  ├─ v1_372feat_1thread    7.8 ±0.5ms  [7.4–8.2]ms        19.0M
  ├─ v1_372feat_Nthread    5.1 ±0.4ms  [-40.6%–-28.7%]    28.9M
  ├─ v2_bounded_1thread   10.5 ±0.1ms  [+35.5%–+41.8%]    14.1M [1]
  ╰─ v2_bounded_Nthread    6.1 ±0.3ms  [-27.3%–-16.2%]    24.1M

  v1_372feat_Nthread  ██████████████████████████████████████████████ 28.9 Mops/s
  v2_bounded_Nthread  ██████████████████████████████████████ 24.1 Mops/s
  v1_372feat_1thread  ██████████████████████████████ 19.0 Mops/s
  v2_bounded_1thread  ██████████████████████ 14.1 Mops/s
  [1] drift r=1.00 — later rounds slower

  extract_448x448  4 rounds × 1 calls ⚠ only 4 rounds
                         mean ±mad ms  95% CI vs base     ops/s
  ├─ v1_372feat_1thread   10.4 ±0.5ms  [9.9–10.7]ms       19.4M
  ├─ v1_372feat_Nthread    6.8 ±0.3ms  [-42.1%–-20.9%]    29.7M
  ├─ v2_bounded_1thread   14.7 ±1.0ms  [+29.4%–+55.2%]    13.6M [1]
  ╰─ v2_bounded_Nthread    8.5 ±0.3ms  [-17.2%–-14.8%]    23.6M

  v1_372feat_Nthread  ██████████████████████████████████████████████ 29.7 Mops/s
  v2_bounded_Nthread  █████████████████████████████████████ 23.6 Mops/s
  v1_372feat_1thread  ██████████████████████████████ 19.4 Mops/s
  v2_bounded_1thread  █████████████████████ 13.6 Mops/s
  [1] drift r=0.80 — later rounds slower

  extract_512x512  4 rounds × 1 calls ⚠ only 4 rounds
                         mean ±mad ms  95% CI vs base     ops/s
  ├─ v1_372feat_1thread   14.6 ±0.4ms  [14.2–15.3]ms      17.9M
  ├─ v1_372feat_Nthread    7.8 ±0.4ms  [-55.1%–-38.9%]    33.7M [1]
  ├─ v2_bounded_1thread   23.8 ±1.1ms  [+51.5%–+78.6%]    11.0M
  ╰─ v2_bounded_Nthread   12.7 ±0.5ms  [-18.9%–-7.2%]     20.7M

  v1_372feat_Nthread  ██████████████████████████████████████████████ 33.7 Mops/s
  v2_bounded_Nthread  ████████████████████████████ 20.7 Mops/s
  v1_372feat_1thread  ████████████████████████ 17.9 Mops/s
  v2_bounded_1thread  ███████████████ 11.0 Mops/s
  [1] drift r=0.60 — later rounds slower

---
Meta: zensim workspace zensim--feature-v2f, phase-6 lever-B crossover sweep,
STRIP_BYPASS_HEIGHT temporarily forced to 0 (strip path used at every size).
Same lever-A (division-fusion) code as the shipped state. Parent commit
65c20dd0 (phase-5 landing). Sizes 256/320/384/448/512 (partial run, killed
after 512² per the coordinator's hard-stop directive -- 576/1024/2048 were
in flight but not needed for the crossover decision).
Command: cargo build -p zensim --features training,feature-regime-v2 --bench v2_speed_baseline --release
         ./target/release/deps/v2_speed_baseline-<hash>   (SIZES array temporarily widened to include 320/384/448/512)
Results: 256=1.30x 320=1.29x 384=1.35x 448=1.41x 512=1.63x (v2/v1 ratio, 1-thread).
See docs/FEATURE_V2_SPEC_2026-07-18.md SS A.16.4 for the paired bypass-forced
comparison and the crossover verdict.
