warning: patch `jxl-encoder v0.3.2 (/Users/lilith/work/zen/jxl-encoder/jxl-encoder)` was not used in the crate graph
help: Check that the patched package version and available features are compatible
      with the dependency requirements. If the patch has a different version from
      what is locked in the Cargo.lock file, run `cargo update` to use the new
      version. This may also occur with an optional dependency that is not enabled.
   Compiling proc-macro2 v1.0.107
   Compiling quote v1.0.47
   Compiling unicode-ident v1.0.24
   Compiling libm v0.2.16
   Compiling autocfg v1.5.1
   Compiling crossbeam-utils v0.8.22
   Compiling crossbeam-epoch v0.9.20
   Compiling memchr v2.8.3
   Compiling libc v0.2.189
   Compiling num-traits v0.2.19
   Compiling cfg-if v1.0.4
   Compiling crossbeam-deque v0.8.7
   Compiling either v1.17.0
   Compiling rayon-core v1.13.0
   Compiling thiserror v2.0.19
   Compiling serde_core v1.0.229
   Compiling bitflags v2.13.1
   Compiling syn v2.0.119
   Compiling syn v3.0.3
   Compiling log v0.4.33
   Compiling zerocopy v0.8.55
   Compiling simd-adler32 v0.3.10
   Compiling paste v1.0.15
   Compiling num-integer v0.1.46
   Compiling serde v1.0.229
   Compiling num-bigint v0.4.8
   Compiling find-msvc-tools v0.1.9
   Compiling anyhow v1.0.104
   Compiling rayon v1.12.0
   Compiling rustversion v1.0.23
   Compiling shlex v2.0.1
   Compiling zmij v1.0.23
   Compiling cc v1.4.0
   Compiling num-rational v0.4.2
   Compiling thiserror-impl v2.0.19
   Compiling serde_derive v1.0.229
   Compiling adler2 v2.0.1
   Compiling crc32fast v1.5.0
   Compiling utf8parse v0.2.2
   Compiling arrayvec v0.7.8
   Compiling itoa v1.0.18
   Compiling yuvxyb-math v0.1.1
   Compiling imgref v1.12.2
   Compiling stable_deref_trait v1.2.1
   Compiling serde_json v1.0.151
   Compiling safe_unaligned_simd v0.2.5
   Compiling as-slice v0.2.1
   Compiling anstyle-parse v1.0.0
   Compiling bytemuck_derive v1.11.0
   Compiling equator-macro v0.4.2
   Compiling num-derive v0.4.2
   Compiling zerocopy-derive v0.8.55
   Compiling archmage-macros v0.9.28
   Compiling equator v0.4.2
   Compiling miniz_oxide v0.8.9
   Compiling bytemuck v1.25.2
   Compiling av-scenechange v0.14.1
   Compiling archmage v0.9.28
   Compiling aligned-vec v0.6.4
   Compiling anstyle-query v1.1.5
   Compiling anstyle v1.0.14
   Compiling colorchoice v1.0.5
   Compiling rustix v1.1.4
   Compiling v_frame v0.3.9
   Compiling version_check v0.9.5
   Compiling bytes v1.12.1
   Compiling byte-slice-cast v1.2.3
   Compiling built v0.8.1
   Compiling is_terminal_polyfill v1.70.2
   Compiling anstream v1.0.0
   Compiling wide v1.5.0
   Compiling rgb v0.8.53
   Compiling av-data v0.4.4
   Compiling rav1e v0.8.1
   Compiling pulp v0.22.3
   Compiling magetypes v0.9.28
   Compiling profiling-procmacros v1.0.18
   Compiling arg_enum_proc_macro v0.3.4
   Compiling aligned v0.4.3
   Compiling errno v0.3.14
   Compiling no_std_io2 v0.9.4
   Compiling nom v8.0.0
   Compiling lz4_flex v0.11.6
   Compiling quick-error v2.0.1
   Compiling y4m v0.8.0
   Compiling pastey v0.1.1
   Compiling heck v0.5.0
   Compiling strsim v0.11.1
   Compiling clap_lex v1.1.0
   Compiling clap_derive v4.6.4
   Compiling clap_builder v4.6.2
   Compiling bitstream-io v4.10.0
   Compiling half v2.7.1
   Compiling profiling v1.0.18
   Compiling flate2 v1.1.9
   Compiling num-complex v0.4.6
   Compiling maybe-rayon v0.1.1
   Compiling alloca v0.4.0
   Compiling objc2-core-foundation v0.3.2
   Compiling simd_helpers v0.1.0
   Compiling itertools v0.14.0
   Compiling av1-grain v0.2.5
   Compiling ciborium-io v0.2.2
   Compiling zune-core v0.5.1
   Compiling new_debug_unreachable v1.0.6
   Compiling weezl v0.1.12
   Compiling noop_proc_macro v0.3.0
   Compiling reborrow v0.5.5
   Compiling pulp-wasm-simd-flag v0.1.1
   Compiling regex-syntax v0.8.11
   Compiling zune-jpeg v0.5.15
   Compiling objc2-io-kit v0.3.2
   Compiling ciborium-ll v0.2.2
   Compiling clap v4.6.4
   Compiling v_frame v0.5.2
   Compiling loop9 v0.1.5
   Compiling regex-automata v0.4.16
   Compiling fast-ssim2 v0.8.2
   Compiling ssimulacra2 v0.5.1
   Compiling avif-serialize v0.8.9
   Compiling zune-inflate v0.2.54
   Compiling fdeflate v0.3.7
   Compiling itertools v0.13.0
   Compiling same-file v1.0.6
   Compiling cast v0.3.0
   Compiling smallvec v1.15.2
   Compiling lebe v0.5.3
   Compiling bit_field v0.10.3
   Compiling pxfm v0.1.30
   Compiling byteorder-lite v0.1.0
   Compiling color_quant v1.1.0
   Compiling fax v0.2.7
   Compiling tiff v0.11.3
   Compiling criterion-plot v0.8.2
   Compiling gif v0.14.2
   Compiling regex v1.13.1
   Compiling image-webp v0.2.4
   Compiling moxcms v0.8.1
   Compiling exr v1.74.2
   Compiling walkdir v2.5.0
   Compiling png v0.18.1
   Compiling yuvxyb v0.5.0
   Compiling ravif v0.13.0
   Compiling ciborium v0.2.2
   Compiling sysinfo v0.36.1
   Compiling linear-srgb v0.6.12
   Compiling terminal_size v0.4.4
   Compiling fs4 v1.1.0
   Compiling yuvxyb v0.4.2
   Compiling zenpredict v0.2.1 (https://github.com/imazen/zenanalyze?rev=9a9be8200f26f643b45338711426cacae820f3a1#9a9be820)
   Compiling zenpredict v0.2.0 (https://github.com/imazen/zenanalyze?rev=a7d82249a189cffa1d72261c351e1dd7b383d790#a7d82249)
   Compiling tinytemplate v1.2.1
   Compiling qoi v0.4.1
   Compiling zensim-bench v0.0.0 (/Users/lilith/work/zen/zensim/zensim-bench)
   Compiling page_size v0.6.0
   Compiling csv-core v0.1.13
   Compiling ryu v1.0.23
   Compiling oorandom v11.1.5
   Compiling anes v0.1.6
   Compiling enough v0.3.1
   Compiling zenpnm v0.1.0
   Compiling csv v1.4.0
   Compiling criterion v0.8.2
   Compiling image v0.25.10
   Compiling zensim v0.3.0 (/Users/lilith/work/zen/zensim/zensim)
   Compiling zenpredict-bake v0.1.0 (https://github.com/imazen/zenanalyze?rev=9a9be8200f26f643b45338711426cacae820f3a1#9a9be820)
warning: function `fused_blur_h_ssim3` is never used
    --> /Users/lilith/work/zen/zensim/zensim/src/blur.rs:2357:8
     |
2357 | pub fn fused_blur_h_ssim3(
     |        ^^^^^^^^^^^^^^^^^^
     |
     = note: `#[warn(dead_code)]` (part of `#[warn(unused)]`) on by default

warning: zensim-bench@0.0.0: In file included from ffi/ssimulacra2_ffi.cpp:9:
warning: zensim-bench@0.0.0: In file included from /Users/lilith/work/zen/zensim/zensim-bench/vendor/libjxl/lib/jxl/base/status.h:18:
warning: zensim-bench@0.0.0: /Users/lilith/work/zen/zensim/zensim-bench/vendor/libjxl/lib/jxl/base/common.h:133:40: warning: unused parameter 'other' [-Wunused-parameter]
warning: zensim-bench@0.0.0:   133 |       const UninitializedAllocator<U>& other) noexcept {}
warning: zensim-bench@0.0.0:       |                                        ^
warning: zensim-bench@0.0.0: /Users/lilith/work/zen/zensim/zensim-bench/vendor/libjxl/lib/jxl/base/common.h:141:21: warning: unused parameter 'place' [-Wunused-parameter]
warning: zensim-bench@0.0.0:   141 |   void construct(U* place, Args&&... args) {}
warning: zensim-bench@0.0.0:       |                     ^
warning: zensim-bench@0.0.0: /Users/lilith/work/zen/zensim/zensim-bench/vendor/libjxl/lib/jxl/base/common.h:141:38: warning: unused parameter 'args' [-Wunused-parameter]
warning: zensim-bench@0.0.0:   141 |   void construct(U* place, Args&&... args) {}
warning: zensim-bench@0.0.0:       |                                      ^
warning: zensim-bench@0.0.0: /Users/lilith/work/zen/zensim/zensim-bench/vendor/libjxl/lib/jxl/base/common.h:144:19: warning: unused parameter 'place' [-Wunused-parameter]
warning: zensim-bench@0.0.0:   144 |   void destroy(U* place) {}
warning: zensim-bench@0.0.0:       |                   ^
warning: zensim-bench@0.0.0: In file included from ffi/ssimulacra2_ffi.cpp:12:
warning: zensim-bench@0.0.0: In file included from /Users/lilith/work/zen/zensim/zensim-bench/vendor/libjxl/lib/jxl/image_bundle.h:22:
warning: zensim-bench@0.0.0: /Users/lilith/work/zen/zensim/zensim-bench/vendor/libjxl/lib/jxl/base/data_parallel.h:146:36: warning: unused parameter 'num_threads' [-Wunused-parameter]
warning: zensim-bench@0.0.0:   146 |   const auto init_func = [](size_t num_threads) -> Status { return true; };
warning: zensim-bench@0.0.0:       |                                    ^
warning: zensim-bench@0.0.0: /Users/lilith/work/zen/zensim/zensim-bench/vendor/libjxl/lib/jxl/base/data_parallel.h:144:42: warning: unused parameter 'no_init_func' [-Wunused-parameter]
warning: zensim-bench@0.0.0:   144 |                  const ThreadPoolNoInit& no_init_func,
warning: zensim-bench@0.0.0:       |                                          ^
warning: zensim-bench@0.0.0: 6 warnings generated.
warning: zensim-bench@0.0.0: In file included from ffi/butteraugli_ffi.cpp:8:
warning: zensim-bench@0.0.0: In file included from /Users/lilith/work/zen/zensim/zensim-bench/vendor/libjxl/lib/jxl/base/status.h:18:
warning: zensim-bench@0.0.0: /Users/lilith/work/zen/zensim/zensim-bench/vendor/libjxl/lib/jxl/base/common.h:133:40: warning: unused parameter 'other' [-Wunused-parameter]
warning: zensim-bench@0.0.0:   133 |       const UninitializedAllocator<U>& other) noexcept {}
warning: zensim-bench@0.0.0:       |                                        ^
warning: zensim-bench@0.0.0: /Users/lilith/work/zen/zensim/zensim-bench/vendor/libjxl/lib/jxl/base/common.h:141:21: warning: unused parameter 'place' [-Wunused-parameter]
warning: zensim-bench@0.0.0:   141 |   void construct(U* place, Args&&... args) {}
warning: zensim-bench@0.0.0:       |                     ^
warning: zensim-bench@0.0.0: /Users/lilith/work/zen/zensim/zensim-bench/vendor/libjxl/lib/jxl/base/common.h:141:38: warning: unused parameter 'args' [-Wunused-parameter]
warning: zensim-bench@0.0.0:   141 |   void construct(U* place, Args&&... args) {}
warning: zensim-bench@0.0.0:       |                                      ^
warning: zensim-bench@0.0.0: /Users/lilith/work/zen/zensim/zensim-bench/vendor/libjxl/lib/jxl/base/common.h:144:19: warning: unused parameter 'place' [-Wunused-parameter]
warning: zensim-bench@0.0.0:   144 |   void destroy(U* place) {}
warning: zensim-bench@0.0.0:       |                   ^
warning: zensim-bench@0.0.0: 4 warnings generated.
warning: zensim-bench@0.0.0: Skipping C++ FFI benchmarks: ssimulacra2.cc.o not found at /Users/lilith/work/zen/zensim/zensim-bench/vendor/libjxl/build/tools/CMakeFiles/ssimulacra2.dir/ssimulacra2.cc.o
   Compiling zenbench v0.1.9
   Compiling butteraugli v0.9.3
   Compiling zenstats v0.1.0 (/Users/lilith/work/zen/zenmetrics/crates/zenstats)
warning: `zensim` (lib) generated 1 warning
   Compiling which v8.0.5
    Finished `bench` profile [optimized] target(s) in 24.10s
     Running benches/tier_isolation.rs (target/release/deps/tier_isolation-5dcda54ece23f653)
[tier_isolation] comparing neon vs forced scalar
Benchmarking zensim/256x256/neon
Benchmarking zensim/256x256/neon: Warming up for 1.0000 s

Warning: Unable to complete 100 samples in 3.0s. You may wish to increase target time to 5.7s, enable flat sampling, or reduce sample count to 50.
Benchmarking zensim/256x256/neon: Collecting 100 samples in estimated 5.6529 s (5050 iterations)
Benchmarking zensim/256x256/neon: Analyzing
zensim/256x256/neon     time:   [1.0640 ms 1.0676 ms 1.0721 ms]
Found 9 outliers among 100 measurements (9.00%)
  1 (1.00%) low severe
  3 (3.00%) low mild
  5 (5.00%) high mild
Benchmarking zensim/256x256/scalar
Benchmarking zensim/256x256/scalar: Warming up for 1.0000 s
Benchmarking zensim/256x256/scalar: Collecting 100 samples in estimated 3.0051 s (2400 iterations)
Benchmarking zensim/256x256/scalar: Analyzing
zensim/256x256/scalar   time:   [1.2475 ms 1.2521 ms 1.2571 ms]
Found 4 outliers among 100 measurements (4.00%)
  3 (3.00%) high mild
  1 (1.00%) high severe

Benchmarking zensim/512x512/neon
Benchmarking zensim/512x512/neon: Warming up for 1.0000 s
Benchmarking zensim/512x512/neon: Collecting 100 samples in estimated 3.1414 s (1300 iterations)
Benchmarking zensim/512x512/neon: Analyzing
zensim/512x512/neon     time:   [2.4435 ms 2.4541 ms 2.4658 ms]
Found 4 outliers among 100 measurements (4.00%)
  2 (2.00%) high mild
  2 (2.00%) high severe
Benchmarking zensim/512x512/scalar
Benchmarking zensim/512x512/scalar: Warming up for 1.0000 s
Benchmarking zensim/512x512/scalar: Collecting 100 samples in estimated 3.0692 s (1000 iterations)
Benchmarking zensim/512x512/scalar: Analyzing
zensim/512x512/scalar   time:   [3.0873 ms 3.0959 ms 3.1051 ms]
Found 4 outliers among 100 measurements (4.00%)
  3 (3.00%) high mild
  1 (1.00%) high severe

Benchmarking zensim/1920x1080/neon
Benchmarking zensim/1920x1080/neon: Warming up for 1.0000 s
Benchmarking zensim/1920x1080/neon: Collecting 100 samples in estimated 4.2979 s (300 iterations)
Benchmarking zensim/1920x1080/neon: Analyzing
zensim/1920x1080/neon   time:   [14.477 ms 14.508 ms 14.541 ms]
Found 3 outliers among 100 measurements (3.00%)
  2 (2.00%) high mild
  1 (1.00%) high severe
Benchmarking zensim/1920x1080/scalar
Benchmarking zensim/1920x1080/scalar: Warming up for 1.0000 s
Benchmarking zensim/1920x1080/scalar: Collecting 100 samples in estimated 3.7153 s (200 iterations)
Benchmarking zensim/1920x1080/scalar: Analyzing
zensim/1920x1080/scalar time:   [18.761 ms 18.805 ms 18.850 ms]
Found 3 outliers among 100 measurements (3.00%)
  3 (3.00%) high mild

