# Baseline-metric SROCC vs human MOS

Max 999999 pairs per dataset.

| Dataset | n | V0_2 | V0_4 (bake) | fast-ssim2 | butteraugli |
|---------|--:|:----:|:-----------:|:----------:|:-----------:|
=== KADIK10k (n=10125) ===
  1012/10125 (79.6/s, ETA 115s)
  2024/10125 (78.4/s, ETA 103s)
  3036/10125 (78.6/s, ETA 90s)
  4048/10125 (78.6/s, ETA 77s)
  5060/10125 (78.7/s, ETA 64s)
  6072/10125 (78.6/s, ETA 52s)
  7084/10125 (78.6/s, ETA 39s)
  8096/10125 (78.5/s, ETA 26s)
  9108/10125 (78.3/s, ETA 13s)
  10120/10125 (78.5/s, ETA 0s)
| KADIK10k | 10125 | 0.8192 | 0.9418 | 0.8133 | 0.6062 |
  done 10125/10125 valid in 129.4s

### KADIK10k per-band SROCC (vs human MOS)

| Band | n | V0_2 | V0_4 (bake) | V0_4 95% CI | fast-ssim2 | butter | V0_4 MAE | V0_2 MAE |
|---|--:|:--:|:--:|:--:|:--:|:--:|--:|--:|
| B0 below medium (<3.7) | 6620 | 0.6633 | 0.8789 | [0.87, 0.88] | 0.6368 | 0.3935 | 62.89 | 50.71 |
| B1 medium [3.7,4.3) | 1671 | 0.2385 | 0.4181 | [0.37, 0.46] | 0.2593 | 0.1399 | 28.18 | 19.89 |
| B2 high [4.3,4.5) | 787 | 0.2025 | 0.2411 | [0.18, 0.30] | 0.2115 | 0.1445 | 21.61 | 12.34 |
| B3 visually-lossless (≥4.5) | 1047 | 0.2326 | 0.2618 | [0.21, 0.32] | 0.2396 | 0.1979 | 19.39 | 7.95 |
| Near-PJND [3.9,4.2] | 808 | 0.0969 | 0.1873 | [0.11, 0.26] | 0.0993 | 0.0397 | 27.40 | 19.20 |

=== TID2013 (n=3000) ===
  300/3000 (78.4/s, ETA 34s)
  600/3000 (80.1/s, ETA 30s)
  900/3000 (80.7/s, ETA 26s)
  1200/3000 (81.4/s, ETA 22s)
  1500/3000 (81.7/s, ETA 18s)
  1800/3000 (81.8/s, ETA 15s)
  2100/3000 (82.1/s, ETA 11s)
  2400/3000 (82.3/s, ETA 7s)
  2700/3000 (82.6/s, ETA 4s)
  3000/3000 (81.9/s, ETA 0s)
| TID2013 | 3000 | 0.8427 | 0.9496 | 0.8460 | 0.6696 |
  done 3000/3000 valid in 36.7s

### TID2013 per-band SROCC (vs human MOS)

| Band | n | V0_2 | V0_4 (bake) | V0_4 95% CI | fast-ssim2 | butter | V0_4 MAE | V0_2 MAE |
|---|--:|:--:|:--:|:--:|:--:|:--:|--:|--:|
| B0 below medium (<4.5) | 1418 | 0.7762 | 0.8802 | [0.86, 0.89] | 0.7351 | 0.4438 | 59.07 | 48.22 |
| B1 medium [4.5,5.5) | 797 | 0.4195 | 0.6346 | [0.59, 0.67] | 0.4320 | 0.3054 | 46.59 | 40.16 |
| B2 high [5.5,6.0) | 556 | 0.1655 | 0.3480 | [0.28, 0.43] | 0.1429 | 0.0676 | 41.34 | 33.70 |
| B3 visually-lossless (≥6.0) | 229 | 0.3091 | 0.0797 | [0.00, 0.20] | 0.2738 | 0.2813 | 37.38 | 27.53 |
| Near-PJND [4.8,5.2] | 310 | 0.2073 | 0.3628 | [0.26, 0.47] | 0.2073 | 0.1877 | 46.47 | 40.07 |

=== CID22 (n=4292) ===
  429/4292 (54.9/s, ETA 70s)
  858/4292 (53.0/s, ETA 65s)
  1287/4292 (52.2/s, ETA 58s)
  1716/4292 (51.6/s, ETA 50s)
  2145/4292 (51.5/s, ETA 42s)
  2574/4292 (51.1/s, ETA 34s)
  3003/4292 (51.0/s, ETA 25s)
  3432/4292 (50.9/s, ETA 17s)
  3861/4292 (51.0/s, ETA 8s)
  4290/4292 (51.2/s, ETA 0s)
| CID22 | 4292 | 0.8676 | 0.8705 | 0.8895 | 0.7412 |
  done 4292/4292 valid in 84.3s

### CID22 per-band SROCC (vs human MOS)

| Band | n | V0_2 | V0_4 (bake) | V0_4 95% CI | fast-ssim2 | butter | V0_4 MAE | V0_2 MAE |
|---|--:|:--:|:--:|:--:|:--:|:--:|--:|--:|
| B0 below medium (<50) | 324 | 0.4072 | 0.3851 | [0.29, 0.48] | 0.4418 | 0.2041 | 58.37 | 52.65 |
| B1 medium [50,65) | 1010 | 0.4119 | 0.3910 | [0.34, 0.45] | 0.4694 | 0.2803 | 46.20 | 39.52 |
| B2 high [65,90) | 2915 | 0.7359 | 0.7612 | [0.74, 0.78] | 0.7722 | 0.5891 | 29.62 | 19.98 |
| B3 visually-lossless (≥90) | 43 | 0.0035 | 0.1767 | [0.01, 0.51] | 0.1121 | 0.1564 | 21.48 | 8.54 |
| Near-PJND [58,68] | 787 | 0.3551 | 0.3026 | [0.24, 0.36] | 0.3908 | 0.2491 | 42.06 | 34.96 |

=== CSIQ (n=150) ===
  15/150 (17101.8/s, ETA 0s)
  30/150 (30897.7/s, ETA 0s)
  45/150 (73.5/s, ETA 1s)
  60/150 (84.9/s, ETA 1s)
  75/150 (64.7/s, ETA 1s)
  90/150 (64.0/s, ETA 1s)
  105/150 (67.1/s, ETA 1s)
  120/150 (61.3/s, ETA 0s)
  135/150 (63.8/s, ETA 0s)
  150/150 (62.0/s, ETA 0s)
| CSIQ | 150 | 0.9690 | 0.9677 | 0.9694 | 0.9562 |
  done 150/150 valid in 2.9s

### CSIQ per-band SROCC (vs human MOS)

| Band | n | V0_2 | V0_4 (bake) | V0_4 95% CI | fast-ssim2 | butter | V0_4 MAE | V0_2 MAE |
|---|--:|:--:|:--:|:--:|:--:|:--:|--:|--:|
| B0 below medium (<50) | 61 | 0.8270 | 0.8094 | [0.67, 0.90] | 0.8387 | 0.7381 | 63.94 | 50.08 |
| B1 medium [50,65) | 10 | 0.7333 | 0.9152 | [0.55, 1.00] | 0.8788 | 0.7091 | 40.33 | 34.68 |
| B2 high [65,90) | 29 | 0.8458 | 0.8675 | [0.72, 0.94] | 0.8571 | 0.7690 | 24.59 | 18.21 |
| B3 visually-lossless (≥90) | 50 | 0.6224 | 0.6298 | [0.45, 0.74] | 0.6219 | 0.5588 | 15.20 | 2.92 |
| Near-PJND [58,68] | 10 | 0.0545 | 0.0667 | [0.02, 0.74] | 0.1394 | 0.2606 | 35.75 | 30.25 |

