Device: cuda
Loading 4 train corpora + 4 val corpora...
  train/safesyn: 196,086 rows, weight=1.0
  train/kadid: 10,125 rows, weight=0.3
  train/tid: 3,000 rows, weight=0.3
  train/konjnd-dense: 20,160 rows, weight=0.3, target_scale=0.01, target_col='pjnd_target' (override)
  val/cid22: 4,292 rows
  val/kadid: 10,125 rows
  val/tid: 3,000 rows
  val/konjnd: 1,008 rows
Config: TrainConfig(target_col='human_score', feature_prefix='f', n_features=372, hidden=(128,), epochs=100, batch_size=16384, lr=0.001, weight_decay=1e-05, rank_weight=0.5, tv_weight=0.0, magnitude_match_lambda=0.1, magnitude_match_alpha=0.3, low_band_oversample=4.0, low_band_cutoff=0.6, seed=2, val_policy='min', loss_kind='mse_rank', init='kaiming', optimizer='adamw', lr_schedule='cosine')
Train: 229,371 rows over 4 datasets, 4,332 groups
Val: 18,425 rows over 4 datasets
  epoch   0  train_loss=0.4360  sel=-0.4022  cid22=+0.7662  kadid=+0.6872  tid=+0.7814  konjnd=-0.4022
  epoch   1  train_loss=0.3300  sel=-0.2257  cid22=+0.6865  kadid=+0.7535  tid=+0.7518  konjnd=-0.2257
  epoch   2  train_loss=0.3130  sel=+0.0927  cid22=+0.4956  kadid=+0.7783  tid=+0.7436  konjnd=+0.0927
  epoch   3  train_loss=0.3055  sel=+0.0959  cid22=+0.5123  kadid=+0.7750  tid=+0.7398  konjnd=+0.0959
  epoch   4  train_loss=0.2996  sel=+0.1433  cid22=+0.4796  kadid=+0.8076  tid=+0.7555  konjnd=+0.1433
  epoch   5  train_loss=0.3020  sel=+0.2298  cid22=+0.3601  kadid=+0.7571  tid=+0.7268  konjnd=+0.2298
  epoch   6  train_loss=0.2999  sel=+0.2019  cid22=+0.4291  kadid=+0.8176  tid=+0.7918  konjnd=+0.2019
  epoch   7  train_loss=0.2991  sel=+0.0921  cid22=+0.4796  kadid=+0.8546  tid=+0.7921  konjnd=+0.0921
  epoch   8  train_loss=0.2962  sel=+0.0610  cid22=+0.6289  kadid=+0.8187  tid=+0.7742  konjnd=+0.0610
  epoch   9  train_loss=0.2989  sel=+0.1365  cid22=+0.4966  kadid=+0.7980  tid=+0.7487  konjnd=+0.1365
  epoch  10  train_loss=0.2991  sel=+0.0656  cid22=+0.6196  kadid=+0.8379  tid=+0.7756  konjnd=+0.0656
  epoch  11  train_loss=0.2967  sel=+0.2300  cid22=+0.5250  kadid=+0.7745  tid=+0.7217  konjnd=+0.2300
  epoch  12  train_loss=0.2959  sel=+0.0671  cid22=+0.6201  kadid=+0.8319  tid=+0.7874  konjnd=+0.0671
  epoch  13  train_loss=0.2893  sel=+0.2013  cid22=+0.5725  kadid=+0.7974  tid=+0.7378  konjnd=+0.2013
  epoch  14  train_loss=0.2940  sel=+0.1168  cid22=+0.5922  kadid=+0.7902  tid=+0.7450  konjnd=+0.1168
  epoch  15  train_loss=0.2943  sel=+0.0905  cid22=+0.5435  kadid=+0.8535  tid=+0.8043  konjnd=+0.0905
  epoch  16  train_loss=0.2942  sel=+0.2006  cid22=+0.4349  kadid=+0.7477  tid=+0.7352  konjnd=+0.2006
  epoch  17  train_loss=0.2958  sel=+0.0936  cid22=+0.5704  kadid=+0.7447  tid=+0.7173  konjnd=+0.0936
  epoch  18  train_loss=0.2980  sel=+0.1510  cid22=+0.5917  kadid=+0.7756  tid=+0.7458  konjnd=+0.1510
  epoch  19  train_loss=0.2948  sel=+0.0040  cid22=+0.6152  kadid=+0.8282  tid=+0.7879  konjnd=+0.0040
  epoch  20  train_loss=0.2971  sel=+0.0389  cid22=+0.5680  kadid=+0.8562  tid=+0.8267  konjnd=+0.0389
  epoch  21  train_loss=0.2924  sel=-0.0656  cid22=+0.6083  kadid=+0.7718  tid=+0.7629  konjnd=-0.0656
  epoch  22  train_loss=0.2939  sel=-0.0463  cid22=+0.5073  kadid=+0.8385  tid=+0.7871  konjnd=-0.0463
  epoch  23  train_loss=0.2920  sel=+0.1288  cid22=+0.5877  kadid=+0.8682  tid=+0.8283  konjnd=+0.1288
  epoch  24  train_loss=0.2937  sel=+0.1014  cid22=+0.5453  kadid=+0.8575  tid=+0.8213  konjnd=+0.1014
  epoch  25  train_loss=0.2929  sel=+0.0765  cid22=+0.6241  kadid=+0.8220  tid=+0.7868  konjnd=+0.0765
  epoch  26  train_loss=0.2956  sel=+0.1350  cid22=+0.5712  kadid=+0.8374  tid=+0.8034  konjnd=+0.1350
  epoch  27  train_loss=0.2903  sel=+0.1456  cid22=+0.4656  kadid=+0.8361  tid=+0.8036  konjnd=+0.1456
  epoch  28  train_loss=0.2913  sel=+0.2208  cid22=+0.5858  kadid=+0.8020  tid=+0.7752  konjnd=+0.2208
  epoch  29  train_loss=0.2934  sel=+0.2440  cid22=+0.4542  kadid=+0.7538  tid=+0.7071  konjnd=+0.2440
  epoch  30  train_loss=0.2949  sel=+0.0755  cid22=+0.5949  kadid=+0.8823  tid=+0.8547  konjnd=+0.0755
  epoch  31  train_loss=0.2933  sel=+0.1167  cid22=+0.5381  kadid=+0.8590  tid=+0.8254  konjnd=+0.1167
  epoch  32  train_loss=0.2902  sel=+0.1965  cid22=+0.4517  kadid=+0.8397  tid=+0.8053  konjnd=+0.1965
  epoch  33  train_loss=0.2944  sel=+0.0659  cid22=+0.5419  kadid=+0.8715  tid=+0.8268  konjnd=+0.0659
  epoch  34  train_loss=0.2927  sel=+0.0442  cid22=+0.6319  kadid=+0.7945  tid=+0.7547  konjnd=+0.0442
  epoch  35  train_loss=0.2917  sel=-0.1117  cid22=+0.6085  kadid=+0.8520  tid=+0.8136  konjnd=-0.1117
  epoch  36  train_loss=0.2895  sel=+0.0188  cid22=+0.5835  kadid=+0.8614  tid=+0.8326  konjnd=+0.0188
  epoch  37  train_loss=0.2917  sel=+0.1867  cid22=+0.5161  kadid=+0.8271  tid=+0.8092  konjnd=+0.1867
  epoch  38  train_loss=0.2895  sel=+0.2261  cid22=+0.3647  kadid=+0.8141  tid=+0.7654  konjnd=+0.2261
  epoch  39  train_loss=0.2909  sel=+0.0152  cid22=+0.5809  kadid=+0.8386  tid=+0.7702  konjnd=+0.0152
  epoch  40  train_loss=0.2955  sel=+0.1097  cid22=+0.4283  kadid=+0.8416  tid=+0.7817  konjnd=+0.1097
  epoch  41  train_loss=0.2925  sel=-0.0166  cid22=+0.6187  kadid=+0.8676  tid=+0.8189  konjnd=-0.0166
  epoch  42  train_loss=0.2916  sel=+0.0862  cid22=+0.6049  kadid=+0.8203  tid=+0.7769  konjnd=+0.0862
  epoch  43  train_loss=0.2889  sel=+0.0770  cid22=+0.5166  kadid=+0.8490  tid=+0.8122  konjnd=+0.0770
  epoch  44  train_loss=0.2916  sel=+0.0068  cid22=+0.6114  kadid=+0.8294  tid=+0.7961  konjnd=+0.0068
  epoch  45  train_loss=0.2923  sel=+0.1171  cid22=+0.4280  kadid=+0.8644  tid=+0.8224  konjnd=+0.1171
  epoch  46  train_loss=0.2912  sel=-0.0595  cid22=+0.5933  kadid=+0.8521  tid=+0.8069  konjnd=-0.0595
  epoch  47  train_loss=0.2905  sel=+0.1109  cid22=+0.5691  kadid=+0.8427  tid=+0.8223  konjnd=+0.1109
  epoch  48  train_loss=0.2900  sel=-0.2354  cid22=+0.6396  kadid=+0.8735  tid=+0.8381  konjnd=-0.2354
  epoch  49  train_loss=0.2879  sel=+0.0838  cid22=+0.5091  kadid=+0.8224  tid=+0.7893  konjnd=+0.0838
  epoch  50  train_loss=0.2933  sel=+0.0402  cid22=+0.5235  kadid=+0.8700  tid=+0.8433  konjnd=+0.0402
  epoch  51  train_loss=0.2895  sel=+0.1119  cid22=+0.5783  kadid=+0.8330  tid=+0.8052  konjnd=+0.1119
  epoch  52  train_loss=0.2891  sel=+0.0779  cid22=+0.5577  kadid=+0.8550  tid=+0.8184  konjnd=+0.0779
  epoch  53  train_loss=0.2904  sel=-0.0597  cid22=+0.6065  kadid=+0.8569  tid=+0.8408  konjnd=-0.0597
  epoch  54  train_loss=0.2938  sel=-0.0335  cid22=+0.5845  kadid=+0.8578  tid=+0.8224  konjnd=-0.0335
  epoch  55  train_loss=0.2893  sel=+0.0040  cid22=+0.5807  kadid=+0.8588  tid=+0.8188  konjnd=+0.0040
  epoch  56  train_loss=0.2893  sel=+0.0350  cid22=+0.5478  kadid=+0.8674  tid=+0.8385  konjnd=+0.0350
  epoch  57  train_loss=0.2917  sel=-0.0306  cid22=+0.5843  kadid=+0.8609  tid=+0.8398  konjnd=-0.0306
  epoch  58  train_loss=0.2874  sel=+0.0368  cid22=+0.5878  kadid=+0.8179  tid=+0.7778  konjnd=+0.0368
  epoch  59  train_loss=0.2879  sel=+0.0405  cid22=+0.5262  kadid=+0.8584  tid=+0.8286  konjnd=+0.0405
  epoch  60  train_loss=0.2897  sel=+0.0148  cid22=+0.6242  kadid=+0.8534  tid=+0.8185  konjnd=+0.0148
  epoch  61  train_loss=0.2911  sel=-0.0042  cid22=+0.5425  kadid=+0.8775  tid=+0.8370  konjnd=-0.0042
  epoch  62  train_loss=0.2934  sel=+0.0098  cid22=+0.6315  kadid=+0.8531  tid=+0.8255  konjnd=+0.0098
  epoch  63  train_loss=0.2869  sel=+0.0950  cid22=+0.5756  kadid=+0.8374  tid=+0.8239  konjnd=+0.0950
  epoch  64  train_loss=0.2900  sel=+0.0406  cid22=+0.5845  kadid=+0.8699  tid=+0.8425  konjnd=+0.0406
  epoch  65  train_loss=0.2869  sel=+0.0477  cid22=+0.6040  kadid=+0.8458  tid=+0.8132  konjnd=+0.0477
  epoch  66  train_loss=0.2881  sel=+0.0995  cid22=+0.4510  kadid=+0.8611  tid=+0.8288  konjnd=+0.0995
  epoch  67  train_loss=0.2903  sel=+0.0972  cid22=+0.5765  kadid=+0.8388  tid=+0.8154  konjnd=+0.0972
  epoch  68  train_loss=0.2900  sel=+0.0853  cid22=+0.5491  kadid=+0.8676  tid=+0.8372  konjnd=+0.0853
  epoch  69  train_loss=0.2871  sel=+0.0767  cid22=+0.5590  kadid=+0.8454  tid=+0.7986  konjnd=+0.0767
  epoch  70  train_loss=0.2891  sel=+0.0661  cid22=+0.5705  kadid=+0.8605  tid=+0.8270  konjnd=+0.0661
  epoch  71  train_loss=0.2906  sel=-0.0150  cid22=+0.5843  kadid=+0.8703  tid=+0.8458  konjnd=-0.0150
  epoch  72  train_loss=0.2886  sel=+0.1369  cid22=+0.4886  kadid=+0.8565  tid=+0.8292  konjnd=+0.1369
  epoch  73  train_loss=0.2918  sel=+0.0529  cid22=+0.5629  kadid=+0.8439  tid=+0.8125  konjnd=+0.0529
  epoch  74  train_loss=0.2881  sel=+0.0552  cid22=+0.5564  kadid=+0.8588  tid=+0.8222  konjnd=+0.0552
  epoch  75  train_loss=0.2898  sel=+0.1113  cid22=+0.5129  kadid=+0.8530  tid=+0.8251  konjnd=+0.1113
  epoch  76  train_loss=0.2902  sel=-0.0043  cid22=+0.6020  kadid=+0.8562  tid=+0.8316  konjnd=-0.0043
  epoch  77  train_loss=0.2926  sel=+0.0282  cid22=+0.5978  kadid=+0.8607  tid=+0.8382  konjnd=+0.0282
  epoch  78  train_loss=0.2866  sel=+0.0633  cid22=+0.5562  kadid=+0.8613  tid=+0.8399  konjnd=+0.0633
  epoch  79  train_loss=0.2885  sel=+0.0594  cid22=+0.5495  kadid=+0.8658  tid=+0.8448  konjnd=+0.0594
  epoch  80  train_loss=0.2867  sel=+0.0628  cid22=+0.5405  kadid=+0.8688  tid=+0.8460  konjnd=+0.0628
  epoch  81  train_loss=0.2867  sel=+0.0433  cid22=+0.5616  kadid=+0.8666  tid=+0.8408  konjnd=+0.0433
  epoch  82  train_loss=0.2884  sel=+0.0250  cid22=+0.5925  kadid=+0.8609  tid=+0.8373  konjnd=+0.0250
  epoch  83  train_loss=0.2881  sel=+0.1327  cid22=+0.5446  kadid=+0.8542  tid=+0.8248  konjnd=+0.1327
  epoch  84  train_loss=0.2867  sel=+0.0853  cid22=+0.5618  kadid=+0.8596  tid=+0.8329  konjnd=+0.0853
  epoch  85  train_loss=0.2869  sel=+0.0779  cid22=+0.5538  kadid=+0.8607  tid=+0.8368  konjnd=+0.0779
  epoch  86  train_loss=0.2890  sel=+0.1256  cid22=+0.5416  kadid=+0.8513  tid=+0.8263  konjnd=+0.1256
  epoch  87  train_loss=0.2877  sel=+0.0797  cid22=+0.5675  kadid=+0.8561  tid=+0.8250  konjnd=+0.0797
  epoch  88  train_loss=0.2876  sel=+0.0582  cid22=+0.5860  kadid=+0.8572  tid=+0.8246  konjnd=+0.0582
  epoch  89  train_loss=0.2886  sel=+0.0435  cid22=+0.5737  kadid=+0.8637  tid=+0.8335  konjnd=+0.0435
  epoch  90  train_loss=0.2883  sel=+0.0847  cid22=+0.5636  kadid=+0.8547  tid=+0.8215  konjnd=+0.0847
  epoch  91  train_loss=0.2880  sel=+0.0610  cid22=+0.5704  kadid=+0.8532  tid=+0.8177  konjnd=+0.0610
  epoch  92  train_loss=0.2912  sel=+0.0588  cid22=+0.5681  kadid=+0.8541  tid=+0.8197  konjnd=+0.0588
  epoch  93  train_loss=0.2876  sel=+0.0784  cid22=+0.5721  kadid=+0.8493  tid=+0.8139  konjnd=+0.0784
  epoch  94  train_loss=0.2880  sel=+0.0487  cid22=+0.5904  kadid=+0.8576  tid=+0.8277  konjnd=+0.0487
  epoch  95  train_loss=0.2881  sel=+0.0691  cid22=+0.5740  kadid=+0.8590  tid=+0.8309  konjnd=+0.0691
  epoch  96  train_loss=0.2863  sel=+0.0700  cid22=+0.5742  kadid=+0.8607  tid=+0.8318  konjnd=+0.0700
  epoch  97  train_loss=0.2860  sel=+0.0742  cid22=+0.5717  kadid=+0.8598  tid=+0.8306  konjnd=+0.0742
  epoch  98  train_loss=0.2870  sel=+0.0836  cid22=+0.5644  kadid=+0.8569  tid=+0.8274  konjnd=+0.0836
  epoch  99  train_loss=0.2895  sel=+0.0853  cid22=+0.5659  kadid=+0.8559  tid=+0.8267  konjnd=+0.0853

Best: epoch 29 sel_metric=+0.2440; per-ds val SROCC = {'cid22': '+0.4542', 'kadid': '+0.7538', 'tid': '+0.7071', 'konjnd': '+0.2440'}
Wrote /mnt/v/output/zensim/exp_recovery_phase3b_2026-05-21/seeds/20260520T235122_phase3b_s2/

Baking to ZNPR v3 at /mnt/v/output/zensim/exp_recovery_phase3b_2026-05-21/seeds/cc4_phase3b_s2.bin...
  bake: BakeRequestJson at /tmp/tmp6u95jflw.bake.json (1,075,588 bytes); calling /home/lilith/work/zen/zenanalyze/target/release/zenpredict-bake
  bake: wrote /mnt/v/output/zensim/exp_recovery_phase3b_2026-05-21/seeds/cc4_phase3b_s2.bin (194,956 bytes)
