Device: cuda
Loading 3 train corpora + 3 val corpora...
  train/safesyn: 196,086 rows, weight=1.0
  train/kadid: 10,125 rows, weight=0.3
  train/tid: 3,000 rows, weight=0.3
  val/cid22: 4,292 rows
  val/kadid: 10,125 rows
  val/tid: 3,000 rows
Config: TrainConfig(target_col='human_score', feature_prefix='f', n_features=372, hidden=(64,), epochs=100, batch_size=16384, lr=0.001, weight_decay=1e-05, rank_weight=0.5, tv_weight=0.0, magnitude_match_lambda=0.0, magnitude_match_alpha=30.0, low_band_oversample=1.0, low_band_cutoff=50.0, seed=5, val_policy='mean', loss_kind='mse_rank', init='kaiming', optimizer='adamw', lr_schedule='cosine')
Train: 209,211 rows over 3 datasets, 3,324 groups
Val: 17,417 rows over 3 datasets
  epoch   0  train_loss=0.4407  sel=+0.7146  cid22=+0.6566  kadid=+0.7058  tid=+0.7813
  epoch   1  train_loss=0.3042  sel=+0.7549  cid22=+0.7346  kadid=+0.7225  tid=+0.8077
  epoch   2  train_loss=0.2907  sel=+0.7409  cid22=+0.7864  kadid=+0.7177  tid=+0.7185
  epoch   3  train_loss=0.2843  sel=+0.7750  cid22=+0.7934  kadid=+0.7605  tid=+0.7712
  epoch   4  train_loss=0.2805  sel=+0.7298  cid22=+0.7816  kadid=+0.6731  tid=+0.7347
  epoch   5  train_loss=0.2798  sel=+0.7935  cid22=+0.7619  kadid=+0.8182  tid=+0.8003
  epoch   6  train_loss=0.2763  sel=+0.7928  cid22=+0.7758  kadid=+0.8173  tid=+0.7854
  epoch   7  train_loss=0.2733  sel=+0.8089  cid22=+0.7988  kadid=+0.8265  tid=+0.8015
  epoch   8  train_loss=0.2781  sel=+0.8301  cid22=+0.8218  kadid=+0.8469  tid=+0.8215
  epoch   9  train_loss=0.2741  sel=+0.7799  cid22=+0.8187  kadid=+0.7838  tid=+0.7370
  epoch  10  train_loss=0.2721  sel=+0.8078  cid22=+0.7996  kadid=+0.8310  tid=+0.7926
  epoch  11  train_loss=0.2745  sel=+0.8308  cid22=+0.7874  kadid=+0.8646  tid=+0.8406
  epoch  12  train_loss=0.2740  sel=+0.8187  cid22=+0.8027  kadid=+0.8458  tid=+0.8075
  epoch  13  train_loss=0.2729  sel=+0.8358  cid22=+0.8231  kadid=+0.8623  tid=+0.8219
  epoch  14  train_loss=0.2752  sel=+0.8541  cid22=+0.8398  kadid=+0.8769  tid=+0.8455
  epoch  15  train_loss=0.2702  sel=+0.8511  cid22=+0.8252  kadid=+0.8837  tid=+0.8443
  epoch  16  train_loss=0.2738  sel=+0.8459  cid22=+0.8300  kadid=+0.8639  tid=+0.8438
  epoch  17  train_loss=0.2710  sel=+0.8486  cid22=+0.8273  kadid=+0.8737  tid=+0.8448
  epoch  18  train_loss=0.2716  sel=+0.8486  cid22=+0.8355  kadid=+0.8702  tid=+0.8402
  epoch  19  train_loss=0.2751  sel=+0.8320  cid22=+0.8263  kadid=+0.8358  tid=+0.8338
  epoch  20  train_loss=0.2697  sel=+0.8390  cid22=+0.8416  kadid=+0.8526  tid=+0.8229
  epoch  21  train_loss=0.2728  sel=+0.8507  cid22=+0.8331  kadid=+0.8735  tid=+0.8454
  epoch  22  train_loss=0.2686  sel=+0.8553  cid22=+0.8391  kadid=+0.8788  tid=+0.8480
  epoch  23  train_loss=0.2688  sel=+0.8507  cid22=+0.8381  kadid=+0.8666  tid=+0.8474
  epoch  24  train_loss=0.2699  sel=+0.8547  cid22=+0.8347  kadid=+0.8865  tid=+0.8429
  epoch  25  train_loss=0.2688  sel=+0.8327  cid22=+0.8270  kadid=+0.8482  tid=+0.8230
  epoch  26  train_loss=0.2714  sel=+0.8648  cid22=+0.8431  kadid=+0.8882  tid=+0.8631
  epoch  27  train_loss=0.2693  sel=+0.8408  cid22=+0.8251  kadid=+0.8697  tid=+0.8277
  epoch  28  train_loss=0.2720  sel=+0.8588  cid22=+0.8454  kadid=+0.8778  tid=+0.8534
  epoch  29  train_loss=0.2682  sel=+0.8565  cid22=+0.8378  kadid=+0.8832  tid=+0.8487
  epoch  30  train_loss=0.2703  sel=+0.8498  cid22=+0.8379  kadid=+0.8764  tid=+0.8350
  epoch  31  train_loss=0.2711  sel=+0.8614  cid22=+0.8384  kadid=+0.8888  tid=+0.8570
  epoch  32  train_loss=0.2709  sel=+0.8697  cid22=+0.8468  kadid=+0.8939  tid=+0.8684
  epoch  33  train_loss=0.2699  sel=+0.8600  cid22=+0.8439  kadid=+0.8881  tid=+0.8479
  epoch  34  train_loss=0.2686  sel=+0.8537  cid22=+0.8390  kadid=+0.8822  tid=+0.8399
  epoch  35  train_loss=0.2715  sel=+0.8650  cid22=+0.8502  kadid=+0.8911  tid=+0.8536
  epoch  36  train_loss=0.2692  sel=+0.8559  cid22=+0.8392  kadid=+0.8823  tid=+0.8463
  epoch  37  train_loss=0.2695  sel=+0.8749  cid22=+0.8546  kadid=+0.8972  tid=+0.8730
  epoch  38  train_loss=0.2688  sel=+0.8633  cid22=+0.8463  kadid=+0.8816  tid=+0.8618
  epoch  39  train_loss=0.2681  sel=+0.8722  cid22=+0.8430  kadid=+0.8965  tid=+0.8770
  epoch  40  train_loss=0.2697  sel=+0.8633  cid22=+0.8508  kadid=+0.8814  tid=+0.8577
  epoch  41  train_loss=0.2685  sel=+0.8724  cid22=+0.8532  kadid=+0.8968  tid=+0.8670
  epoch  42  train_loss=0.2706  sel=+0.8629  cid22=+0.8466  kadid=+0.8811  tid=+0.8609
  epoch  43  train_loss=0.2701  sel=+0.8635  cid22=+0.8409  kadid=+0.8861  tid=+0.8637
  epoch  44  train_loss=0.2686  sel=+0.8677  cid22=+0.8493  kadid=+0.8876  tid=+0.8662
  epoch  45  train_loss=0.2704  sel=+0.8772  cid22=+0.8588  kadid=+0.9010  tid=+0.8719
  epoch  46  train_loss=0.2679  sel=+0.8766  cid22=+0.8458  kadid=+0.9035  tid=+0.8805
  epoch  47  train_loss=0.2691  sel=+0.8740  cid22=+0.8457  kadid=+0.8996  tid=+0.8768
  epoch  48  train_loss=0.2703  sel=+0.8595  cid22=+0.8548  kadid=+0.8766  tid=+0.8470
  epoch  49  train_loss=0.2701  sel=+0.8666  cid22=+0.8488  kadid=+0.8962  tid=+0.8548
  epoch  50  train_loss=0.2676  sel=+0.8798  cid22=+0.8591  kadid=+0.9024  tid=+0.8780
  epoch  51  train_loss=0.2698  sel=+0.8586  cid22=+0.8561  kadid=+0.8793  tid=+0.8403
  epoch  52  train_loss=0.2683  sel=+0.8702  cid22=+0.8382  kadid=+0.8968  tid=+0.8758
  epoch  53  train_loss=0.2666  sel=+0.8674  cid22=+0.8530  kadid=+0.8942  tid=+0.8551
  epoch  54  train_loss=0.2684  sel=+0.8809  cid22=+0.8591  kadid=+0.9060  tid=+0.8775
  epoch  55  train_loss=0.2696  sel=+0.8724  cid22=+0.8573  kadid=+0.8937  tid=+0.8663
  epoch  56  train_loss=0.2687  sel=+0.8666  cid22=+0.8424  kadid=+0.8914  tid=+0.8662
  epoch  57  train_loss=0.2702  sel=+0.8656  cid22=+0.8439  kadid=+0.8958  tid=+0.8572
  epoch  58  train_loss=0.2673  sel=+0.8657  cid22=+0.8375  kadid=+0.8989  tid=+0.8606
  epoch  59  train_loss=0.2694  sel=+0.8581  cid22=+0.8331  kadid=+0.8874  tid=+0.8539
  epoch  60  train_loss=0.2665  sel=+0.8681  cid22=+0.8484  kadid=+0.8951  tid=+0.8608
  epoch  61  train_loss=0.2687  sel=+0.8713  cid22=+0.8435  kadid=+0.8999  tid=+0.8704
  epoch  62  train_loss=0.2661  sel=+0.8697  cid22=+0.8396  kadid=+0.8984  tid=+0.8711
  epoch  63  train_loss=0.2680  sel=+0.8738  cid22=+0.8474  kadid=+0.8992  tid=+0.8749
  epoch  64  train_loss=0.2700  sel=+0.8758  cid22=+0.8480  kadid=+0.9040  tid=+0.8754
  epoch  65  train_loss=0.2679  sel=+0.8699  cid22=+0.8417  kadid=+0.8974  tid=+0.8706
  epoch  66  train_loss=0.2704  sel=+0.8716  cid22=+0.8446  kadid=+0.8988  tid=+0.8714
  epoch  67  train_loss=0.2680  sel=+0.8711  cid22=+0.8427  kadid=+0.9004  tid=+0.8701
  epoch  68  train_loss=0.2700  sel=+0.8723  cid22=+0.8454  kadid=+0.9009  tid=+0.8706
  epoch  69  train_loss=0.2692  sel=+0.8753  cid22=+0.8400  kadid=+0.9017  tid=+0.8843
  epoch  70  train_loss=0.2688  sel=+0.8729  cid22=+0.8387  kadid=+0.8966  tid=+0.8832
  epoch  71  train_loss=0.2656  sel=+0.8775  cid22=+0.8475  kadid=+0.9035  tid=+0.8813
  epoch  72  train_loss=0.2685  sel=+0.8803  cid22=+0.8497  kadid=+0.9071  tid=+0.8840
  epoch  73  train_loss=0.2665  sel=+0.8761  cid22=+0.8428  kadid=+0.9060  tid=+0.8795
  epoch  74  train_loss=0.2665  sel=+0.8736  cid22=+0.8414  kadid=+0.9030  tid=+0.8764
  epoch  75  train_loss=0.2678  sel=+0.8782  cid22=+0.8473  kadid=+0.9048  tid=+0.8826
  epoch  76  train_loss=0.2692  sel=+0.8769  cid22=+0.8425  kadid=+0.9044  tid=+0.8838
  epoch  77  train_loss=0.2683  sel=+0.8727  cid22=+0.8387  kadid=+0.9010  tid=+0.8783
  epoch  78  train_loss=0.2677  sel=+0.8752  cid22=+0.8437  kadid=+0.9015  tid=+0.8804
  epoch  79  train_loss=0.2670  sel=+0.8754  cid22=+0.8435  kadid=+0.9033  tid=+0.8793
  epoch  80  train_loss=0.2666  sel=+0.8787  cid22=+0.8457  kadid=+0.9082  tid=+0.8821
  epoch  81  train_loss=0.2688  sel=+0.8814  cid22=+0.8497  kadid=+0.9101  tid=+0.8845
  epoch  82  train_loss=0.2685  sel=+0.8786  cid22=+0.8484  kadid=+0.9063  tid=+0.8810
  epoch  83  train_loss=0.2655  sel=+0.8773  cid22=+0.8478  kadid=+0.9049  tid=+0.8793
  epoch  84  train_loss=0.2688  sel=+0.8750  cid22=+0.8443  kadid=+0.9041  tid=+0.8767
  epoch  85  train_loss=0.2657  sel=+0.8762  cid22=+0.8462  kadid=+0.9056  tid=+0.8768
  epoch  86  train_loss=0.2674  sel=+0.8770  cid22=+0.8471  kadid=+0.9059  tid=+0.8779
  epoch  87  train_loss=0.2682  sel=+0.8757  cid22=+0.8452  kadid=+0.9052  tid=+0.8766
  epoch  88  train_loss=0.2687  sel=+0.8720  cid22=+0.8408  kadid=+0.9017  tid=+0.8734
  epoch  89  train_loss=0.2665  sel=+0.8736  cid22=+0.8429  kadid=+0.9024  tid=+0.8754
  epoch  90  train_loss=0.2676  sel=+0.8729  cid22=+0.8434  kadid=+0.9018  tid=+0.8736
  epoch  91  train_loss=0.2668  sel=+0.8744  cid22=+0.8439  kadid=+0.9034  tid=+0.8760
  epoch  92  train_loss=0.2661  sel=+0.8744  cid22=+0.8433  kadid=+0.9034  tid=+0.8764
  epoch  93  train_loss=0.2692  sel=+0.8750  cid22=+0.8435  kadid=+0.9043  tid=+0.8774
  epoch  94  train_loss=0.2681  sel=+0.8750  cid22=+0.8433  kadid=+0.9042  tid=+0.8776
  epoch  95  train_loss=0.2661  sel=+0.8759  cid22=+0.8441  kadid=+0.9051  tid=+0.8786
  epoch  96  train_loss=0.2674  sel=+0.8762  cid22=+0.8442  kadid=+0.9054  tid=+0.8791
  epoch  97  train_loss=0.2677  sel=+0.8764  cid22=+0.8440  kadid=+0.9056  tid=+0.8796
  epoch  98  train_loss=0.2661  sel=+0.8767  cid22=+0.8447  kadid=+0.9058  tid=+0.8797
  epoch  99  train_loss=0.2680  sel=+0.8766  cid22=+0.8445  kadid=+0.9056  tid=+0.8796

Best: epoch 81 sel_metric=+0.8814; per-ds val SROCC = {'cid22': '+0.8497', 'kadid': '+0.9101', 'tid': '+0.8845'}
Wrote /mnt/v/output/zensim/exp_recovery_champion_2026-05-21/seeds/20260520T232233_meanpol_h64_s5/

Baking to ZNPR v3 at /mnt/v/output/zensim/exp_recovery_champion_2026-05-21/seeds/cc4_recovery_meanpol_h64_s5.bin...
  bake: BakeRequestJson at /tmp/tmpxbl8457g.bake.json (546,501 bytes); calling /home/lilith/work/zen/zenanalyze/target/release/zenpredict-bake
  bake: wrote /mnt/v/output/zensim/exp_recovery_champion_2026-05-21/seeds/cc4_recovery_meanpol_h64_s5.bin (99,215 bytes)
