Device: cuda
Loading 4 train corpora + 4 val corpora...
  train/safesyn: 196,086 rows, weight=1.0
  train/kadid: 10,125 rows, weight=0.3
  train/tid: 3,000 rows, weight=0.3
  train/konjnd-dense: 20,160 rows, weight=0.05, target_scale=0.01, target_col='pjnd_target' (override)
  val/cid22: 4,292 rows
  val/kadid: 10,125 rows
  val/tid: 3,000 rows
  val/konjnd: 1,008 rows
Config: TrainConfig(target_col='human_score', feature_prefix='f', n_features=372, hidden=(128,), epochs=100, batch_size=16384, lr=0.001, weight_decay=1e-05, rank_weight=0.5, tv_weight=0.0, magnitude_match_lambda=0.1, magnitude_match_alpha=0.3, low_band_oversample=4.0, low_band_cutoff=0.6, seed=1, val_policy='min', loss_kind='mse_rank', init='kaiming', optimizer='adamw', lr_schedule='cosine')
Train: 229,371 rows over 4 datasets, 4,332 groups
Val: 18,425 rows over 4 datasets
  epoch   0  train_loss=0.4572  sel=-0.1038  cid22=+0.5411  kadid=+0.7807  tid=+0.7809  konjnd=-0.1038
  epoch   1  train_loss=0.3256  sel=-0.1071  cid22=+0.6830  kadid=+0.8069  tid=+0.7980  konjnd=-0.1071
  epoch   2  train_loss=0.3058  sel=-0.2045  cid22=+0.7125  kadid=+0.7883  tid=+0.7695  konjnd=-0.2045
  epoch   3  train_loss=0.3004  sel=-0.0036  cid22=+0.6340  kadid=+0.8410  tid=+0.8287  konjnd=-0.0036
  epoch   4  train_loss=0.2940  sel=+0.0494  cid22=+0.6144  kadid=+0.7994  tid=+0.7615  konjnd=+0.0494
  epoch   5  train_loss=0.2968  sel=-0.0866  cid22=+0.6793  kadid=+0.8632  tid=+0.8221  konjnd=-0.0866
  epoch   6  train_loss=0.2924  sel=-0.0270  cid22=+0.6935  kadid=+0.7992  tid=+0.7872  konjnd=-0.0270
  epoch   7  train_loss=0.2950  sel=-0.0017  cid22=+0.6389  kadid=+0.8365  tid=+0.8077  konjnd=-0.0017
  epoch   8  train_loss=0.2907  sel=+0.0286  cid22=+0.6227  kadid=+0.7984  tid=+0.7718  konjnd=+0.0286
  epoch   9  train_loss=0.2909  sel=-0.0811  cid22=+0.6813  kadid=+0.8674  tid=+0.8257  konjnd=-0.0811
  epoch  10  train_loss=0.2906  sel=-0.1708  cid22=+0.6969  kadid=+0.8572  tid=+0.8290  konjnd=-0.1708
  epoch  11  train_loss=0.2956  sel=-0.1658  cid22=+0.7244  kadid=+0.8426  tid=+0.8136  konjnd=-0.1658
  epoch  12  train_loss=0.2901  sel=-0.1514  cid22=+0.7075  kadid=+0.8546  tid=+0.8228  konjnd=-0.1514
  epoch  13  train_loss=0.2947  sel=-0.2465  cid22=+0.7112  kadid=+0.8687  tid=+0.8232  konjnd=-0.2465
  epoch  14  train_loss=0.2907  sel=-0.2024  cid22=+0.6634  kadid=+0.8567  tid=+0.8112  konjnd=-0.2024
  epoch  15  train_loss=0.2896  sel=-0.1305  cid22=+0.6947  kadid=+0.8514  tid=+0.8132  konjnd=-0.1305
  epoch  16  train_loss=0.2910  sel=-0.0961  cid22=+0.7322  kadid=+0.8414  tid=+0.7968  konjnd=-0.0961
  epoch  17  train_loss=0.2911  sel=-0.1892  cid22=+0.6632  kadid=+0.8593  tid=+0.8415  konjnd=-0.1892
  epoch  18  train_loss=0.2904  sel=-0.3303  cid22=+0.7480  kadid=+0.8531  tid=+0.8022  konjnd=-0.3303
  epoch  19  train_loss=0.2889  sel=-0.1934  cid22=+0.6650  kadid=+0.8802  tid=+0.8434  konjnd=-0.1934
  epoch  20  train_loss=0.2876  sel=-0.1931  cid22=+0.6773  kadid=+0.8033  tid=+0.8237  konjnd=-0.1931
  epoch  21  train_loss=0.2875  sel=-0.2995  cid22=+0.7092  kadid=+0.8584  tid=+0.8347  konjnd=-0.2995
  epoch  22  train_loss=0.2904  sel=-0.2595  cid22=+0.6623  kadid=+0.8194  tid=+0.7653  konjnd=-0.2595
  epoch  23  train_loss=0.2876  sel=-0.2925  cid22=+0.6406  kadid=+0.8702  tid=+0.8315  konjnd=-0.2925
  epoch  24  train_loss=0.2892  sel=-0.3267  cid22=+0.7063  kadid=+0.8810  tid=+0.8567  konjnd=-0.3267
  epoch  25  train_loss=0.2910  sel=-0.1646  cid22=+0.6351  kadid=+0.8474  tid=+0.8168  konjnd=-0.1646
  epoch  26  train_loss=0.2847  sel=-0.1774  cid22=+0.6390  kadid=+0.8595  tid=+0.8325  konjnd=-0.1774
  epoch  27  train_loss=0.2854  sel=-0.0664  cid22=+0.6110  kadid=+0.8804  tid=+0.8480  konjnd=-0.0664
  epoch  28  train_loss=0.2844  sel=-0.2410  cid22=+0.7180  kadid=+0.8359  tid=+0.7854  konjnd=-0.2410
  epoch  29  train_loss=0.2882  sel=-0.1595  cid22=+0.6166  kadid=+0.8397  tid=+0.8216  konjnd=-0.1595
  epoch  30  train_loss=0.2870  sel=-0.2646  cid22=+0.6326  kadid=+0.8667  tid=+0.8491  konjnd=-0.2646
  epoch  31  train_loss=0.2904  sel=-0.2683  cid22=+0.6770  kadid=+0.8580  tid=+0.8272  konjnd=-0.2683
  epoch  32  train_loss=0.2813  sel=-0.1454  cid22=+0.6452  kadid=+0.8656  tid=+0.8280  konjnd=-0.1454
  epoch  33  train_loss=0.2876  sel=-0.2408  cid22=+0.7285  kadid=+0.8730  tid=+0.8596  konjnd=-0.2408
  epoch  34  train_loss=0.2886  sel=-0.1335  cid22=+0.6437  kadid=+0.8430  tid=+0.8070  konjnd=-0.1335
  epoch  35  train_loss=0.2904  sel=-0.2365  cid22=+0.7025  kadid=+0.8898  tid=+0.8603  konjnd=-0.2365
  epoch  36  train_loss=0.2880  sel=-0.3112  cid22=+0.6688  kadid=+0.8648  tid=+0.8426  konjnd=-0.3112
  epoch  37  train_loss=0.2866  sel=-0.3646  cid22=+0.7066  kadid=+0.8590  tid=+0.8587  konjnd=-0.3646
  epoch  38  train_loss=0.2865  sel=-0.1959  cid22=+0.6309  kadid=+0.8673  tid=+0.8324  konjnd=-0.1959
  epoch  39  train_loss=0.2853  sel=-0.2632  cid22=+0.6697  kadid=+0.8742  tid=+0.8461  konjnd=-0.2632
  epoch  40  train_loss=0.2853  sel=-0.2447  cid22=+0.6518  kadid=+0.8549  tid=+0.8409  konjnd=-0.2447
  epoch  41  train_loss=0.2853  sel=-0.2524  cid22=+0.6598  kadid=+0.8729  tid=+0.8284  konjnd=-0.2524
  epoch  42  train_loss=0.2908  sel=-0.3126  cid22=+0.7056  kadid=+0.8441  tid=+0.8000  konjnd=-0.3126
  epoch  43  train_loss=0.2881  sel=-0.1018  cid22=+0.6669  kadid=+0.8482  tid=+0.8332  konjnd=-0.1018
  epoch  44  train_loss=0.2878  sel=-0.3143  cid22=+0.6899  kadid=+0.8717  tid=+0.8700  konjnd=-0.3143
  epoch  45  train_loss=0.2846  sel=-0.2531  cid22=+0.6608  kadid=+0.8405  tid=+0.8297  konjnd=-0.2531
  epoch  46  train_loss=0.2852  sel=-0.2362  cid22=+0.6960  kadid=+0.8658  tid=+0.8587  konjnd=-0.2362
  epoch  47  train_loss=0.2873  sel=-0.3003  cid22=+0.7203  kadid=+0.8547  tid=+0.8386  konjnd=-0.3003
  epoch  48  train_loss=0.2860  sel=-0.2491  cid22=+0.6908  kadid=+0.8853  tid=+0.8745  konjnd=-0.2491
  epoch  49  train_loss=0.2889  sel=-0.2374  cid22=+0.6545  kadid=+0.8635  tid=+0.8409  konjnd=-0.2374
  epoch  50  train_loss=0.2853  sel=-0.3016  cid22=+0.6764  kadid=+0.8794  tid=+0.8504  konjnd=-0.3016
  epoch  51  train_loss=0.2869  sel=-0.2874  cid22=+0.6685  kadid=+0.8521  tid=+0.8311  konjnd=-0.2874
  epoch  52  train_loss=0.2872  sel=-0.1521  cid22=+0.5777  kadid=+0.8381  tid=+0.8126  konjnd=-0.1521
  epoch  53  train_loss=0.2852  sel=-0.2730  cid22=+0.7025  kadid=+0.8710  tid=+0.8567  konjnd=-0.2730
  epoch  54  train_loss=0.2842  sel=-0.2683  cid22=+0.6576  kadid=+0.8707  tid=+0.8507  konjnd=-0.2683
  epoch  55  train_loss=0.2860  sel=-0.2918  cid22=+0.6850  kadid=+0.8532  tid=+0.8277  konjnd=-0.2918
  epoch  56  train_loss=0.2859  sel=-0.2280  cid22=+0.6433  kadid=+0.8588  tid=+0.8440  konjnd=-0.2280
  epoch  57  train_loss=0.2874  sel=-0.2904  cid22=+0.6823  kadid=+0.8535  tid=+0.8496  konjnd=-0.2904
  epoch  58  train_loss=0.2863  sel=-0.2830  cid22=+0.6449  kadid=+0.8748  tid=+0.8594  konjnd=-0.2830
  epoch  59  train_loss=0.2863  sel=-0.2628  cid22=+0.6621  kadid=+0.8715  tid=+0.8539  konjnd=-0.2628
  epoch  60  train_loss=0.2859  sel=-0.2541  cid22=+0.6568  kadid=+0.8771  tid=+0.8689  konjnd=-0.2541
  epoch  61  train_loss=0.2857  sel=-0.3148  cid22=+0.6918  kadid=+0.8512  tid=+0.8332  konjnd=-0.3148
  epoch  62  train_loss=0.2851  sel=-0.3141  cid22=+0.6836  kadid=+0.8812  tid=+0.8610  konjnd=-0.3141
  epoch  63  train_loss=0.2852  sel=-0.2886  cid22=+0.6668  kadid=+0.8780  tid=+0.8615  konjnd=-0.2886
  epoch  64  train_loss=0.2841  sel=-0.2879  cid22=+0.6900  kadid=+0.8676  tid=+0.8594  konjnd=-0.2879
  epoch  65  train_loss=0.2872  sel=-0.3599  cid22=+0.7083  kadid=+0.8619  tid=+0.8422  konjnd=-0.3599
  epoch  66  train_loss=0.2842  sel=-0.2406  cid22=+0.6530  kadid=+0.8541  tid=+0.8295  konjnd=-0.2406
  epoch  67  train_loss=0.2867  sel=-0.2591  cid22=+0.6807  kadid=+0.8700  tid=+0.8494  konjnd=-0.2591
  epoch  68  train_loss=0.2874  sel=-0.2347  cid22=+0.6963  kadid=+0.8817  tid=+0.8644  konjnd=-0.2347
  epoch  69  train_loss=0.2834  sel=-0.2422  cid22=+0.7091  kadid=+0.8827  tid=+0.8652  konjnd=-0.2422
  epoch  70  train_loss=0.2862  sel=-0.2151  cid22=+0.6368  kadid=+0.8672  tid=+0.8433  konjnd=-0.2151
  epoch  71  train_loss=0.2871  sel=-0.2935  cid22=+0.6975  kadid=+0.8730  tid=+0.8491  konjnd=-0.2935
  epoch  72  train_loss=0.2867  sel=-0.2826  cid22=+0.7044  kadid=+0.8677  tid=+0.8431  konjnd=-0.2826
  epoch  73  train_loss=0.2856  sel=-0.2892  cid22=+0.6664  kadid=+0.8832  tid=+0.8615  konjnd=-0.2892
  epoch  74  train_loss=0.2825  sel=-0.2243  cid22=+0.6632  kadid=+0.8579  tid=+0.8304  konjnd=-0.2243
  epoch  75  train_loss=0.2852  sel=-0.2719  cid22=+0.6652  kadid=+0.8666  tid=+0.8449  konjnd=-0.2719
  epoch  76  train_loss=0.2842  sel=-0.2449  cid22=+0.6582  kadid=+0.8516  tid=+0.8184  konjnd=-0.2449
  epoch  77  train_loss=0.2828  sel=-0.2657  cid22=+0.6867  kadid=+0.8403  tid=+0.8146  konjnd=-0.2657
  epoch  78  train_loss=0.2873  sel=-0.3084  cid22=+0.6910  kadid=+0.8681  tid=+0.8476  konjnd=-0.3084
  epoch  79  train_loss=0.2836  sel=-0.3107  cid22=+0.6801  kadid=+0.8764  tid=+0.8613  konjnd=-0.3107
  epoch  80  train_loss=0.2831  sel=-0.3314  cid22=+0.6837  kadid=+0.8847  tid=+0.8684  konjnd=-0.3314
  epoch  81  train_loss=0.2843  sel=-0.3197  cid22=+0.6806  kadid=+0.8833  tid=+0.8639  konjnd=-0.3197
  epoch  82  train_loss=0.2868  sel=-0.3248  cid22=+0.6781  kadid=+0.8785  tid=+0.8587  konjnd=-0.3248
  epoch  83  train_loss=0.2841  sel=-0.3247  cid22=+0.6901  kadid=+0.8789  tid=+0.8610  konjnd=-0.3247
  epoch  84  train_loss=0.2886  sel=-0.3281  cid22=+0.6908  kadid=+0.8735  tid=+0.8575  konjnd=-0.3281
  epoch  85  train_loss=0.2856  sel=-0.3254  cid22=+0.6912  kadid=+0.8785  tid=+0.8598  konjnd=-0.3254
  epoch  86  train_loss=0.2862  sel=-0.3054  cid22=+0.6892  kadid=+0.8844  tid=+0.8624  konjnd=-0.3054
  epoch  87  train_loss=0.2854  sel=-0.3231  cid22=+0.6893  kadid=+0.8848  tid=+0.8639  konjnd=-0.3231
  epoch  88  train_loss=0.2851  sel=-0.3150  cid22=+0.6938  kadid=+0.8798  tid=+0.8589  konjnd=-0.3150
  epoch  89  train_loss=0.2834  sel=-0.3030  cid22=+0.6949  kadid=+0.8749  tid=+0.8528  konjnd=-0.3030
  epoch  90  train_loss=0.2843  sel=-0.3220  cid22=+0.7010  kadid=+0.8711  tid=+0.8472  konjnd=-0.3220
  epoch  91  train_loss=0.2840  sel=-0.3343  cid22=+0.6991  kadid=+0.8732  tid=+0.8484  konjnd=-0.3343
  epoch  92  train_loss=0.2827  sel=-0.3455  cid22=+0.6997  kadid=+0.8785  tid=+0.8554  konjnd=-0.3455
  epoch  93  train_loss=0.2860  sel=-0.3352  cid22=+0.6956  kadid=+0.8763  tid=+0.8537  konjnd=-0.3352
  epoch  94  train_loss=0.2830  sel=-0.3448  cid22=+0.6939  kadid=+0.8779  tid=+0.8549  konjnd=-0.3448
  epoch  95  train_loss=0.2841  sel=-0.3453  cid22=+0.6929  kadid=+0.8769  tid=+0.8546  konjnd=-0.3453
  epoch  96  train_loss=0.2837  sel=-0.3492  cid22=+0.6955  kadid=+0.8775  tid=+0.8551  konjnd=-0.3492
  epoch  97  train_loss=0.2880  sel=-0.3403  cid22=+0.6892  kadid=+0.8766  tid=+0.8561  konjnd=-0.3403
  epoch  98  train_loss=0.2825  sel=-0.3317  cid22=+0.6898  kadid=+0.8765  tid=+0.8555  konjnd=-0.3317
  epoch  99  train_loss=0.2823  sel=-0.3285  cid22=+0.6912  kadid=+0.8752  tid=+0.8537  konjnd=-0.3285

Best: epoch 4 sel_metric=+0.0494; per-ds val SROCC = {'cid22': '+0.6144', 'kadid': '+0.7994', 'tid': '+0.7615', 'konjnd': '+0.0494'}
Wrote /mnt/v/output/zensim/exp_recovery_phase3b_2026-05-21/seeds/20260520T235035_phase3b_w005_s1/

Baking to ZNPR v3 at /mnt/v/output/zensim/exp_recovery_phase3b_2026-05-21/seeds/cc4_phase3b_w005_s1.bin...
  bake: BakeRequestJson at /tmp/tmpg53ll2bu.bake.json (1,076,094 bytes); calling /home/lilith/work/zen/zenanalyze/target/release/zenpredict-bake
  bake: wrote /mnt/v/output/zensim/exp_recovery_phase3b_2026-05-21/seeds/cc4_phase3b_w005_s1.bin (194,961 bytes)
