contamination_guard: /mnt/v/zen/zensim-training/canonical-2026-05-21/train/safesyn.parquet blocklist empty — row scan skipped
  safesyn: loaded 196086 pairs × 372 features from "/mnt/v/zen/zensim-training/canonical-2026-05-21/train/safesyn.parquet"
contamination_guard: /mnt/v/zen/zensim-training/canonical-2026-05-21/train/cid22_train.parquet blocklist empty — row scan skipped
  cid22_train: loaded 17611 pairs × 372 features from "/mnt/v/zen/zensim-training/canonical-2026-05-21/train/cid22_train.parquet"
Training: 2 groups, 372 features, MlpHyperparams { n_hidden: 128, n_epochs: 300, pairs_per_epoch: 50000, initial_lr: 0.00566, leaky_alpha: 0.01, seed: 1, log_every: 10, l2_lambda: 1e-5, early_stop_patience: 0, validation_policy: Min, val_aggregate: GeomeanSPP, low_q_boost: 1.0, mid_q_boost: 1.0, high_q_boost: 1.0, out_dtype: F32, feature_transforms: None, feature_transform_params: None, minibatch_size: 32, parallel_batch: true, pwrc_pair_weight: false, pwrc_sensory_threshold: 5.0, pwrc_band_weights: None, norm_in_norm_weight: 0.0, norm_in_norm_p: 1.0, norm_in_norm_q: 2.0, pool_head: false, hybrid_head: false, per_sample_alpha_head: true, skip_connection: false, n_hidden_layers: 1, mse_weight: 1.0, sigma_weighted_mse: false, ranknet_weight: 0.0, monotonicity_reg: 1.0, monotone_cbc: false, monotonicity_margin: 0.0, anchor_loss_weight: 0.5, anchor_target_score: 60.0, anchor_step_p: 0.3, cross_codec_eq_weight: 1.0, cross_codec_eq_step_p: 0.1, cross_codec_rank_preserve_weight: 0.2, dynamic_range_floor_weight: 0.3, dynamic_range_sigma_threshold: 25.0, dynamic_range_step_p: 0.05, dynamic_range_probe_n: 40, tanh_output_head_scale: 20.0, pjnd_passthrough_weight: 0.0, pjnd_passthrough_step_p: 0.3, pjnd_passthrough_target_score: 80.0, konjnd_aggregation_weight: 0.05, konjnd_aggregation_step_p: 0.1, konjnd_aggregation_samples_per_ref: 5, konjnd_aggregation_refs_per_step: 8 }
  jnd_anchor: loaded 22008 pairs × 372 features from "/mnt/v/zen/zensim-training/2026-05-20-v9-anchors/anchors_v9_372col.parquet"
anchor parquet: loaded 22008 rows from "/mnt/v/zen/zensim-training/2026-05-20-v9-anchors/anchors_v9_372col.parquet" (PER-ROW target_score: min=0.0 median=60.0 max=100.0, weight=0.5, step_p=0.3)
equiv parquet: loaded 68788 pairs from "/mnt/v/zen/picker-training/2026-05-19-v2/cross_codec_equivalence_tight_v3.parquet" (weight=1, step_p=0.1, butter_diff=68788)
  konjnd_aggregation: konjnd-aggregation loaded 20160 rows × 372 features grouped into 1008 refs from "/mnt/v/zen/zensim-training/canonical-2026-05-21/train/konjnd-dense.parquet"
konjnd-aggregation parquet: loaded 20160 rows / 1008 refs (weight=0.05, step_p=0.1, S=5, K=8)
MLP train (PER-SAMPLE-α): arch=[372 → 128 (LeakyReLU α=0.01) → (h · rank_w + rank_b) ⊕α(x) (pool[μ,σ,max,p_6] · reducer + b)], val_policy=Min
      train group 0: 'safesyn' n=196086 train_w=1.000 val_w=0.000
      train group 1: 'cid22_train' n=17611 train_w=0.500 val_w=0.000
anchor: ENABLED — 'jnd_anchor' n=22008 target_score=PER-ROW (V5 multi-band) step_p=0.300 weight=0.500
cross-codec-eq: ENABLED — 'cross_codec_eq' n=68788 step_p=0.100 weight=1.000
cross-codec-rank-preserve: ENABLED — w=0.200 (butter_diff present for 68788/68788 pairs)
dynamic-range-floor: ENABLED — w=0.300 σ_thresh=25.00 step_p=0.050 probe_n=40
konjnd-aggregation: ENABLED — 'konjnd_aggregation' rows=20160 refs=1008 S=5 K=8 step_p=0.100 weight=0.050
per_sample_alpha_head: ENABLED — α(x)=sigmoid(W_α·h + b_α), init W_α=0 b_α=0 → α=0.5 ∀x, K=32 sequential, NiN=off
tanh_output_head: ENABLED — y_score = 100·σ(y_pre/20.000) (active linear region y_pre∈[−3·scale, 3·scale])
  epoch   0 | lr=0.00566 | loss=43.1189 | val(geomean3)=0.9054 (best=-inf) | α(x): μ=0.999 [min=0.918, max=1.000] | reducer_w=[μ=0.127,σ=1.012,max=0.045,p6=0.056] | safesyn: srocc=0.9713 plcc=0.9285 pwrc=0.9855 | cid22_train: srocc=0.8379 plcc=0.8196 pwrc=0.8919 | t=11.6s
  epoch  10 | lr=0.00512 | loss=32.7026 | val(geomean3)=0.9306 (best=0.9054) | α(x): μ=1.000 [min=0.999, max=1.000] | reducer_w=[μ=-0.047,σ=0.803,max=-0.148,p6=-0.148] | safesyn: srocc=0.9824 plcc=0.9457 pwrc=0.9912 | cid22_train: srocc=0.8811 plcc=0.8601 pwrc=0.9247 | t=35.3s
  epoch  20 | lr=0.00370 | loss=31.0883 | val(geomean3)=0.9388 (best=0.9306) | α(x): μ=1.000 [min=0.981, max=1.000] | reducer_w=[μ=-0.099,σ=0.782,max=-0.137,p6=-0.131] | safesyn: srocc=0.9812 plcc=0.9531 pwrc=0.9904 | cid22_train: srocc=0.8975 plcc=0.8758 pwrc=0.9364 | t=64.8s
  epoch  30 | lr=0.00196 | loss=27.5197 | val(geomean3)=0.9441 (best=0.9388) | α(x): μ=1.000 [min=1.000, max=1.000] | reducer_w=[μ=-0.451,σ=0.567,max=-0.263,p6=-0.287] | safesyn: srocc=0.9840 plcc=0.9498 pwrc=0.9914 | cid22_train: srocc=0.9102 plcc=0.8866 pwrc=0.9443 | t=91.0s
  epoch  40 | lr=0.00054 | loss=24.7407 | val(geomean3)=0.9511 (best=0.9441) | α(x): μ=1.000 [min=1.000, max=1.000] | reducer_w=[μ=-0.413,σ=0.591,max=-0.230,p6=-0.250] | safesyn: srocc=0.9873 plcc=0.9637 pwrc=0.9931 | cid22_train: srocc=0.9176 plcc=0.8948 pwrc=0.9511 | t=129.8s
  epoch  50 | lr=0.00566 | loss=34.3422 | val(geomean3)=0.9294 (best=0.9511) | α(x): μ=1.000 [min=1.000, max=1.000] | reducer_w=[μ=-0.512,σ=0.684,max=-0.029,p6=-0.063] | safesyn: srocc=0.9651 plcc=0.9387 pwrc=0.9830 | cid22_train: srocc=0.8862 plcc=0.8718 pwrc=0.9332 | t=153.9s
  epoch  60 | lr=0.00512 | loss=31.0039 | val(geomean3)=0.7618 (best=0.9511) | α(x): μ=0.845 [min=0.000, max=1.000] | reducer_w=[μ=-1.087,σ=0.682,max=0.222,p6=0.119] | safesyn: srocc=0.7587 plcc=0.6493 pwrc=0.7907 | cid22_train: srocc=0.7735 plcc=0.7618 pwrc=0.8471 | t=178.5s
  epoch  70 | lr=0.00370 | loss=29.4963 | val(geomean3)=0.9455 (best=0.9511) | α(x): μ=1.000 [min=1.000, max=1.000] | reducer_w=[μ=-1.620,σ=0.201,max=0.010,p6=-0.181] | safesyn: srocc=0.9845 plcc=0.9542 pwrc=0.9918 | cid22_train: srocc=0.9100 plcc=0.8892 pwrc=0.9444 | t=202.4s
  epoch  80 | lr=0.00196 | loss=25.7872 | val(geomean3)=0.9497 (best=0.9511) | α(x): μ=1.000 [min=1.000, max=1.000] | reducer_w=[μ=-1.509,σ=0.156,max=-0.081,p6=-0.256] | safesyn: srocc=0.9855 plcc=0.9573 pwrc=0.9921 | cid22_train: srocc=0.9176 plcc=0.8964 pwrc=0.9504 | t=227.5s
  epoch  90 | lr=0.00054 | loss=23.4194 | val(geomean3)=0.9542 (best=0.9511) | α(x): μ=0.992 [min=0.000, max=1.000] | reducer_w=[μ=-1.677,σ=0.117,max=-0.067,p6=-0.255] | safesyn: srocc=0.9870 plcc=0.9623 pwrc=0.9929 | cid22_train: srocc=0.9250 plcc=0.9026 pwrc=0.9566 | t=258.7s
  epoch 100 | lr=0.00566 | loss=31.4178 | val(geomean3)=0.9350 (best=0.9542) | α(x): μ=0.992 [min=0.000, max=1.000] | reducer_w=[μ=-1.643,σ=0.101,max=0.034,p6=-0.189] | safesyn: srocc=0.9732 plcc=0.9222 pwrc=0.9853 | cid22_train: srocc=0.9066 plcc=0.8812 pwrc=0.9435 | t=284.7s
  epoch 110 | lr=0.00512 | loss=29.0957 | val(geomean3)=0.9460 (best=0.9542) | α(x): μ=1.000 [min=1.000, max=1.000] | reducer_w=[μ=-1.807,σ=0.079,max=0.090,p6=-0.151] | safesyn: srocc=0.9832 plcc=0.9613 pwrc=0.9915 | cid22_train: srocc=0.9084 plcc=0.8872 pwrc=0.9453 | t=315.1s
  epoch 120 | lr=0.00370 | loss=27.3085 | val(geomean3)=0.9294 (best=0.9542) | α(x): μ=1.000 [min=1.000, max=1.000] | reducer_w=[μ=-1.280,σ=0.064,max=-0.035,p6=-0.298] | safesyn: srocc=0.9805 plcc=0.9518 pwrc=0.9894 | cid22_train: srocc=0.8716 plcc=0.8576 pwrc=0.9273 | t=343.0s
  epoch 130 | lr=0.00196 | loss=24.7186 | val(geomean3)=0.9532 (best=0.9542) | α(x): μ=0.977 [min=0.000, max=1.000] | reducer_w=[μ=-1.393,σ=-0.093,max=-0.025,p6=-0.330] | safesyn: srocc=0.9875 plcc=0.9675 pwrc=0.9932 | cid22_train: srocc=0.9206 plcc=0.8983 pwrc=0.9529 | t=372.5s
  epoch 140 | lr=0.00054 | loss=23.0184 | val(geomean3)=0.9549 (best=0.9542) | α(x): μ=0.992 [min=0.000, max=1.000] | reducer_w=[μ=-1.404,σ=-0.126,max=0.000,p6=-0.316] | safesyn: srocc=0.9868 plcc=0.9655 pwrc=0.9929 | cid22_train: srocc=0.9253 plcc=0.9038 pwrc=0.9564 | t=401.7s
