=== seed=0 ===
| CID22 | 4292 | 0.8676 | 0.8905 | 0.8895 | 0.7412 |
| B0 below medium (<50) | 324 | 0.4072 | 0.4310 | [0.34, 0.53] | 0.4418 | 0.2041 | 59.35 | 52.65 |
| B1 medium [50,65) | 1010 | 0.4119 | 0.4457 | [0.40, 0.49] | 0.4694 | 0.2803 | 47.56 | 39.52 |
| B2 high [65,90) | 2915 | 0.7359 | 0.7768 | [0.76, 0.79] | 0.7722 | 0.5891 | 31.94 | 19.98 |
| B3 visually-lossless (≥90) | 43 | 0.0035 | 0.0923 | [0.01, 0.41] | 0.1121 | 0.1564 | 24.54 | 8.54 |
| Near-PJND [58,68] | 787 | 0.3551 | 0.3673 | [0.30, 0.42] | 0.3908 | 0.2491 | 43.62 | 34.96 |
=== seed=3 ===
| CID22 | 4292 | 0.8676 | 0.8823 | 0.8895 | 0.7412 |
| B0 below medium (<50) | 324 | 0.4072 | 0.4127 | [0.33, 0.50] | 0.4418 | 0.2041 | 58.18 | 52.65 |
| B1 medium [50,65) | 1010 | 0.4119 | 0.4169 | [0.37, 0.46] | 0.4694 | 0.2803 | 46.42 | 39.52 |
| B2 high [65,90) | 2915 | 0.7359 | 0.7699 | [0.76, 0.78] | 0.7722 | 0.5891 | 29.89 | 19.98 |
| B3 visually-lossless (≥90) | 43 | 0.0035 | 0.2599 | [0.04, 0.55] | 0.1121 | 0.1564 | 21.32 | 8.54 |
| Near-PJND [58,68] | 787 | 0.3551 | 0.3327 | [0.27, 0.39] | 0.3908 | 0.2491 | 42.41 | 34.96 |
=== seed=4 ===
| CID22 | 4292 | 0.8676 | 0.8872 | 0.8895 | 0.7412 |
| B0 below medium (<50) | 324 | 0.4072 | 0.3616 | [0.26, 0.45] | 0.4418 | 0.2041 | 59.52 | 52.65 |
| B1 medium [50,65) | 1010 | 0.4119 | 0.4056 | [0.36, 0.46] | 0.4694 | 0.2803 | 47.23 | 39.52 |
| B2 high [65,90) | 2915 | 0.7359 | 0.7826 | [0.77, 0.80] | 0.7722 | 0.5891 | 30.35 | 19.98 |
| B3 visually-lossless (≥90) | 43 | 0.0035 | 0.2042 | [0.01, 0.50] | 0.1121 | 0.1564 | 21.78 | 8.54 |
| Near-PJND [58,68] | 787 | 0.3551 | 0.3326 | [0.27, 0.39] | 0.3908 | 0.2491 | 43.04 | 34.96 |
=== seed=7 ===
| CID22 | 4292 | 0.8676 | 0.8898 | 0.8895 | 0.7412 |
| B0 below medium (<50) | 324 | 0.4072 | 0.4170 | [0.33, 0.51] | 0.4418 | 0.2041 | 59.45 | 52.65 |
| B1 medium [50,65) | 1010 | 0.4119 | 0.4275 | [0.38, 0.48] | 0.4694 | 0.2803 | 47.65 | 39.52 |
| B2 high [65,90) | 2915 | 0.7359 | 0.7832 | [0.77, 0.80] | 0.7722 | 0.5891 | 32.12 | 19.98 |
| B3 visually-lossless (≥90) | 43 | 0.0035 | 0.1433 | [0.01, 0.47] | 0.1121 | 0.1564 | 25.07 | 8.54 |
| Near-PJND [58,68] | 787 | 0.3551 | 0.3607 | [0.30, 0.42] | 0.3908 | 0.2491 | 43.68 | 34.96 |
