=== seed=0 ===
| CID22 | 4292 | 0.8676 | 0.8905 | 0.8895 | 0.7412 |
| B0 below medium (<50) | 324 | 0.4072 | 0.4310 | 0.4418 | 0.2041 | 59.35 | 52.65 |
| B1 medium [50,65) | 1010 | 0.4119 | 0.4457 | 0.4694 | 0.2803 | 47.56 | 39.52 |
| B2 high [65,90) | 2915 | 0.7359 | 0.7768 | 0.7722 | 0.5891 | 31.94 | 19.98 |
| B3 visually-lossless (≥90) | 43 | 0.0035 | 0.0923 | 0.1121 | 0.1564 | 24.54 | 8.54 |
| Near-PJND [58,68] | 787 | 0.3551 | 0.3673 | 0.3908 | 0.2491 | 43.62 | 34.96 |
=== seed=1 ===
| CID22 | 4292 | 0.8676 | 0.8806 | 0.8895 | 0.7412 |
| B0 below medium (<50) | 324 | 0.4072 | 0.4113 | 0.4418 | 0.2041 | 59.16 | 52.65 |
| B1 medium [50,65) | 1010 | 0.4119 | 0.4266 | 0.4694 | 0.2803 | 47.46 | 39.52 |
| B2 high [65,90) | 2915 | 0.7359 | 0.7635 | 0.7722 | 0.5891 | 31.51 | 19.98 |
| B3 visually-lossless (≥90) | 43 | 0.0035 | 0.1303 | 0.1121 | 0.1564 | 24.18 | 8.54 |
| Near-PJND [58,68] | 787 | 0.3551 | 0.3340 | 0.3908 | 0.2491 | 43.51 | 34.96 |
=== seed=2 ===
| CID22 | 4292 | 0.8676 | 0.8794 | 0.8895 | 0.7412 |
| B0 below medium (<50) | 324 | 0.4072 | 0.4028 | 0.4418 | 0.2041 | 58.65 | 52.65 |
| B1 medium [50,65) | 1010 | 0.4119 | 0.4197 | 0.4694 | 0.2803 | 46.95 | 39.52 |
| B2 high [65,90) | 2915 | 0.7359 | 0.7684 | 0.7722 | 0.5891 | 31.23 | 19.98 |
| B3 visually-lossless (≥90) | 43 | 0.0035 | 0.1407 | 0.1121 | 0.1564 | 24.22 | 8.54 |
| Near-PJND [58,68] | 787 | 0.3551 | 0.3325 | 0.3908 | 0.2491 | 42.96 | 34.96 |
=== seed=3 ===
| CID22 | 4292 | 0.8676 | 0.8823 | 0.8895 | 0.7412 |
| B0 below medium (<50) | 324 | 0.4072 | 0.4127 | 0.4418 | 0.2041 | 58.18 | 52.65 |
| B1 medium [50,65) | 1010 | 0.4119 | 0.4169 | 0.4694 | 0.2803 | 46.42 | 39.52 |
| B2 high [65,90) | 2915 | 0.7359 | 0.7699 | 0.7722 | 0.5891 | 29.89 | 19.98 |
| B3 visually-lossless (≥90) | 43 | 0.0035 | 0.2599 | 0.1121 | 0.1564 | 21.32 | 8.54 |
| Near-PJND [58,68] | 787 | 0.3551 | 0.3327 | 0.3908 | 0.2491 | 42.41 | 34.96 |
=== seed=4 ===
| CID22 | 4292 | 0.8676 | 0.8872 | 0.8895 | 0.7412 |
| B0 below medium (<50) | 324 | 0.4072 | 0.3616 | 0.4418 | 0.2041 | 59.52 | 52.65 |
| B1 medium [50,65) | 1010 | 0.4119 | 0.4056 | 0.4694 | 0.2803 | 47.23 | 39.52 |
| B2 high [65,90) | 2915 | 0.7359 | 0.7826 | 0.7722 | 0.5891 | 30.35 | 19.98 |
| B3 visually-lossless (≥90) | 43 | 0.0035 | 0.2042 | 0.1121 | 0.1564 | 21.78 | 8.54 |
| Near-PJND [58,68] | 787 | 0.3551 | 0.3326 | 0.3908 | 0.2491 | 43.04 | 34.96 |
=== seed=5 ===
| CID22 | 4292 | 0.8676 | 0.8784 | 0.8895 | 0.7412 |
| B0 below medium (<50) | 324 | 0.4072 | 0.4028 | 0.4418 | 0.2041 | 59.22 | 52.65 |
| B1 medium [50,65) | 1010 | 0.4119 | 0.4130 | 0.4694 | 0.2803 | 47.23 | 39.52 |
| B2 high [65,90) | 2915 | 0.7359 | 0.7658 | 0.7722 | 0.5891 | 30.84 | 19.98 |
| B3 visually-lossless (≥90) | 43 | 0.0035 | 0.1638 | 0.1121 | 0.1564 | 23.22 | 8.54 |
| Near-PJND [58,68] | 787 | 0.3551 | 0.3302 | 0.3908 | 0.2491 | 43.15 | 34.96 |
=== seed=6 ===
| CID22 | 4292 | 0.8676 | 0.8724 | 0.8895 | 0.7412 |
| B0 below medium (<50) | 324 | 0.4072 | 0.3888 | 0.4418 | 0.2041 | 58.48 | 52.65 |
| B1 medium [50,65) | 1010 | 0.4119 | 0.4122 | 0.4694 | 0.2803 | 46.72 | 39.52 |
| B2 high [65,90) | 2915 | 0.7359 | 0.7487 | 0.7722 | 0.5891 | 30.53 | 19.98 |
| B3 visually-lossless (≥90) | 43 | 0.0035 | 0.0998 | 0.1121 | 0.1564 | 23.04 | 8.54 |
| Near-PJND [58,68] | 787 | 0.3551 | 0.3343 | 0.3908 | 0.2491 | 42.68 | 34.96 |
=== seed=7 ===
| CID22 | 4292 | 0.8676 | 0.8898 | 0.8895 | 0.7412 |
| B0 below medium (<50) | 324 | 0.4072 | 0.4170 | 0.4418 | 0.2041 | 59.45 | 52.65 |
| B1 medium [50,65) | 1010 | 0.4119 | 0.4275 | 0.4694 | 0.2803 | 47.65 | 39.52 |
| B2 high [65,90) | 2915 | 0.7359 | 0.7832 | 0.7722 | 0.5891 | 32.12 | 19.98 |
| B3 visually-lossless (≥90) | 43 | 0.0035 | 0.1433 | 0.1121 | 0.1564 | 25.07 | 8.54 |
| Near-PJND [58,68] | 787 | 0.3551 | 0.3607 | 0.3908 | 0.2491 | 43.68 | 34.96 |
=== seed=8 ===
| CID22 | 4292 | 0.8676 | 0.8736 | 0.8895 | 0.7412 |
| B0 below medium (<50) | 324 | 0.4072 | 0.4159 | 0.4418 | 0.2041 | 59.36 | 52.65 |
| B1 medium [50,65) | 1010 | 0.4119 | 0.4088 | 0.4694 | 0.2803 | 47.54 | 39.52 |
| B2 high [65,90) | 2915 | 0.7359 | 0.7515 | 0.7722 | 0.5891 | 30.70 | 19.98 |
| B3 visually-lossless (≥90) | 43 | 0.0035 | 0.1087 | 0.1121 | 0.1564 | 22.20 | 8.54 |
| Near-PJND [58,68] | 787 | 0.3551 | 0.3250 | 0.3908 | 0.2491 | 43.44 | 34.96 |
=== seed=9 ===
| CID22 | 4292 | 0.8676 | 0.8880 | 0.8895 | 0.7412 |
| B0 below medium (<50) | 324 | 0.4072 | 0.4179 | 0.4418 | 0.2041 | 59.50 | 52.65 |
| B1 medium [50,65) | 1010 | 0.4119 | 0.4427 | 0.4694 | 0.2803 | 47.65 | 39.52 |
| B2 high [65,90) | 2915 | 0.7359 | 0.7788 | 0.7722 | 0.5891 | 31.60 | 19.98 |
| B3 visually-lossless (≥90) | 43 | 0.0035 | 0.2004 | 0.1121 | 0.1564 | 23.75 | 8.54 |
| Near-PJND [58,68] | 787 | 0.3551 | 0.3417 | 0.3908 | 0.2491 | 43.60 | 34.96 |
=== seed=42 ===
