┌────────────────────────────────────────────────────────────────────────┐
│ ZENSIM PROFILE STATS DEMO — task #181 (2026-05-20)                     │
│ AIC-4 sample added as default eval set (300 pairs, 5 src × 6 codecs × │
│ 10 dlevels). bake_verdict default now: cid22,kadid,tid,konjnd,aic3,aic4│
└────────────────────────────────────────────────────────────────────────┘

════════════════════════════════════════════════════════════════════════
 SECTION 1 — Full Mohammadi panel per (profile, corpus)
 Stats: SROCC + PLCC + KROCC + OR + PWRC + Z-RMSE (all polarity-aligned)
 10-band breakdown shown only for CID22/KADID/TID (corpora that use a
 0..1 normalized human-score scale partition-friendly).
════════════════════════════════════════════════════════════════════════
preview_stats_demo: pre-loading 6 corpora...
  CID22: loaded 4292 pairs × 372 features from "/mnt/v/zen/zensim-training/2026-05-15-full-features/cid22_features_372col_2026-05-15.parquet"
  loaded CID22 (4292 pairs)
  KADIK10k: loaded 10125 pairs × 372 features from "/mnt/v/zen/zensim-training/2026-05-15-full-features/kadid_features_372col_2026-05-15.parquet"
  loaded KADIK10k (10125 pairs)
  TID2013: loaded 3000 pairs × 372 features from "/mnt/v/zen/zensim-training/2026-05-15-full-features/tid_features_372col_2026-05-15.parquet"
  loaded TID2013 (3000 pairs)
  KonJND-1k: loaded 1008 pairs × 372 features from "/mnt/v/zen/zensim-training/2026-05-15-full-features/konjnd_features_372col_2026-05-15.parquet"
  loaded KonJND-1k (1008 pairs)
  AIC-3 CTC: loaded 600 pairs × 372 features from "/mnt/v/zen/zensim-training/2026-05-15-full-features/aic3_features_372col_2026-05-15.parquet"
  loaded AIC-3 CTC (600 pairs)
  AIC-4 sample: loaded 300 pairs × 372 features from "/mnt/v/zen/zensim-training/2026-05-15-full-features/aic4_features_372col_2026-05-20.parquet"
  loaded AIC-4 sample (300 pairs)


╔════════════════════════════════════════════════════════════════════════
║ PreviewV0_5TunerV4       (V10 anchor + PCHIP spline + extrapolate, default)
║ n_inputs=372  head=per-sample-α  feature_transforms=false  tanh-pin PCHIP-spline
╚════════════════════════════════════════════════════════════════════════
│  CID22: n=4292  SROCC=0.8540  PLCC=0.8439  KROCC=0.6711  OR=0.0331  PWRC=0.8991  Z-RMSE=0.536
│  ┌─ 10-band SROCC ───────────────────────────────────────────────
│  │ B0: n/a(0) B1: n/a(0) B2: n/a(1) B3: 0.089(n=57) B4: 0.262(n=266) B5: 0.328(n=615) B6: 0.346(n=836) B7: 0.391(n=1092) B8: 0.489(n=1382) B9: 0.146(n=43)
│  └────────────────────────────────────────────────────────────────
│  KADIK10k: n=10125  SROCC=0.4831  PLCC=0.4856  KROCC=0.3477  OR=0.0596  PWRC=0.5571  Z-RMSE=0.874
│  ┌─ 10-band SROCC ───────────────────────────────────────────────
│  │ B0: 0.079(n=705) B1: 0.120(n=910) B2: 0.020(n=1111) B3: 0.108(n=1291) B4: 0.089(n=1013) B5: 0.048(n=919) B6: 0.067(n=936) B7: 0.078(n=985) B8: 0.288(n=1699) B9: 0.126(n=486)
│  └────────────────────────────────────────────────────────────────
│  TID2013: n=3000  SROCC=0.6636  PLCC=0.6500  KROCC=0.4955  OR=0.0527  PWRC=0.7076  Z-RMSE=0.760
│  ┌─ 10-band SROCC ───────────────────────────────────────────────
│  │ B0:⚠0.080(n=29) B1: 0.065(n=34) B2: 0.077(n=185) B3: 0.161(n=493) B4: 0.249(n=677) B5: 0.249(n=705) B6: 0.185(n=809) B7: 0.331(n=67) B8: n/a(1) B9: n/a(0)
│  └────────────────────────────────────────────────────────────────
│  KonJND-1k: n=1008  SROCC=0.2317  PLCC=0.2187  KROCC=0.1572  OR=0.0308  PWRC=0.2740  Z-RMSE=0.976
│  AIC-3 CTC: n=600  SROCC=0.7865  PLCC=0.8008  KROCC=0.6212  OR=0.0550  PWRC=0.8537  Z-RMSE=0.599
│  AIC-4 sample: n=300  SROCC=0.9240  PLCC=0.9085  KROCC=0.7657  OR=0.0533  PWRC=0.9595  Z-RMSE=0.418

╔════════════════════════════════════════════════════════════════════════
║ PreviewV0_5BalancedV3    (V_22-mix LARGE + iwssim + V10 spline + extrapolate)
║ n_inputs=300  head=plain-MLP  feature_transforms=false  PCHIP-spline
╚════════════════════════════════════════════════════════════════════════
│  CID22: n=4292  SROCC=0.8324  PLCC=0.8256  KROCC=0.6340  OR=0.0496  PWRC=0.9012  Z-RMSE=0.564
│  ┌─ 10-band SROCC ───────────────────────────────────────────────
│  │ B0: n/a(0) B1: n/a(0) B2: n/a(1) B3: 0.049(n=57) B4: 0.251(n=266) B5: 0.247(n=615) B6: 0.222(n=836) B7: 0.319(n=1092) B8: 0.496(n=1382) B9: 0.106(n=43)
│  └────────────────────────────────────────────────────────────────
│  KADIK10k: n=10125  SROCC=0.9664  PLCC=0.9562  KROCC=0.8420  OR=0.0427  PWRC=0.9803  Z-RMSE=0.293
│  ┌─ 10-band SROCC ───────────────────────────────────────────────
│  │ B0: 0.127(n=705) B1: 0.313(n=910) B2: 0.398(n=1111) B3: 0.334(n=1291) B4: 0.375(n=1013) B5: 0.345(n=919) B6: 0.365(n=936) B7: 0.360(n=985) B8: 0.502(n=1699) B9: 0.182(n=486)
│  └────────────────────────────────────────────────────────────────
│  TID2013: n=3000  SROCC=0.9712  PLCC=0.9379  KROCC=0.8521  OR=0.0353  PWRC=0.9810  Z-RMSE=0.347
│  ┌─ 10-band SROCC ───────────────────────────────────────────────
│  │ B0:⚠0.000(n=29) B1: 0.000(n=34) B2: 0.060(n=185) B3: 0.715(n=493) B4: 0.763(n=677) B5: 0.708(n=705) B6: 0.586(n=809) B7: 0.284(n=67) B8: n/a(1) B9: n/a(0)
│  └────────────────────────────────────────────────────────────────
│  KonJND-1k: n=1008  SROCC=0.8927  PLCC=0.9270  KROCC=0.7070  OR=0.0437  PWRC=0.9305  Z-RMSE=0.375
│  AIC-3 CTC: n=600  SROCC=0.7845  PLCC=0.7952  KROCC=0.6155  OR=0.0467  PWRC=0.8587  Z-RMSE=0.606
│  AIC-4 sample: n=300  SROCC=0.9016  PLCC=0.8900  KROCC=0.7308  OR=0.0467  PWRC=0.9498  Z-RMSE=0.456

╔════════════════════════════════════════════════════════════════════════
║ PreviewV0_5CompressionV3 (V_24-per-sample-α + V10 spline + extrapolate)
║ n_inputs=300  head=per-sample-α  feature_transforms=false  PCHIP-spline
╚════════════════════════════════════════════════════════════════════════
│  CID22: n=4292  SROCC=0.8641  PLCC=0.8592  KROCC=0.6742  OR=0.0238  PWRC=0.9180  Z-RMSE=0.512
│  ┌─ 10-band SROCC ───────────────────────────────────────────────
│  │ B0: n/a(0) B1: n/a(0) B2: n/a(1) B3: 0.083(n=57) B4: 0.270(n=266) B5: 0.266(n=615) B6: 0.273(n=836) B7: 0.379(n=1092) B8: 0.497(n=1382) B9: 0.140(n=43)
│  └────────────────────────────────────────────────────────────────
│  KADIK10k: n=10125  SROCC=0.9200  PLCC=0.8869  KROCC=0.7647  OR=0.0455  PWRC=0.9463  Z-RMSE=0.462
│  ┌─ 10-band SROCC ───────────────────────────────────────────────
│  │ B0: 0.023(n=705) B1: 0.118(n=910) B2: 0.179(n=1111) B3: 0.229(n=1291) B4: 0.250(n=1013) B5: 0.203(n=919) B6: 0.229(n=936) B7: 0.272(n=985) B8: 0.451(n=1699) B9: 0.171(n=486)
│  └────────────────────────────────────────────────────────────────
│  TID2013: n=3000  SROCC=0.8798  PLCC=0.8272  KROCC=0.7019  OR=0.0447  PWRC=0.9280  Z-RMSE=0.562
│  ┌─ 10-band SROCC ───────────────────────────────────────────────
│  │ B0:⚠0.000(n=29) B1: 0.000(n=34) B2: 0.000(n=185) B3: 0.400(n=493) B4: 0.533(n=677) B5: 0.469(n=705) B6: 0.186(n=809) B7: 0.347(n=67) B8: n/a(1) B9: n/a(0)
│  └────────────────────────────────────────────────────────────────
│  KonJND-1k: n=1008  SROCC=0.8080  PLCC=0.8647  KROCC=0.5935  OR=0.0357  PWRC=0.8723  Z-RMSE=0.502
│  AIC-3 CTC: n=600  SROCC=0.8183  PLCC=0.8247  KROCC=0.6527  OR=0.0233  PWRC=0.8855  Z-RMSE=0.566
│  AIC-4 sample: n=300  SROCC=0.9538  PLCC=0.9494  KROCC=0.8185  OR=0.0467  PWRC=0.9733  Z-RMSE=0.314

╔════════════════════════════════════════════════════════════════════════
║ PreviewV0_5TunerV3       (V9 anchor + PCHIP spline, JND=60/JOD=30)
║ n_inputs=372  head=per-sample-α  feature_transforms=false  tanh-pin PCHIP-spline
╚════════════════════════════════════════════════════════════════════════
│  CID22: n=4292  SROCC=0.8540  PLCC=0.8422  KROCC=0.6711  OR=0.0405  PWRC=0.8991  Z-RMSE=0.539
│  ┌─ 10-band SROCC ───────────────────────────────────────────────
│  │ B0: n/a(0) B1: n/a(0) B2: n/a(1) B3: 0.089(n=57) B4: 0.262(n=266) B5: 0.328(n=615) B6: 0.346(n=836) B7: 0.391(n=1092) B8: 0.489(n=1382) B9: 0.146(n=43)
│  └────────────────────────────────────────────────────────────────
│  KADIK10k: n=10125  SROCC=0.4832  PLCC=0.4809  KROCC=0.3477  OR=0.0414  PWRC=0.5571  Z-RMSE=0.877
│  ┌─ 10-band SROCC ───────────────────────────────────────────────
│  │ B0: 0.079(n=705) B1: 0.120(n=910) B2: 0.020(n=1111) B3: 0.108(n=1291) B4: 0.089(n=1013) B5: 0.048(n=919) B6: 0.067(n=936) B7: 0.078(n=985) B8: 0.288(n=1699) B9: 0.126(n=486)
│  └────────────────────────────────────────────────────────────────
│  TID2013: n=3000  SROCC=0.6636  PLCC=0.6454  KROCC=0.4955  OR=0.0577  PWRC=0.7074  Z-RMSE=0.764
│  ┌─ 10-band SROCC ───────────────────────────────────────────────
│  │ B0:⚠0.080(n=29) B1: 0.065(n=34) B2: 0.077(n=185) B3: 0.161(n=493) B4: 0.249(n=677) B5: 0.249(n=705) B6: 0.185(n=809) B7: 0.330(n=67) B8: n/a(1) B9: n/a(0)
│  └────────────────────────────────────────────────────────────────
│  KonJND-1k: n=1008  SROCC=0.2317  PLCC=0.2175  KROCC=0.1572  OR=0.0367  PWRC=0.2740  Z-RMSE=0.976
│  AIC-3 CTC: n=600  SROCC=0.7865  PLCC=0.8003  KROCC=0.6212  OR=0.0617  PWRC=0.8537  Z-RMSE=0.600
│  AIC-4 sample: n=300  SROCC=0.9240  PLCC=0.9122  KROCC=0.7657  OR=0.0400  PWRC=0.9595  Z-RMSE=0.410

╔════════════════════════════════════════════════════════════════════════
║ PreviewV0_5BalancedV2    (V_22-mix LARGE + iwssim + V9 spline)
║ n_inputs=300  head=plain-MLP  feature_transforms=false  PCHIP-spline
╚════════════════════════════════════════════════════════════════════════
│  CID22: n=4292  SROCC=0.8324  PLCC=0.8282  KROCC=0.6340  OR=0.0373  PWRC=0.9012  Z-RMSE=0.560
│  ┌─ 10-band SROCC ───────────────────────────────────────────────
│  │ B0: n/a(0) B1: n/a(0) B2: n/a(1) B3: 0.049(n=57) B4: 0.251(n=266) B5: 0.247(n=615) B6: 0.222(n=836) B7: 0.319(n=1092) B8: 0.496(n=1382) B9: 0.106(n=43)
│  └────────────────────────────────────────────────────────────────
│  KADIK10k: n=10125  SROCC=0.9677  PLCC=0.9602  KROCC=0.8432  OR=0.0308  PWRC=0.9820  Z-RMSE=0.279
│  ┌─ 10-band SROCC ───────────────────────────────────────────────
│  │ B0: 0.415(n=705) B1: 0.415(n=910) B2: 0.399(n=1111) B3: 0.334(n=1291) B4: 0.375(n=1013) B5: 0.345(n=919) B6: 0.365(n=936) B7: 0.360(n=985) B8: 0.502(n=1699) B9: 0.182(n=486)
│  └────────────────────────────────────────────────────────────────
│  TID2013: n=3000  SROCC=0.9729  PLCC=0.9564  KROCC=0.8571  OR=0.0293  PWRC=0.9831  Z-RMSE=0.292
│  ┌─ 10-band SROCC ───────────────────────────────────────────────
│  │ B0:⚠0.062(n=29) B1: 0.532(n=34) B2: 0.648(n=185) B3: 0.735(n=493) B4: 0.763(n=677) B5: 0.708(n=705) B6: 0.586(n=809) B7: 0.284(n=67) B8: n/a(1) B9: n/a(0)
│  └────────────────────────────────────────────────────────────────
│  KonJND-1k: n=1008  SROCC=0.8927  PLCC=0.9264  KROCC=0.7070  OR=0.0476  PWRC=0.9305  Z-RMSE=0.376
│  AIC-3 CTC: n=600  SROCC=0.7845  PLCC=0.7951  KROCC=0.6155  OR=0.0550  PWRC=0.8587  Z-RMSE=0.606
│  AIC-4 sample: n=300  SROCC=0.9016  PLCC=0.8927  KROCC=0.7308  OR=0.0433  PWRC=0.9498  Z-RMSE=0.451

╔════════════════════════════════════════════════════════════════════════
║ PreviewV0_5CompressionV2 (V_24-per-sample-α + V9 spline)
║ n_inputs=300  head=per-sample-α  feature_transforms=false  PCHIP-spline
╚════════════════════════════════════════════════════════════════════════
│  CID22: n=4292  SROCC=0.8641  PLCC=0.8611  KROCC=0.6742  OR=0.0499  PWRC=0.9180  Z-RMSE=0.508
│  ┌─ 10-band SROCC ───────────────────────────────────────────────
│  │ B0: n/a(0) B1: n/a(0) B2: n/a(1) B3: 0.083(n=57) B4: 0.270(n=266) B5: 0.266(n=615) B6: 0.273(n=836) B7: 0.379(n=1092) B8: 0.497(n=1382) B9: 0.140(n=43)
│  └────────────────────────────────────────────────────────────────
│  KADIK10k: n=10125  SROCC=0.9316  PLCC=0.9187  KROCC=0.7684  OR=0.0389  PWRC=0.9612  Z-RMSE=0.395
│  ┌─ 10-band SROCC ───────────────────────────────────────────────
│  │ B0: 0.246(n=705) B1: 0.260(n=910) B2: 0.192(n=1111) B3: 0.220(n=1291) B4: 0.252(n=1013) B5: 0.204(n=919) B6: 0.229(n=936) B7: 0.272(n=985) B8: 0.451(n=1699) B9: 0.171(n=486)
│  └────────────────────────────────────────────────────────────────
│  TID2013: n=3000  SROCC=0.8893  PLCC=0.8945  KROCC=0.7130  OR=0.0400  PWRC=0.9416  Z-RMSE=0.447
│  ┌─ 10-band SROCC ───────────────────────────────────────────────
│  │ B0:⚠0.186(n=29) B1: 0.481(n=34) B2: 0.328(n=185) B3: 0.469(n=493) B4: 0.534(n=677) B5: 0.469(n=705) B6: 0.186(n=809) B7: 0.347(n=67) B8: n/a(1) B9: n/a(0)
│  └────────────────────────────────────────────────────────────────
│  KonJND-1k: n=1008  SROCC=0.8080  PLCC=0.8649  KROCC=0.5935  OR=0.0437  PWRC=0.8723  Z-RMSE=0.502
│  AIC-3 CTC: n=600  SROCC=0.8183  PLCC=0.8244  KROCC=0.6527  OR=0.0550  PWRC=0.8855  Z-RMSE=0.566
│  AIC-4 sample: n=300  SROCC=0.9538  PLCC=0.9504  KROCC=0.8185  OR=0.0467  PWRC=0.9733  Z-RMSE=0.311

╔════════════════════════════════════════════════════════════════════════
║ PreviewV0_5TunerV2       (legacy V6 anchor + tanh-pin)
║ n_inputs=372  head=per-sample-α  feature_transforms=false  tanh-pin 
╚════════════════════════════════════════════════════════════════════════
│  CID22: n=4292  SROCC=0.8506  PLCC=0.8394  KROCC=0.6648  OR=0.0417  PWRC=0.9053  Z-RMSE=0.544
│  ┌─ 10-band SROCC ───────────────────────────────────────────────
│  │ B0: n/a(0) B1: n/a(0) B2: n/a(1) B3: 0.152(n=57) B4: 0.276(n=266) B5: 0.298(n=615) B6: 0.310(n=836) B7: 0.409(n=1092) B8: 0.470(n=1382) B9: 0.255(n=43)
│  └────────────────────────────────────────────────────────────────
│  KADIK10k: n=10125  SROCC=0.6023  PLCC=0.5947  KROCC=0.4322  OR=0.0539  PWRC=0.6895  Z-RMSE=0.804
│  ┌─ 10-band SROCC ───────────────────────────────────────────────
│  │ B0: 0.180(n=705) B1: 0.151(n=910) B2: 0.087(n=1111) B3: 0.124(n=1291) B4: 0.075(n=1013) B5: 0.054(n=919) B6: 0.052(n=936) B7: 0.070(n=985) B8: 0.309(n=1699) B9: 0.125(n=486)
│  └────────────────────────────────────────────────────────────────
│  TID2013: n=3000  SROCC=0.6764  PLCC=0.6924  KROCC=0.5057  OR=0.0640  PWRC=0.7310  Z-RMSE=0.722
│  ┌─ 10-band SROCC ───────────────────────────────────────────────
│  │ B0:⚠0.185(n=29) B1: 0.461(n=34) B2: 0.147(n=185) B3: 0.290(n=493) B4: 0.340(n=677) B5: 0.281(n=705) B6: 0.076(n=809) B7: 0.382(n=67) B8: n/a(1) B9: n/a(0)
│  └────────────────────────────────────────────────────────────────
│  KonJND-1k: n=1008  SROCC=0.2690  PLCC=0.2427  KROCC=0.1840  OR=0.0367  PWRC=0.3211  Z-RMSE=0.970
│  AIC-3 CTC: n=600  SROCC=0.7806  PLCC=0.7956  KROCC=0.6133  OR=0.0617  PWRC=0.8506  Z-RMSE=0.606
│  AIC-4 sample: n=300  SROCC=0.9285  PLCC=0.9169  KROCC=0.7742  OR=0.0567  PWRC=0.9622  Z-RMSE=0.399

════════════════════════════════════════════════════════════════════════
 SECTION 2 — Dynamic range per profile (1000 random CID22 val pairs)
 Shows the production-runtime score min, p5, p50, p95, max.
════════════════════════════════════════════════════════════════════════

profile                                                    │     min │      p5 │     p50 │     p95 │     max │   range
──────────────────────────────────────────────────────────┼─────────┼─────────┼─────────┼─────────┼─────────┼─────────
PreviewV0_5TunerV4       (V10 anchor + PCHIP spline + extrapolate, default) │   53.09 │   73.86 │   84.78 │   94.44 │   97.72 │   20.58
PreviewV0_5BalancedV3    (V_22-mix LARGE + iwssim + V10 spline + extrapolate) │   58.48 │   71.14 │   81.08 │   88.29 │   96.69 │   17.16
PreviewV0_5CompressionV3 (V_24-per-sample-α + V10 spline + extrapolate) │   47.90 │   74.26 │   82.95 │   90.24 │   97.48 │   15.98
PreviewV0_5TunerV3       (V9 anchor + PCHIP spline, JND=60/JOD=30) │   34.76 │   55.64 │   68.11 │   88.55 │   95.18 │   32.91
PreviewV0_5BalancedV2    (V_22-mix LARGE + iwssim + V9 spline) │   40.33 │   54.15 │   61.39 │   76.46 │   93.13 │   22.31
PreviewV0_5CompressionV2 (V_24-per-sample-α + V9 spline)   │   45.79 │   55.20 │   64.30 │   80.55 │   94.69 │   25.35
PreviewV0_5TunerV2       (legacy V6 anchor + tanh-pin)     │   39.17 │   56.61 │   71.63 │   85.39 │   89.68 │   28.78

════════════════════════════════════════════════════════════════════════
 SECTION 3 — Per-codec q→score mapping (10 source images, q ∈ {5..95 step 10})
 Codec butter parquets at /mnt/v/zen/picker-training/2026-05-19/butter/
 Cell shows median (p25..p75) across the 10 images.
════════════════════════════════════════════════════════════════════════

Per-codec q→score table — 10 source images (deterministic 0xc0dec2026 sample of refs common to all 4 codec butter parquets); each cell shows median (p25..p75) across the 10 images.

────────────────────────────────────────────────────────────────────────
Profile: PreviewV0_5TunerV4       (V10 anchor + PCHIP spline + extrapolate, default)
────────────────────────────────────────────────────────────────────────
  q   │              zenjpeg │              zenwebp │              zenavif │               zenjxl
──────┼──────────────────────┼──────────────────────┼──────────────────────┼──────────────────────
    5 │  51.6 (  1.4.. 57.8) │  55.7 ( 52.9.. 58.8) │  12.3 (-14.0.. 14.8) │  48.3 ( 45.5.. 54.1)
   15 │  52.7 (  1.5.. 57.7) │  62.4 ( 60.2.. 66.6) │  41.6 ( 35.6.. 42.9) │  51.4 ( 48.2.. 57.0)
   25 │  64.8 ( 45.0.. 67.7) │  68.2 ( 64.0.. 71.4) │  54.6 ( 50.1.. 56.8) │  55.3 ( 50.8.. 60.5)
   35 │  71.9 ( 64.9.. 74.3) │  73.3 ( 69.0.. 77.3) │  63.6 ( 61.1.. 65.7) │  59.2 ( 56.9.. 62.8)
   45 │  75.7 ( 69.9.. 77.1) │  78.5 ( 74.5.. 80.4) │  73.1 ( 69.9.. 76.7) │  64.8 ( 62.6.. 65.6)
   55 │  79.2 ( 76.7.. 80.1) │  79.9 ( 77.0.. 81.8) │  80.6 ( 78.1.. 81.1) │  69.1 ( 66.0.. 71.6)
   65 │  80.5 ( 78.9.. 81.3) │  80.8 ( 78.9.. 83.4) │  84.0 ( 83.5.. 84.8) │  78.6 ( 74.9.. 79.3)
   75 │  83.5 ( 83.0.. 83.7) │  82.6 ( 80.8.. 84.2) │  87.3 ( 86.1.. 88.3) │  82.4 ( 81.0.. 82.9)
   85 │  85.7 ( 85.2.. 86.3) │  85.5 ( 84.6.. 87.8) │  92.1 ( 90.4.. 92.7) │  86.7 ( 86.2.. 87.7)
   95 │  95.5 ( 93.1.. 96.4) │  93.7 ( 90.9.. 94.6) │  96.8 ( 96.3.. 97.4) │ 100.0 (100.0..100.0)

────────────────────────────────────────────────────────────────────────
Profile: PreviewV0_5BalancedV3    (V_22-mix LARGE + iwssim + V10 spline + extrapolate)
────────────────────────────────────────────────────────────────────────
  q   │              zenjpeg │              zenwebp │              zenavif │               zenjxl
──────┼──────────────────────┼──────────────────────┼──────────────────────┼──────────────────────
    5 │  27.5 (  4.5.. 49.0) │  56.9 ( 39.9.. 60.8) │   0.0 (  0.0..  3.4) │  54.9 ( 20.9.. 59.3)
   15 │  34.8 (  6.2.. 49.5) │  63.2 ( 59.0.. 69.2) │  18.6 (  0.0.. 54.6) │  56.0 ( 37.6.. 59.3)
   25 │  63.8 ( 50.6.. 64.8) │  69.2 ( 63.3.. 80.4) │  57.4 ( 35.0.. 62.9) │  59.5 ( 50.4.. 67.1)
   35 │  71.5 ( 62.2.. 72.7) │  73.3 ( 69.9.. 82.6) │  65.1 ( 60.5.. 77.7) │  61.5 ( 55.4.. 73.0)
   45 │  76.5 ( 71.3.. 77.9) │  78.3 ( 73.2.. 83.4) │  71.3 ( 68.3.. 83.4) │  64.0 ( 60.9.. 75.5)
   55 │  78.3 ( 76.5.. 79.9) │  79.5 ( 76.4.. 84.0) │  78.7 ( 75.8.. 85.1) │  70.7 ( 65.1.. 78.6)
   65 │  81.4 ( 78.5.. 82.6) │  80.0 ( 77.9.. 84.3) │  83.6 ( 83.3.. 86.0) │  75.5 ( 73.6.. 81.5)
   75 │  84.5 ( 81.8.. 84.6) │  80.7 ( 80.1.. 84.7) │  87.0 ( 86.7.. 89.6) │  81.9 ( 79.7.. 84.2)
   85 │  87.0 ( 84.9.. 88.8) │  85.6 ( 84.7.. 87.1) │  90.8 ( 89.6.. 95.2) │  87.1 ( 86.7.. 88.4)
   95 │  96.4 ( 92.5.. 96.9) │  90.9 ( 90.1.. 92.5) │  97.0 ( 96.4.. 97.6) │ 100.4 (100.4..100.4)

────────────────────────────────────────────────────────────────────────
Profile: PreviewV0_5CompressionV3 (V_24-per-sample-α + V10 spline + extrapolate)
────────────────────────────────────────────────────────────────────────
  q   │              zenjpeg │              zenwebp │              zenavif │               zenjxl
──────┼──────────────────────┼──────────────────────┼──────────────────────┼──────────────────────
    5 │   9.9 (  1.2.. 17.8) │  23.4 (  5.0.. 67.7) │   0.0 (  0.0..  0.7) │   9.0 (  0.0.. 29.5)
   15 │  10.5 (  2.1.. 20.8) │  62.1 ( 27.9.. 76.5) │   2.5 (  0.0.. 36.6) │  11.1 (  7.4.. 35.7)
   25 │  48.4 ( 40.4.. 69.4) │  72.3 ( 55.2.. 82.3) │  19.8 (  2.9.. 72.7) │  26.1 ( 12.3.. 64.9)
   35 │  70.9 ( 68.3.. 75.9) │  76.6 ( 68.2.. 83.7) │  64.4 (  8.8.. 81.3) │  49.2 ( 15.7.. 71.3)
   45 │  76.8 ( 73.9.. 79.8) │  79.1 ( 74.7.. 84.7) │  76.3 ( 64.3.. 83.7) │  64.8 ( 20.2.. 75.6)
   55 │  79.2 ( 76.6.. 80.9) │  79.6 ( 76.4.. 85.2) │  80.3 ( 75.3.. 85.9) │  73.0 ( 63.7.. 80.1)
   65 │  81.6 ( 79.2.. 82.4) │  80.5 ( 77.8.. 85.5) │  84.4 ( 81.5.. 88.0) │  78.2 ( 72.1.. 83.2)
   75 │  84.3 ( 82.8.. 85.6) │  82.3 ( 79.5.. 86.3) │  87.0 ( 86.2.. 91.2) │  82.3 ( 79.7.. 85.9)
   85 │  86.6 ( 85.6.. 87.7) │  86.3 ( 84.4.. 88.0) │  91.0 ( 89.7.. 96.2) │  86.7 ( 86.0.. 90.0)
   95 │  96.1 ( 95.2.. 96.5) │  92.5 ( 90.9.. 94.3) │  97.3 ( 96.4.. 97.4) │ 100.3 (100.3..100.3)

────────────────────────────────────────────────────────────────────────
Profile: PreviewV0_5TunerV3       (V9 anchor + PCHIP spline, JND=60/JOD=30)
────────────────────────────────────────────────────────────────────────
  q   │              zenjpeg │              zenwebp │              zenavif │               zenjxl
──────┼──────────────────────┼──────────────────────┼──────────────────────┼──────────────────────
    5 │  32.7 (  0.2.. 41.6) │  38.5 ( 34.5.. 42.9) │   2.1 ( -1.9..  2.6) │  28.1 ( 23.4.. 36.2)
   15 │  34.2 (  0.2.. 41.4) │  47.4 ( 44.8.. 51.3) │  16.7 ( 10.2.. 18.7) │  32.3 ( 27.8.. 40.4)
   25 │  49.8 ( 22.4.. 52.1) │  52.4 ( 49.1.. 54.3) │  37.0 ( 30.5.. 40.1) │  37.9 ( 31.5.. 45.1)
   35 │  54.5 ( 49.9.. 55.9) │  55.3 ( 52.9.. 57.7) │  48.7 ( 45.9.. 50.6) │  43.4 ( 40.3.. 47.8)
   45 │  56.7 ( 53.4.. 57.5) │  58.6 ( 56.0.. 60.5) │  55.2 ( 53.5.. 57.3) │  49.8 ( 47.6.. 50.6)
   55 │  59.1 ( 57.3.. 60.1) │  59.9 ( 57.5.. 62.4) │  60.7 ( 58.2.. 61.4) │  52.9 ( 50.8.. 54.4)
   65 │  60.6 ( 58.9.. 61.6) │  61.0 ( 58.9.. 65.1) │  66.3 ( 65.3.. 68.1) │  58.6 ( 56.2.. 59.3)
   75 │  65.3 ( 64.3.. 65.6) │  63.6 ( 61.0.. 66.7) │  74.3 ( 71.5.. 76.5) │  63.3 ( 61.3.. 64.1)
   85 │  70.4 ( 69.1.. 72.0) │  69.9 ( 67.7.. 75.5) │  84.0 ( 80.8.. 85.2) │  72.9 ( 71.7.. 75.1)
   95 │  90.7 ( 85.8.. 92.5) │  87.2 ( 81.7.. 88.9) │  93.4 ( 92.4.. 94.5) │ 100.0 (100.0..100.0)

────────────────────────────────────────────────────────────────────────
Profile: PreviewV0_5BalancedV2    (V_22-mix LARGE + iwssim + V9 spline)
────────────────────────────────────────────────────────────────────────
  q   │              zenjpeg │              zenwebp │              zenavif │               zenjxl
──────┼──────────────────────┼──────────────────────┼──────────────────────┼──────────────────────
    5 │  24.2 ( 12.2.. 29.8) │  38.0 ( 27.0.. 44.3) │  -9.2 (-28.4.. 10.5) │  35.3 ( 22.6.. 41.8)
   15 │  25.9 ( 14.4.. 30.1) │  48.1 ( 41.1.. 53.0) │  22.0 ( -4.2.. 34.9) │  36.7 ( 26.5.. 41.6)
   25 │  48.8 ( 30.9.. 49.8) │  53.0 ( 48.2.. 60.5) │  38.7 ( 25.9.. 47.6) │  42.0 ( 30.7.. 51.7)
   35 │  54.3 ( 46.7.. 55.0) │  55.3 ( 53.5.. 63.6) │  50.1 ( 43.8.. 58.0) │  45.6 ( 36.0.. 55.2)
   45 │  57.1 ( 54.3.. 58.1) │  58.4 ( 55.3.. 65.1) │  54.3 ( 52.5.. 65.2) │  49.0 ( 44.5.. 56.5)
   55 │  58.4 ( 57.2.. 59.8) │  59.5 ( 57.1.. 66.4) │  58.7 ( 56.7.. 68.8) │  53.9 ( 50.1.. 58.6)
   65 │  61.8 ( 58.5.. 63.6) │  60.0 ( 58.1.. 67.0) │  65.5 ( 65.0.. 71.1) │  56.5 ( 55.5.. 62.0)
   75 │  67.4 ( 62.5.. 67.6) │  60.9 ( 60.2.. 68.0) │  73.4 ( 72.7.. 79.2) │  62.6 ( 59.6.. 66.8)
   85 │  73.4 ( 68.4.. 77.5) │  70.1 ( 67.8.. 73.7) │  81.6 ( 79.3.. 90.3) │  73.6 ( 72.8.. 76.8)
   95 │  92.5 ( 84.9.. 93.5) │  81.9 ( 80.3.. 84.9) │  93.7 ( 92.7.. 94.8) │ 100.2 (100.1..100.2)

────────────────────────────────────────────────────────────────────────
Profile: PreviewV0_5CompressionV2 (V_24-per-sample-α + V9 spline)
────────────────────────────────────────────────────────────────────────
  q   │              zenjpeg │              zenwebp │              zenavif │               zenjxl
──────┼──────────────────────┼──────────────────────┼──────────────────────┼──────────────────────
    5 │  34.1 ( 13.7.. 38.6) │  40.3 ( 26.8.. 51.5) │  -8.5 (-42.1.. 10.9) │  33.0 (-12.9.. 41.9)
   15 │  34.8 ( 18.1.. 39.6) │  48.9 ( 41.5.. 56.7) │  19.8 ( -9.8.. 43.5) │  35.3 ( 31.0.. 43.3)
   25 │  45.9 ( 44.3.. 52.4) │  54.0 ( 47.3.. 63.2) │  39.2 ( 21.2.. 54.3) │  41.1 ( 36.1.. 50.0)
   35 │  53.2 ( 51.8.. 56.2) │  56.8 ( 51.7.. 65.8) │  49.7 ( 32.8.. 61.7) │  46.1 ( 37.8.. 53.5)
   45 │  57.0 ( 55.0.. 59.8) │  59.0 ( 55.5.. 67.7) │  56.5 ( 49.7.. 65.6) │  49.9 ( 39.4.. 56.1)
   55 │  59.0 ( 56.8.. 61.2) │  59.6 ( 56.6.. 68.9) │  60.4 ( 55.9.. 70.8) │  54.5 ( 49.5.. 60.1)
   65 │  62.1 ( 59.1.. 63.4) │  60.7 ( 57.7.. 69.8) │  67.1 ( 62.0.. 75.8) │  58.1 ( 53.9.. 64.7)
   75 │  67.0 ( 64.1.. 70.0) │  63.3 ( 59.5.. 71.8) │  73.3 ( 71.5.. 82.5) │  63.2 ( 59.7.. 70.7)
   85 │  72.4 ( 70.1.. 75.1) │  71.7 ( 67.2.. 75.7) │  82.1 ( 79.4.. 92.2) │  72.7 ( 70.9.. 80.1)
   95 │  92.1 ( 90.3.. 92.9) │  85.1 ( 81.9.. 88.6) │  94.3 ( 92.6.. 94.5) │ 100.1 (100.1..100.1)

────────────────────────────────────────────────────────────────────────
Profile: PreviewV0_5TunerV2       (legacy V6 anchor + tanh-pin)
────────────────────────────────────────────────────────────────────────
  q   │              zenjpeg │              zenwebp │              zenavif │               zenjxl
──────┼──────────────────────┼──────────────────────┼──────────────────────┼──────────────────────
    5 │  30.2 ( 13.5.. 36.8) │  33.6 ( 29.5.. 36.8) │  13.4 (  8.3.. 14.6) │  26.8 ( 24.0.. 31.9)
   15 │  31.6 ( 12.7.. 36.2) │  42.3 ( 39.0.. 46.6) │  22.8 ( 15.0.. 23.5) │  28.8 ( 27.0.. 34.9)
   25 │  44.3 ( 25.5.. 50.1) │  50.0 ( 44.4.. 52.8) │  31.2 ( 26.7.. 34.9) │  32.3 ( 31.4.. 38.6)
   35 │  50.9 ( 36.6.. 56.8) │  55.1 ( 49.7.. 57.1) │  42.9 ( 39.7.. 47.0) │  38.2 ( 36.2.. 42.1)
   45 │  55.5 ( 47.0.. 60.3) │  59.4 ( 55.8.. 61.3) │  53.8 ( 52.1.. 57.7) │  45.1 ( 41.6.. 45.8)
   55 │  59.0 ( 53.4.. 63.0) │  61.7 ( 58.8.. 64.6) │  62.9 ( 61.7.. 65.7) │  50.0 ( 47.0.. 52.5)
   65 │  64.1 ( 58.6.. 64.9) │  64.2 ( 62.5.. 67.6) │  70.2 ( 68.8.. 71.5) │  60.2 ( 55.9.. 61.3)
   75 │  68.2 ( 66.2.. 69.9) │  66.7 ( 65.4.. 69.9) │  78.3 ( 75.8.. 79.7) │  66.6 ( 64.0.. 67.9)
   85 │  74.5 ( 73.2.. 75.5) │  73.4 ( 72.7.. 77.7) │  83.7 ( 82.8.. 84.3) │  77.0 ( 75.7.. 78.6)
   95 │  86.8 ( 84.8.. 88.0) │  85.8 ( 82.8.. 86.1) │  87.2 ( 86.7.. 88.1) │  90.2 ( 90.1.. 90.2)

────────────────────────────────────────────────────────────────────────
preview_stats_demo: complete in 19.76s
