MLP train (PER-SAMPLE-α): arch=[372 → 128 (LeakyReLU α=0.01) → (h · rank_w + rank_b) ⊕α(x) (pool[μ,σ,max,p_6] · reducer + b)], val_policy=Min
      train group 0: 'safesyn' n=196086 train_w=1.000 val_w=0.000
      train group 1: 'cid22_train' n=17611 train_w=0.500 val_w=0.000
anchor: ENABLED — 'jnd_anchor' n=22008 target_score=PER-ROW (V5 multi-band) step_p=0.300 weight=0.500
cross-codec-eq: ENABLED — 'cross_codec_eq' n=68788 step_p=0.100 weight=1.000
cross-codec-rank-preserve: ENABLED — w=0.200 (butter_diff present for 68788/68788 pairs)
dynamic-range-floor: ENABLED — w=0.300 σ_thresh=25.00 step_p=0.050 probe_n=40
konjnd-aggregation: ENABLED — 'konjnd_aggregation' rows=20160 refs=1008 S=5 K=8 step_p=0.100 weight=0.050
per_sample_alpha_head: ENABLED — α(x)=sigmoid(W_α·h + b_α), init W_α=0 b_α=0 → α=0.5 ∀x, K=32 sequential, NiN=off
tanh_output_head: ENABLED — y_score = 100·σ(y_pre/20.000) (active linear region y_pre∈[−3·scale, 3·scale])
monotone_cbc: ENABLED — soft sign-penalty (λ=1) during training + α≡1 every step + FINAL hard projection at every bake-emission (encoder≥0, head≤0, α≡1). Shipped bake is monotone-by-construction.
  epoch   0 | lr=0.00566 | loss=44.6396 | val(geomean3)=0.9124 (best=-inf) | α(x): μ=1.000 [min=1.000, max=1.000] | reducer_w=[μ=0.016,σ=0.959,max=0.016,p6=0.016] | safesyn: srocc=0.9658 plcc=0.9331 pwrc=0.9970 | cid22_train: srocc=0.8151 plcc=0.7987 pwrc=0.9768 | t=5.2s
  epoch  10 | lr=0.00512 | loss=33.1860 | val(geomean3)=0.9154 (best=0.9124) | α(x): μ=1.000 [min=1.000, max=1.000] | reducer_w=[μ=0.001,σ=-0.001,max=-0.000,p6=0.001] | safesyn: srocc=0.9694 plcc=0.9401 pwrc=0.9973 | cid22_train: srocc=0.8211 plcc=0.7993 pwrc=0.9765 | t=41.2s
  epoch  20 | lr=0.00370 | loss=32.0913 | val(geomean3)=0.9263 (best=0.9154) | α(x): μ=1.000 [min=1.000, max=1.000] | reducer_w=[μ=0.001,σ=-0.000,max=-0.004,p6=0.001] | safesyn: srocc=0.9728 plcc=0.9447 pwrc=0.9977 | cid22_train: srocc=0.8477 plcc=0.8228 pwrc=0.9810 | t=77.4s
  epoch  30 | lr=0.00196 | loss=28.0245 | val(geomean3)=0.9169 (best=0.9263) | α(x): μ=1.000 [min=1.000, max=1.000] | reducer_w=[μ=-0.001,σ=-0.001,max=-0.001,p6=-0.001] | safesyn: srocc=0.9688 plcc=0.9400 pwrc=0.9974 | cid22_train: srocc=0.8250 plcc=0.8029 pwrc=0.9781 | t=113.6s
  epoch  40 | lr=0.00054 | loss=25.3903 | val(geomean3)=0.9298 (best=0.9263) | α(x): μ=1.000 [min=1.000, max=1.000] | reducer_w=[μ=-0.000,σ=-0.001,max=-0.001,p6=-0.001] | safesyn: srocc=0.9738 plcc=0.9440 pwrc=0.9978 | cid22_train: srocc=0.8578 plcc=0.8306 pwrc=0.9829 | t=149.8s
  epoch  50 | lr=0.00566 | loss=77.6045 | val(geomean3)=0.9038 (best=0.9298) | α(x): μ=1.000 [min=1.000, max=1.000] | reducer_w=[μ=-0.001,σ=-0.001,max=0.000,p6=-0.003] | safesyn: srocc=0.9635 plcc=0.9159 pwrc=0.9628 | cid22_train: srocc=0.8156 plcc=0.7995 pwrc=0.9772 | t=185.0s
  epoch  60 | lr=0.00512 | loss=31.5371 | val(geomean3)=0.9198 (best=0.9298) | α(x): μ=1.000 [min=1.000, max=1.000] | reducer_w=[μ=0.004,σ=0.005,max=-0.005,p6=-0.005] | safesyn: srocc=0.9710 plcc=0.9487 pwrc=0.9976 | cid22_train: srocc=0.8297 plcc=0.8041 pwrc=0.9782 | t=221.2s
  epoch  70 | lr=0.00370 | loss=30.9198 | val(geomean3)=0.8972 (best=0.9298) | α(x): μ=1.000 [min=1.000, max=1.000] | reducer_w=[μ=0.000,σ=-0.005,max=0.008,p6=-0.000] | safesyn: srocc=0.9536 plcc=0.9232 pwrc=0.9616 | cid22_train: srocc=0.7948 plcc=0.7875 pwrc=0.9756 | t=257.4s
  epoch  80 | lr=0.00196 | loss=28.5693 | val(geomean3)=0.9282 (best=0.9298) | α(x): μ=1.000 [min=1.000, max=1.000] | reducer_w=[μ=0.000,σ=0.000,max=-0.002,p6=0.002] | safesyn: srocc=0.9745 plcc=0.9489 pwrc=0.9979 | cid22_train: srocc=0.8496 plcc=0.8251 pwrc=0.9818 | t=293.5s
  epoch  90 | lr=0.00054 | loss=24.5891 | val(geomean3)=0.9248 (best=0.9298) | α(x): μ=1.000 [min=1.000, max=1.000] | reducer_w=[μ=-0.001,σ=-0.001,max=-0.002,p6=-0.002] | safesyn: srocc=0.9679 plcc=0.9428 pwrc=0.9974 | cid22_train: srocc=0.8451 plcc=0.8226 pwrc=0.9821 | t=329.1s
  epoch 100 | lr=0.00566 | loss=36.4058 | val(geomean3)=0.9024 (best=0.9298) | α(x): μ=1.000 [min=1.000, max=1.000] | reducer_w=[μ=0.002,σ=0.000,max=-0.002,p6=0.002] | safesyn: srocc=0.9651 plcc=0.9287 pwrc=0.9634 | cid22_train: srocc=0.8093 plcc=0.7864 pwrc=0.9740 | t=364.0s
  epoch 110 | lr=0.00512 | loss=34.3055 | val(geomean3)=0.9090 (best=0.9298) | α(x): μ=1.000 [min=1.000, max=1.000] | reducer_w=[μ=0.000,σ=0.001,max=-0.004,p6=0.002] | safesyn: srocc=0.9618 plcc=0.9394 pwrc=0.9969 | cid22_train: srocc=0.8122 plcc=0.7799 pwrc=0.9770 | t=400.2s
  epoch 120 | lr=0.00370 | loss=28.9368 | val(geomean3)=0.9119 (best=0.9298) | α(x): μ=1.000 [min=1.000, max=1.000] | reducer_w=[μ=0.000,σ=-0.001,max=-0.004,p6=-0.002] | safesyn: srocc=0.9684 plcc=0.9462 pwrc=0.9974 | cid22_train: srocc=0.8082 plcc=0.7882 pwrc=0.9758 | t=436.3s
  epoch 130 | lr=0.00196 | loss=27.0754 | val(geomean3)=0.9173 (best=0.9298) | α(x): μ=1.000 [min=1.000, max=1.000] | reducer_w=[μ=0.000,σ=-0.002,max=0.006,p6=0.000] | safesyn: srocc=0.9643 plcc=0.9393 pwrc=0.9970 | cid22_train: srocc=0.8302 plcc=0.8060 pwrc=0.9777 | t=472.1s
  epoch 140 | lr=0.00054 | loss=24.8617 | val(geomean3)=0.9277 (best=0.9298) | α(x): μ=1.000 [min=1.000, max=1.000] | reducer_w=[μ=-0.000,σ=0.000,max=0.001,p6=-0.000] | safesyn: srocc=0.9663 plcc=0.9430 pwrc=0.9972 | cid22_train: srocc=0.8530 plcc=0.8319 pwrc=0.9830 | t=507.6s
  epoch 150 | lr=0.00566 | loss=36.1478 | val(geomean3)=0.8920 (best=0.9298) | α(x): μ=1.000 [min=1.000, max=1.000] | reducer_w=[μ=-0.000,σ=-0.004,max=0.034,p6=0.014] | safesyn: srocc=0.9546 plcc=0.9143 pwrc=0.9947 | cid22_train: srocc=0.7930 plcc=0.7420 pwrc=0.9718 | t=542.3s
  epoch 160 | lr=0.00512 | loss=30.5207 | val(geomean3)=0.8975 (best=0.9298) | α(x): μ=1.000 [min=1.000, max=1.000] | reducer_w=[μ=0.000,σ=-0.005,max=-0.015,p6=-0.015] | safesyn: srocc=0.9620 plcc=0.9392 pwrc=0.9968 | cid22_train: srocc=0.7812 plcc=0.7511 pwrc=0.9723 | t=578.4s
  epoch 170 | lr=0.00370 | loss=27.9919 | val(geomean3)=0.9067 (best=0.9298) | α(x): μ=1.000 [min=1.000, max=1.000] | reducer_w=[μ=-0.000,σ=0.002,max=0.003,p6=0.006] | safesyn: srocc=0.9686 plcc=0.9441 pwrc=0.9973 | cid22_train: srocc=0.7977 plcc=0.7735 pwrc=0.9734 | t=614.4s
  epoch 180 | lr=0.00196 | loss=25.3355 | val(geomean3)=0.9204 (best=0.9298) | α(x): μ=1.000 [min=1.000, max=1.000] | reducer_w=[μ=-0.001,σ=-0.000,max=0.004,p6=0.002] | safesyn: srocc=0.9687 plcc=0.9462 pwrc=0.9974 | cid22_train: srocc=0.8340 plcc=0.8082 pwrc=0.9776 | t=649.9s
  epoch 190 | lr=0.00054 | loss=25.1998 | val(geomean3)=0.9225 (best=0.9298) | α(x): μ=1.000 [min=1.000, max=1.000] | reducer_w=[μ=-0.000,σ=-0.001,max=-0.000,p6=-0.001] | safesyn: srocc=0.9699 plcc=0.9421 pwrc=0.9974 | cid22_train: srocc=0.8417 plcc=0.8139 pwrc=0.9794 | t=684.9s
  epoch 200 | lr=0.00566 | loss=37.2500 | val(geomean3)=0.9218 (best=0.9298) | α(x): μ=1.000 [min=1.000, max=1.000] | reducer_w=[μ=0.001,σ=0.001,max=-0.001,p6=-0.002] | safesyn: srocc=0.9735 plcc=0.9527 pwrc=0.9977 | cid22_train: srocc=0.8385 plcc=0.7995 pwrc=0.9797 | t=719.5s
  epoch 210 | lr=0.00512 | loss=30.9339 | val(geomean3)=0.9174 (best=0.9298) | α(x): μ=1.000 [min=1.000, max=1.000] | reducer_w=[μ=0.001,σ=0.002,max=0.009,p6=0.007] | safesyn: srocc=0.9686 plcc=0.9424 pwrc=0.9973 | cid22_train: srocc=0.8269 plcc=0.8026 pwrc=0.9773 | t=755.5s
  epoch 220 | lr=0.00370 | loss=29.3549 | val(geomean3)=0.9203 (best=0.9298) | α(x): μ=1.000 [min=1.000, max=1.000] | reducer_w=[μ=0.000,σ=-0.002,max=-0.001,p6=-0.003] | safesyn: srocc=0.9692 plcc=0.9450 pwrc=0.9974 | cid22_train: srocc=0.8326 plcc=0.8104 pwrc=0.9772 | t=791.2s
  epoch 230 | lr=0.00196 | loss=26.6860 | val(geomean3)=0.9243 (best=0.9298) | α(x): μ=1.000 [min=1.000, max=1.000] | reducer_w=[μ=-0.001,σ=0.000,max=-0.003,p6=-0.004] | safesyn: srocc=0.9736 plcc=0.9496 pwrc=0.9978 | cid22_train: srocc=0.8402 plcc=0.8146 pwrc=0.9795 | t=826.7s
  epoch 240 | lr=0.00054 | loss=24.6117 | val(geomean3)=0.9305 (best=0.9298) | α(x): μ=1.000 [min=1.000, max=1.000] | reducer_w=[μ=-0.000,σ=0.000,max=0.001,p6=0.001] | safesyn: srocc=0.9746 plcc=0.9489 pwrc=0.9979 | cid22_train: srocc=0.8579 plcc=0.8301 pwrc=0.9818 | t=861.5s
  epoch 250 | lr=0.00566 | loss=31.2413 | val(geomean3)=0.9186 (best=0.9305) | α(x): μ=1.000 [min=1.000, max=1.000] | reducer_w=[μ=-0.000,σ=-0.002,max=-0.009,p6=-0.010] | safesyn: srocc=0.9665 plcc=0.9419 pwrc=0.9970 | cid22_train: srocc=0.8317 plcc=0.8065 pwrc=0.9785 | t=895.9s
  epoch 260 | lr=0.00512 | loss=27.7678 | val(geomean3)=0.9250 (best=0.9305) | α(x): μ=1.000 [min=1.000, max=1.000] | reducer_w=[μ=-0.000,σ=0.001,max=-0.010,p6=-0.009] | safesyn: srocc=0.9726 plcc=0.9459 pwrc=0.9975 | cid22_train: srocc=0.8440 plcc=0.8184 pwrc=0.9806 | t=931.7s
  epoch 270 | lr=0.00370 | loss=28.4028 | val(geomean3)=0.9246 (best=0.9305) | α(x): μ=1.000 [min=1.000, max=1.000] | reducer_w=[μ=-0.001,σ=-0.001,max=-0.012,p6=-0.009] | safesyn: srocc=0.9727 plcc=0.9457 pwrc=0.9977 | cid22_train: srocc=0.8425 plcc=0.8178 pwrc=0.9802 | t=967.3s
  epoch 280 | lr=0.00196 | loss=24.9303 | val(geomean3)=0.9264 (best=0.9305) | α(x): μ=1.000 [min=1.000, max=1.000] | reducer_w=[μ=-0.000,σ=-0.000,max=0.009,p6=0.006] | safesyn: srocc=0.9723 plcc=0.9500 pwrc=0.9977 | cid22_train: srocc=0.8468 plcc=0.8201 pwrc=0.9801 | t=1002.3s
  epoch 290 | lr=0.00054 | loss=23.6502 | val(geomean3)=0.9319 (best=0.9305) | α(x): μ=1.000 [min=1.000, max=1.000] | reducer_w=[μ=-0.000,σ=-0.000,max=0.001,p6=0.001] | safesyn: srocc=0.9736 plcc=0.9447 pwrc=0.9977 | cid22_train: srocc=0.8642 plcc=0.8358 pwrc=0.9829 | t=1036.9s
  epoch 299 | lr=0.00001 | loss=23.8170 | val(geomean3)=0.9323 (best=0.9319) | α(x): μ=1.000 [min=1.000, max=1.000] | reducer_w=[μ=0.000,σ=0.000,max=0.000,p6=0.000] | safesyn: srocc=0.9742 plcc=0.9461 pwrc=0.9978 | cid22_train: srocc=0.8644 plcc=0.8361 pwrc=0.9827 | t=1067.7s
MLP train (PER-SAMPLE-α): best val SROCC = 0.9323 | final reducer_w=[μ=0.000,σ=0.000,max=0.000,p6=0.000] b_α=30.000
output calibration spline: 7 knots from 8 anchor bands
  pred=8.15 → target=0.0
  pred=39.36 → target=30.0
  pred=51.81 → target=50.0
  pred=61.38 → target=60.0
  pred=80.50 → target=80.0
  pred=84.98 → target=90.0
  pred=90.31 → target=100.0
re-baked with output calibration spline (261451 bytes)
