contamination_guard: /mnt/v/zen/zensim-training/canonical-2026-05-21/train/safesyn.parquet blocklist empty — row scan skipped
  safesyn: loaded 196086 pairs × 372 features from "/mnt/v/zen/zensim-training/canonical-2026-05-21/train/safesyn.parquet"
contamination_guard: /mnt/v/zen/zensim-training/canonical-2026-05-21/train/cid22_train.parquet blocklist empty — row scan skipped
  cid22_train: loaded 17611 pairs × 372 features from "/mnt/v/zen/zensim-training/canonical-2026-05-21/train/cid22_train.parquet"
Training: 2 groups, 372 features, MlpHyperparams { n_hidden: 128, n_epochs: 10, pairs_per_epoch: 50000, initial_lr: 0.00566, leaky_alpha: 0.01, seed: 17, log_every: 10, l2_lambda: 1e-5, early_stop_patience: 0, validation_policy: Min, val_aggregate: GeomeanSPP, low_q_boost: 1.0, mid_q_boost: 1.0, high_q_boost: 1.0, out_dtype: F32, feature_transforms: None, feature_transform_params: None, minibatch_size: 32, parallel_batch: true, pwrc_pair_weight: false, pwrc_sensory_threshold: 5.0, pwrc_band_weights: None, norm_in_norm_weight: 0.0, norm_in_norm_p: 1.0, norm_in_norm_q: 2.0, pool_head: false, hybrid_head: false, per_sample_alpha_head: true, skip_connection: false, n_hidden_layers: 1, mse_weight: 0.6, sigma_weighted_mse: false, ranknet_weight: 0.6, monotonicity_reg: 1.0, monotone_cbc: true, monotonicity_margin: 0.0, anchor_loss_weight: 0.0, anchor_target_score: 63.0, anchor_step_p: 0.1, cross_codec_eq_weight: 0.0, cross_codec_eq_step_p: 0.1, cross_codec_rank_preserve_weight: 0.0, dynamic_range_floor_weight: 0.0, dynamic_range_sigma_threshold: 15.0, dynamic_range_step_p: 0.05, dynamic_range_probe_n: 40, tanh_output_head_scale: 20.0, pjnd_passthrough_weight: 0.0, pjnd_passthrough_step_p: 0.3, pjnd_passthrough_target_score: 80.0, konjnd_aggregation_weight: 0.0, konjnd_aggregation_step_p: 0.3, konjnd_aggregation_samples_per_ref: 5, konjnd_aggregation_refs_per_step: 8 }
MLP train (PER-SAMPLE-α): arch=[372 → 128 (LeakyReLU α=0.01) → (h · rank_w + rank_b) ⊕α(x) (pool[μ,σ,max,p_6] · reducer + b)], val_policy=Min
      train group 0: 'safesyn' n=196086 train_w=1.000 val_w=0.000
      train group 1: 'cid22_train' n=17611 train_w=0.500 val_w=0.000
per_sample_alpha_head: ENABLED — α(x)=sigmoid(W_α·h + b_α), init W_α=0 b_α=0 → α=0.5 ∀x, K=32 sequential, NiN=off
tanh_output_head: ENABLED — y_score = 100·σ(y_pre/20.000) (active linear region y_pre∈[−3·scale, 3·scale])
monotone_cbc: ENABLED — soft sign-penalty (λ=1) during training + α≡1 every step + FINAL hard projection at every bake-emission (encoder≥0, head≤0, α≡1). Shipped bake is monotone-by-construction.
  epoch   0 | lr=0.00566 | loss=0.9387 | val(geomean3)=0.5312 (best=-inf) | α(x): μ=1.000 [min=1.000, max=1.000] | reducer_w=[μ=0.016,σ=0.961,max=0.016,p6=0.016] | safesyn: srocc=0.5667 plcc=0.5245 pwrc=0.7912 | cid22_train: srocc=0.2944 plcc=0.3983 pwrc=0.7529 | t=8.0s
  epoch   9 | lr=0.00522 | loss=0.7766 | val(geomean3)=0.5950 (best=0.5312) | α(x): μ=1.000 [min=1.000, max=1.000] | reducer_w=[μ=0.000,σ=0.000,max=0.001,p6=0.000] | safesyn: srocc=0.4666 plcc=0.2765 pwrc=0.4125 | cid22_train: srocc=0.7860 plcc=0.7385 pwrc=0.9285 | t=48.1s
MLP train (PER-SAMPLE-α): best val SROCC = 0.5950 | final reducer_w=[μ=0.000,σ=0.000,max=0.001,p6=0.000] b_α=30.000
Wrote 261351 bytes to "/mnt/v/output/zensim/bakes/v46c_no_konjnd_agg_seed17_2026-05-26.bin"
Wrote log (9 lines) to "/home/lilith/work/zen/zensim/benchmarks/v46c_no_konjnd_agg_seed17_2026-05-26.log"

--- bake_verdict (auto-eval) ---
bake_verdict — bake=/mnt/v/output/zensim/bakes/v46c_no_konjnd_agg_seed17_2026-05-26.bin  features-root=/mnt/v/zen/zensim-training/2026-05-15-full-features  corpora=cid22,kadid,tid,konjnd,aic3,aic4
bake: n_inputs=372  feature_transforms=no  per_sample_alpha_head=yes  hybrid_head=no
  CID22: loaded 4292 pairs × 372 features from "/mnt/v/zen/zensim-training/2026-05-15-full-features/cid22_features_372col_2026-05-15.parquet"
  KADIK10k: loaded 10125 pairs × 372 features from "/mnt/v/zen/zensim-training/2026-05-15-full-features/kadid_features_372col_2026-05-15.parquet"
  TID2013: loaded 3000 pairs × 372 features from "/mnt/v/zen/zensim-training/2026-05-15-full-features/tid_features_372col_2026-05-15.parquet"
  KonJND-1k (full): loaded 1008 pairs × 372 features from "/mnt/v/zen/zensim-training/2026-05-15-full-features/konjnd_features_372col_2026-05-15.parquet"
  AIC-3 CTC: loaded 600 pairs × 372 features from "/mnt/v/zen/zensim-training/2026-05-15-full-features/aic3_features_372col_2026-05-15.parquet"
  AIC-4 sample: loaded 300 pairs × 372 features from "/mnt/v/zen/zensim-training/2026-05-15-full-features/aic4_features_372col_2026-05-20.parquet"
wrote verdict to /mnt/v/output/zensim/bakes/v46c_no_konjnd_agg_seed17_2026-05-26.verdict.md
bake_verdict: complete in 13.99s
Verdict written to "/mnt/v/output/zensim/bakes/v46c_no_konjnd_agg_seed17_2026-05-26.verdict.md"
